# module sha256 7972e7a830fe5a503653abc3c5e3edbf8f983f6d232254f41e05432927905957
# cfg    sha256 241662c401b4dd728dd00e134fc317300bf0230728ca667a2b3fb30ec2fa4816
# flags  <deadlock checked> -simulate num=2000 -depth 20 2026-10-08T22:11:05+08:00
TLC2 Version 2026.10.06.014338 (rev: 94d0c50)
Running Random Simulation with seed -8200358880676582419 with 4 workers on 20 cores with 910MB heap and 64MB offheap memory [pid: 3484720] (Linux 5.15.0-139-generic amd64, Ubuntu 11.0.27 64bit).
Parsing file /home/purboo/project/pi-things/pi-dag/formal/a3/PiDagMerge.tla
Parsing file /tmp/tlc-709615312268615640/Naturals.tla (jar:file:/home/purboo/project/pi-things/pi-dag/formal/tla2tools.jar!/tla2sany/StandardModules/Naturals.tla)
Parsing file /tmp/tlc-709615312268615640/FiniteSets.tla (jar:file:/home/purboo/project/pi-things/pi-dag/formal/tla2tools.jar!/tla2sany/StandardModules/FiniteSets.tla)
Parsing file /tmp/tlc-709615312268615640/Sequences.tla (jar:file:/home/purboo/project/pi-things/pi-dag/formal/tla2tools.jar!/tla2sany/StandardModules/Sequences.tla)
Parsing file /tmp/tlc-709615312268615640/TLC.tla (jar:file:/home/purboo/project/pi-things/pi-dag/formal/tla2tools.jar!/tla2sany/StandardModules/TLC.tla)
Semantic processing of module Naturals
Semantic processing of module Sequences
Semantic processing of module FiniteSets
Semantic processing of module TLC
Semantic processing of module PiDagMerge
Linting of module PiDagMerge
Starting... (2026-10-08 22:11:05)
Computed 16 initial states...
Finished computing initial states: 16 distinct state generated at 2026-10-08 22:11:06.
Error: Invariant NoDeferredMerge is violated.
Error: The behavior up to this point is:
State 1: <Init line 313, col 9 to line 314, col 48 of module PiDagMerge>
/\ f = [ kind |-> (k0 :> "execution" @@ k1 :> "execution"),
  truth |->
      ( k0 :> (0 :> TRUE @@ 1 :> TRUE @@ 2 :> TRUE) @@
        k1 :> (0 :> FALSE @@ 1 :> TRUE @@ 2 :> TRUE) ),
  obs |->
      ( k0 :> (0 :> {} @@ 1 :> {} @@ 2 :> {}) @@
        k1 :> (0 :> {} @@ 1 :> {} @@ 2 :> {}) ),
  genesis |-> FALSE,
  conflict |-> {},
  lease |-> "none",
  hist |-> <<>>,
  ver |-> (k0 :> 0 @@ k1 :> 0),
  nodeObs |->
      ( k0 :> (0 :> {} @@ 1 :> {} @@ 2 :> {}) @@
        k1 :> (0 :> {} @@ 1 :> {} @@ 2 :> {}) ),
  trunk |-> (k0 :> 0 @@ k1 :> 0),
  epoch |-> 0,
  inputs |-> 0,
  blocks |-> {},
  reproduced |-> {},
  waivers |-> {},
  deferrals |-> {},
  stateW |-> {},
  queue |-> <<>>,
  done |-> {},
  eval |->
      ( k0 :> [ver |-> 0, epoch |-> 0, valid |-> FALSE, at |-> 0] @@
        k1 :> [ver |-> 0, epoch |-> 0, valid |-> FALSE, at |-> 0] ),
  receipts |-> <<>> ]
/\ x = [unused |-> TRUE]

State 2: <Next line 315, col 9 to line 317, col 38 of module PiDagMerge>
/\ f = [ kind |-> (k0 :> "execution" @@ k1 :> "execution"),
  truth |->
      ( k0 :> (0 :> TRUE @@ 1 :> TRUE @@ 2 :> TRUE) @@
        k1 :> (0 :> FALSE @@ 1 :> TRUE @@ 2 :> TRUE) ),
  obs |->
      ( k0 :> (0 :> {} @@ 1 :> {} @@ 2 :> {}) @@
        k1 :> (0 :> {} @@ 1 :> {} @@ 2 :> {}) ),
  genesis |-> FALSE,
  conflict |-> {},
  lease |-> "none",
  hist |-> <<>>,
  ver |-> (k0 :> 0 @@ k1 :> 0),
  nodeObs |->
      ( k0 :> (0 :> {} @@ 1 :> {} @@ 2 :> {}) @@
        k1 :> (0 :> {} @@ 1 :> {} @@ 2 :> {}) ),
  trunk |-> (k0 :> 0 @@ k1 :> 0),
  epoch |-> 0,
  inputs |-> 0,
  blocks |-> {},
  reproduced |-> {},
  waivers |-> {},
  deferrals |-> {},
  stateW |-> {},
  queue |-> <<k0>>,
  done |-> {},
  eval |->
      ( k0 :> [ver |-> 0, epoch |-> 0, valid |-> FALSE, at |-> 0] @@
        k1 :> [ver |-> 0, epoch |-> 0, valid |-> FALSE, at |-> 0] ),
  receipts |-> <<>> ]
/\ x = [unused |-> TRUE]

State 3: <Next line 315, col 9 to line 317, col 38 of module PiDagMerge>
/\ f = [ kind |-> (k0 :> "execution" @@ k1 :> "execution"),
  truth |->
      ( k0 :> (0 :> TRUE @@ 1 :> TRUE @@ 2 :> TRUE) @@
        k1 :> (0 :> FALSE @@ 1 :> TRUE @@ 2 :> TRUE) ),
  obs |->
      ( k0 :> (0 :> {} @@ 1 :> {} @@ 2 :> {}) @@
        k1 :> (0 :> {} @@ 1 :> {} @@ 2 :> {}) ),
  genesis |-> FALSE,
  conflict |-> {},
  lease |-> "none",
  hist |->
      << [ op |-> "edit",
           key |-> <<k0, 1>>,
           result |-> "none",
           rank |-> 0,
           accurate |-> FALSE,
           n |-> k0,
           kind |-> "execution",
           truth |-> TRUE ] >>,
  ver |-> (k0 :> 1 @@ k1 :> 0),
  nodeObs |->
      ( k0 :> (0 :> {} @@ 1 :> {} @@ 2 :> {}) @@
        k1 :> (0 :> {} @@ 1 :> {} @@ 2 :> {}) ),
  trunk |-> (k0 :> 0 @@ k1 :> 0),
  epoch |-> 0,
  inputs |-> 1,
  blocks |-> {},
  reproduced |-> {},
  waivers |-> {},
  deferrals |-> {},
  stateW |-> {},
  queue |-> <<k0>>,
  done |-> {},
  eval |->
      ( k0 :> [ver |-> 0, epoch |-> 0, valid |-> FALSE, at |-> 0] @@
        k1 :> [ver |-> 0, epoch |-> 0, valid |-> FALSE, at |-> 0] ),
  receipts |-> <<>> ]
/\ x = [unused |-> TRUE]

State 4: <Next line 315, col 9 to line 317, col 38 of module PiDagMerge>
/\ f = [ kind |-> (k0 :> "execution" @@ k1 :> "execution"),
  truth |->
      ( k0 :> (0 :> TRUE @@ 1 :> TRUE @@ 2 :> TRUE) @@
        k1 :> (0 :> FALSE @@ 1 :> TRUE @@ 2 :> TRUE) ),
  obs |->
      ( k0 :> (0 :> {} @@ 1 :> {} @@ 2 :> {}) @@
        k1 :> (0 :> {} @@ 1 :> {} @@ 2 :> {}) ),
  genesis |-> FALSE,
  conflict |-> {},
  lease |-> "none",
  hist |->
      << [ op |-> "edit",
           key |-> <<k0, 1>>,
           result |-> "none",
           rank |-> 0,
           accurate |-> FALSE,
           n |-> k0,
           kind |-> "execution",
           truth |-> TRUE ],
         [ op |-> "defer",
           key |-> <<k0, 1>>,
           result |-> "none",
           rank |-> 3,
           accurate |-> TRUE,
           n |-> k0,
           kind |-> "execution",
           truth |-> TRUE ] >>,
  ver |-> (k0 :> 1 @@ k1 :> 0),
  nodeObs |->
      ( k0 :> (0 :> {} @@ 1 :> {} @@ 2 :> {}) @@
        k1 :> (0 :> {} @@ 1 :> {} @@ 2 :> {}) ),
  trunk |-> (k0 :> 0 @@ k1 :> 0),
  epoch |-> 0,
  inputs |-> 2,
  blocks |-> {},
  reproduced |-> {},
  waivers |-> {},
  deferrals |-> {<<k0, 1>>},
  stateW |-> {},
  queue |-> <<k0>>,
  done |-> {},
  eval |->
      ( k0 :> [ver |-> 0, epoch |-> 0, valid |-> FALSE, at |-> 0] @@
        k1 :> [ver |-> 0, epoch |-> 0, valid |-> FALSE, at |-> 0] ),
  receipts |-> <<>> ]
/\ x = [unused |-> TRUE]

State 5: <Next line 315, col 9 to line 317, col 38 of module PiDagMerge>
/\ f = [ kind |-> (k0 :> "execution" @@ k1 :> "execution"),
  truth |->
      ( k0 :> (0 :> TRUE @@ 1 :> TRUE @@ 2 :> TRUE) @@
        k1 :> (0 :> FALSE @@ 1 :> TRUE @@ 2 :> TRUE) ),
  obs |->
      ( k0 :> (0 :> {} @@ 1 :> {"pass"} @@ 2 :> {}) @@
        k1 :> (0 :> {} @@ 1 :> {} @@ 2 :> {}) ),
  genesis |-> FALSE,
  conflict |-> {},
  lease |-> "none",
  hist |->
      << [ op |-> "edit",
           key |-> <<k0, 1>>,
           result |-> "none",
           rank |-> 0,
           accurate |-> FALSE,
           n |-> k0,
           kind |-> "execution",
           truth |-> TRUE ],
         [ op |-> "defer",
           key |-> <<k0, 1>>,
           result |-> "none",
           rank |-> 3,
           accurate |-> TRUE,
           n |-> k0,
           kind |-> "execution",
           truth |-> TRUE ],
         [ op |-> "observe",
           key |-> <<k0, 1>>,
           result |-> "pass",
           rank |-> 1,
           accurate |-> TRUE,
           n |-> k0,
           kind |-> "state",
           truth |-> TRUE ] >>,
  ver |-> (k0 :> 1 @@ k1 :> 0),
  nodeObs |->
      ( k0 :> (0 :> {} @@ 1 :> {} @@ 2 :> {}) @@
        k1 :> (0 :> {} @@ 1 :> {} @@ 2 :> {}) ),
  trunk |-> (k0 :> 0 @@ k1 :> 0),
  epoch |-> 0,
  inputs |-> 3,
  blocks |-> {},
  reproduced |-> {},
  waivers |-> {},
  deferrals |-> {<<k0, 1>>},
  stateW |-> {},
  queue |-> <<k0>>,
  done |-> {},
  eval |->
      ( k0 :> [ver |-> 0, epoch |-> 0, valid |-> FALSE, at |-> 0] @@
        k1 :> [ver |-> 0, epoch |-> 0, valid |-> FALSE, at |-> 0] ),
  receipts |-> <<>> ]
/\ x = [unused |-> TRUE]

State 6: <Next line 315, col 9 to line 317, col 38 of module PiDagMerge>
/\ f = [ kind |-> (k0 :> "execution" @@ k1 :> "execution"),
  truth |->
      ( k0 :> (0 :> TRUE @@ 1 :> TRUE @@ 2 :> TRUE) @@
        k1 :> (0 :> FALSE @@ 1 :> TRUE @@ 2 :> TRUE) ),
  obs |->
      ( k0 :> (0 :> {} @@ 1 :> {"pass"} @@ 2 :> {}) @@
        k1 :> (0 :> {} @@ 1 :> {} @@ 2 :> {}) ),
  genesis |-> FALSE,
  conflict |-> {},
  lease |-> "none",
  hist |->
      << [ op |-> "edit",
           key |-> <<k0, 1>>,
           result |-> "none",
           rank |-> 0,
           accurate |-> FALSE,
           n |-> k0,
           kind |-> "execution",
           truth |-> TRUE ],
         [ op |-> "defer",
           key |-> <<k0, 1>>,
           result |-> "none",
           rank |-> 3,
           accurate |-> TRUE,
           n |-> k0,
           kind |-> "execution",
           truth |-> TRUE ],
         [ op |-> "observe",
           key |-> <<k0, 1>>,
           result |-> "pass",
           rank |-> 1,
           accurate |-> TRUE,
           n |-> k0,
           kind |-> "state",
           truth |-> TRUE ],
         [ op |-> "observe",
           key |-> <<k0, 1>>,
           result |-> "pass",
           rank |-> 1,
           accurate |-> FALSE,
           n |-> k0,
           kind |-> "execution",
           truth |-> TRUE ] >>,
  ver |-> (k0 :> 1 @@ k1 :> 0),
  nodeObs |->
      ( k0 :> (0 :> {} @@ 1 :> {"pass"} @@ 2 :> {}) @@
        k1 :> (0 :> {} @@ 1 :> {} @@ 2 :> {}) ),
  trunk |-> (k0 :> 0 @@ k1 :> 0),
  epoch |-> 0,
  inputs |-> 4,
  blocks |-> {},
  reproduced |-> {},
  waivers |-> {},
  deferrals |-> {<<k0, 1>>},
  stateW |-> {},
  queue |-> <<k0>>,
  done |-> {},
  eval |->
      ( k0 :> [ver |-> 0, epoch |-> 0, valid |-> FALSE, at |-> 0] @@
        k1 :> [ver |-> 0, epoch |-> 0, valid |-> FALSE, at |-> 0] ),
  receipts |-> <<>> ]
/\ x = [unused |-> TRUE]

State 7: <Next line 315, col 9 to line 317, col 38 of module PiDagMerge>
/\ f = [ kind |-> (k0 :> "execution" @@ k1 :> "execution"),
  truth |->
      ( k0 :> (0 :> TRUE @@ 1 :> TRUE @@ 2 :> TRUE) @@
        k1 :> (0 :> FALSE @@ 1 :> TRUE @@ 2 :> TRUE) ),
  obs |->
      ( k0 :> (0 :> {} @@ 1 :> {"pass"} @@ 2 :> {}) @@
        k1 :> (0 :> {} @@ 1 :> {} @@ 2 :> {}) ),
  genesis |-> FALSE,
  conflict |-> {},
  lease |-> "none",
  hist |->
      << [ op |-> "edit",
           key |-> <<k0, 1>>,
           result |-> "none",
           rank |-> 0,
           accurate |-> FALSE,
           n |-> k0,
           kind |-> "execution",
           truth |-> TRUE ],
         [ op |-> "defer",
           key |-> <<k0, 1>>,
           result |-> "none",
           rank |-> 3,
           accurate |-> TRUE,
           n |-> k0,
           kind |-> "execution",
           truth |-> TRUE ],
         [ op |-> "observe",
           key |-> <<k0, 1>>,
           result |-> "pass",
           rank |-> 1,
           accurate |-> TRUE,
           n |-> k0,
           kind |-> "state",
           truth |-> TRUE ],
         [ op |-> "observe",
           key |-> <<k0, 1>>,
           result |-> "pass",
           rank |-> 1,
           accurate |-> FALSE,
           n |-> k0,
           kind |-> "execution",
           truth |-> TRUE ],
         [ op |-> "observe",
           key |-> <<k1, 0>>,
           result |-> "pass",
           rank |-> 2,
           accurate |-> FALSE,
           n |-> k1,
           kind |-> "execution",
           truth |-> FALSE ] >>,
  ver |-> (k0 :> 1 @@ k1 :> 0),
  nodeObs |->
      ( k0 :> (0 :> {} @@ 1 :> {"pass"} @@ 2 :> {}) @@
        k1 :> (0 :> {"pass"} @@ 1 :> {} @@ 2 :> {}) ),
  trunk |-> (k0 :> 0 @@ k1 :> 0),
  epoch |-> 0,
  inputs |-> 5,
  blocks |-> {},
  reproduced |-> {},
  waivers |-> {},
  deferrals |-> {<<k0, 1>>},
  stateW |-> {},
  queue |-> <<k0>>,
  done |-> {},
  eval |->
      ( k0 :> [ver |-> 0, epoch |-> 0, valid |-> FALSE, at |-> 0] @@
        k1 :> [ver |-> 0, epoch |-> 0, valid |-> FALSE, at |-> 0] ),
  receipts |-> <<>> ]
/\ x = [unused |-> TRUE]

State 8: <Next line 315, col 9 to line 317, col 38 of module PiDagMerge>
/\ f = [ kind |-> (k0 :> "execution" @@ k1 :> "execution"),
  truth |->
      ( k0 :> (0 :> TRUE @@ 1 :> TRUE @@ 2 :> TRUE) @@
        k1 :> (0 :> FALSE @@ 1 :> TRUE @@ 2 :> TRUE) ),
  obs |->
      ( k0 :> (0 :> {} @@ 1 :> {"pass"} @@ 2 :> {}) @@
        k1 :> (0 :> {} @@ 1 :> {} @@ 2 :> {}) ),
  genesis |-> FALSE,
  conflict |-> {},
  lease |-> "none",
  hist |->
      << [ op |-> "edit",
           key |-> <<k0, 1>>,
           result |-> "none",
           rank |-> 0,
           accurate |-> FALSE,
           n |-> k0,
           kind |-> "execution",
           truth |-> TRUE ],
         [ op |-> "defer",
           key |-> <<k0, 1>>,
           result |-> "none",
           rank |-> 3,
           accurate |-> TRUE,
           n |-> k0,
           kind |-> "execution",
           truth |-> TRUE ],
         [ op |-> "observe",
           key |-> <<k0, 1>>,
           result |-> "pass",
           rank |-> 1,
           accurate |-> TRUE,
           n |-> k0,
           kind |-> "state",
           truth |-> TRUE ],
         [ op |-> "observe",
           key |-> <<k0, 1>>,
           result |-> "pass",
           rank |-> 1,
           accurate |-> FALSE,
           n |-> k0,
           kind |-> "execution",
           truth |-> TRUE ],
         [ op |-> "observe",
           key |-> <<k1, 0>>,
           result |-> "pass",
           rank |-> 2,
           accurate |-> FALSE,
           n |-> k1,
           kind |-> "execution",
           truth |-> FALSE ],
         [ op |-> "observe",
           key |-> <<k0, 1>>,
           result |-> "pass",
           rank |-> 1,
           accurate |-> TRUE,
           n |-> k0,
           kind |-> "execution",
           truth |-> TRUE ] >>,
  ver |-> (k0 :> 1 @@ k1 :> 0),
  nodeObs |->
      ( k0 :> (0 :> {} @@ 1 :> {"pass"} @@ 2 :> {}) @@
        k1 :> (0 :> {"pass"} @@ 1 :> {} @@ 2 :> {}) ),
  trunk |-> (k0 :> 0 @@ k1 :> 0),
  epoch |-> 0,
  inputs |-> 6,
  blocks |-> {},
  reproduced |-> {},
  waivers |-> {},
  deferrals |-> {<<k0, 1>>},
  stateW |-> {},
  queue |-> <<k0>>,
  done |-> {},
  eval |->
      ( k0 :> [ver |-> 0, epoch |-> 0, valid |-> FALSE, at |-> 0] @@
        k1 :> [ver |-> 0, epoch |-> 0, valid |-> FALSE, at |-> 0] ),
  receipts |-> <<>> ]
/\ x = [unused |-> TRUE]

State 9: <Next line 315, col 9 to line 317, col 38 of module PiDagMerge>
/\ f = [ kind |-> (k0 :> "execution" @@ k1 :> "execution"),
  truth |->
      ( k0 :> (0 :> TRUE @@ 1 :> TRUE @@ 2 :> TRUE) @@
        k1 :> (0 :> FALSE @@ 1 :> TRUE @@ 2 :> TRUE) ),
  obs |->
      ( k0 :> (0 :> {} @@ 1 :> {"pass"} @@ 2 :> {}) @@
        k1 :> (0 :> {} @@ 1 :> {} @@ 2 :> {}) ),
  genesis |-> FALSE,
  conflict |-> {},
  lease |-> "none",
  hist |->
      << [ op |-> "edit",
           key |-> <<k0, 1>>,
           result |-> "none",
           rank |-> 0,
           accurate |-> FALSE,
           n |-> k0,
           kind |-> "execution",
           truth |-> TRUE ],
         [ op |-> "defer",
           key |-> <<k0, 1>>,
           result |-> "none",
           rank |-> 3,
           accurate |-> TRUE,
           n |-> k0,
           kind |-> "execution",
           truth |-> TRUE ],
         [ op |-> "observe",
           key |-> <<k0, 1>>,
           result |-> "pass",
           rank |-> 1,
           accurate |-> TRUE,
           n |-> k0,
           kind |-> "state",
           truth |-> TRUE ],
         [ op |-> "observe",
           key |-> <<k0, 1>>,
           result |-> "pass",
           rank |-> 1,
           accurate |-> FALSE,
           n |-> k0,
           kind |-> "execution",
           truth |-> TRUE ],
         [ op |-> "observe",
           key |-> <<k1, 0>>,
           result |-> "pass",
           rank |-> 2,
           accurate |-> FALSE,
           n |-> k1,
           kind |-> "execution",
           truth |-> FALSE ],
         [ op |-> "observe",
           key |-> <<k0, 1>>,
           result |-> "pass",
           rank |-> 1,
           accurate |-> TRUE,
           n |-> k0,
           kind |-> "execution",
           truth |-> TRUE ],
         [ op |-> "observe",
           key |-> <<k0, 1>>,
           result |-> "pass",
           rank |-> 1,
           accurate |-> TRUE,
           n |-> k0,
           kind |-> "execution",
           truth |-> TRUE ] >>,
  ver |-> (k0 :> 1 @@ k1 :> 0),
  nodeObs |->
      ( k0 :> (0 :> {} @@ 1 :> {"pass"} @@ 2 :> {}) @@
        k1 :> (0 :> {"pass"} @@ 1 :> {} @@ 2 :> {}) ),
  trunk |-> (k0 :> 0 @@ k1 :> 0),
  epoch |-> 0,
  inputs |-> 7,
  blocks |-> {},
  reproduced |-> {},
  waivers |-> {},
  deferrals |-> {<<k0, 1>>},
  stateW |-> {},
  queue |-> <<k0>>,
  done |-> {},
  eval |->
      ( k0 :> [ver |-> 0, epoch |-> 0, valid |-> FALSE, at |-> 0] @@
        k1 :> [ver |-> 0, epoch |-> 0, valid |-> FALSE, at |-> 0] ),
  receipts |-> <<>> ]
/\ x = [unused |-> TRUE]

State 10: <Next line 315, col 9 to line 317, col 38 of module PiDagMerge>
/\ f = [ kind |-> (k0 :> "execution" @@ k1 :> "execution"),
  truth |->
      ( k0 :> (0 :> TRUE @@ 1 :> TRUE @@ 2 :> TRUE) @@
        k1 :> (0 :> FALSE @@ 1 :> TRUE @@ 2 :> TRUE) ),
  obs |->
      ( k0 :> (0 :> {} @@ 1 :> {"pass"} @@ 2 :> {}) @@
        k1 :> (0 :> {} @@ 1 :> {} @@ 2 :> {}) ),
  genesis |-> FALSE,
  conflict |-> {},
  lease |-> "none",
  hist |->
      << [ op |-> "edit",
           key |-> <<k0, 1>>,
           result |-> "none",
           rank |-> 0,
           accurate |-> FALSE,
           n |-> k0,
           kind |-> "execution",
           truth |-> TRUE ],
         [ op |-> "defer",
           key |-> <<k0, 1>>,
           result |-> "none",
           rank |-> 3,
           accurate |-> TRUE,
           n |-> k0,
           kind |-> "execution",
           truth |-> TRUE ],
         [ op |-> "observe",
           key |-> <<k0, 1>>,
           result |-> "pass",
           rank |-> 1,
           accurate |-> TRUE,
           n |-> k0,
           kind |-> "state",
           truth |-> TRUE ],
         [ op |-> "observe",
           key |-> <<k0, 1>>,
           result |-> "pass",
           rank |-> 1,
           accurate |-> FALSE,
           n |-> k0,
           kind |-> "execution",
           truth |-> TRUE ],
         [ op |-> "observe",
           key |-> <<k1, 0>>,
           result |-> "pass",
           rank |-> 2,
           accurate |-> FALSE,
           n |-> k1,
           kind |-> "execution",
           truth |-> FALSE ],
         [ op |-> "observe",
           key |-> <<k0, 1>>,
           result |-> "pass",
           rank |-> 1,
           accurate |-> TRUE,
           n |-> k0,
           kind |-> "execution",
           truth |-> TRUE ],
         [ op |-> "observe",
           key |-> <<k0, 1>>,
           result |-> "pass",
           rank |-> 1,
           accurate |-> TRUE,
           n |-> k0,
           kind |-> "execution",
           truth |-> TRUE ],
         [ op |-> "observe",
           key |-> <<k1, 0>>,
           result |-> "fail",
           rank |-> 2,
           accurate |-> FALSE,
           n |-> k1,
           kind |-> "execution",
           truth |-> FALSE ] >>,
  ver |-> (k0 :> 1 @@ k1 :> 0),
  nodeObs |->
      ( k0 :> (0 :> {} @@ 1 :> {"pass"} @@ 2 :> {}) @@
        k1 :> (0 :> {"fail", "pass"} @@ 1 :> {} @@ 2 :> {}) ),
  trunk |-> (k0 :> 0 @@ k1 :> 0),
  epoch |-> 0,
  inputs |-> 8,
  blocks |-> {8},
  reproduced |-> {},
  waivers |-> {},
  deferrals |-> {<<k0, 1>>},
  stateW |-> {},
  queue |-> <<k0>>,
  done |-> {},
  eval |->
      ( k0 :> [ver |-> 0, epoch |-> 0, valid |-> FALSE, at |-> 0] @@
        k1 :> [ver |-> 0, epoch |-> 0, valid |-> FALSE, at |-> 0] ),
  receipts |-> <<>> ]
/\ x = [unused |-> TRUE]

State 11: <Next line 315, col 9 to line 317, col 38 of module PiDagMerge>
/\ f = [ kind |-> (k0 :> "execution" @@ k1 :> "execution"),
  truth |->
      ( k0 :> (0 :> TRUE @@ 1 :> TRUE @@ 2 :> TRUE) @@
        k1 :> (0 :> FALSE @@ 1 :> TRUE @@ 2 :> TRUE) ),
  obs |->
      ( k0 :> (0 :> {"pass"} @@ 1 :> {"pass"} @@ 2 :> {}) @@
        k1 :> (0 :> {"fail"} @@ 1 :> {} @@ 2 :> {}) ),
  genesis |-> TRUE,
  conflict |-> {},
  lease |-> "none",
  hist |->
      << [ op |-> "edit",
           key |-> <<k0, 1>>,
           result |-> "none",
           rank |-> 0,
           accurate |-> FALSE,
           n |-> k0,
           kind |-> "execution",
           truth |-> TRUE ],
         [ op |-> "defer",
           key |-> <<k0, 1>>,
           result |-> "none",
           rank |-> 3,
           accurate |-> TRUE,
           n |-> k0,
           kind |-> "execution",
           truth |-> TRUE ],
         [ op |-> "observe",
           key |-> <<k0, 1>>,
           result |-> "pass",
           rank |-> 1,
           accurate |-> TRUE,
           n |-> k0,
           kind |-> "state",
           truth |-> TRUE ],
         [ op |-> "observe",
           key |-> <<k0, 1>>,
           result |-> "pass",
           rank |-> 1,
           accurate |-> FALSE,
           n |-> k0,
           kind |-> "execution",
           truth |-> TRUE ],
         [ op |-> "observe",
           key |-> <<k1, 0>>,
           result |-> "pass",
           rank |-> 2,
           accurate |-> FALSE,
           n |-> k1,
           kind |-> "execution",
           truth |-> FALSE ],
         [ op |-> "observe",
           key |-> <<k0, 1>>,
           result |-> "pass",
           rank |-> 1,
           accurate |-> TRUE,
           n |-> k0,
           kind |-> "execution",
           truth |-> TRUE ],
         [ op |-> "observe",
           key |-> <<k0, 1>>,
           result |-> "pass",
           rank |-> 1,
           accurate |-> TRUE,
           n |-> k0,
           kind |-> "execution",
           truth |-> TRUE ],
         [ op |-> "observe",
           key |-> <<k1, 0>>,
           result |-> "fail",
           rank |-> 2,
           accurate |-> FALSE,
           n |-> k1,
           kind |-> "execution",
           truth |-> FALSE ],
         [ op |-> "genesis",
           key |-> <<k0, 0>>,
           result |-> "none",
           rank |-> 2,
           accurate |-> TRUE,
           n |-> k0,
           kind |-> "execution",
           truth |-> TRUE ] >>,
  ver |-> (k0 :> 1 @@ k1 :> 0),
  nodeObs |->
      ( k0 :> (0 :> {} @@ 1 :> {"pass"} @@ 2 :> {}) @@
        k1 :> (0 :> {"fail", "pass"} @@ 1 :> {} @@ 2 :> {}) ),
  trunk |-> (k0 :> 0 @@ k1 :> 0),
  epoch |-> 0,
  inputs |-> 8,
  blocks |-> {8},
  reproduced |-> {},
  waivers |-> {},
  deferrals |-> {<<k0, 1>>},
  stateW |-> {},
  queue |-> <<k0>>,
  done |-> {},
  eval |->
      ( k0 :> [ver |-> 0, epoch |-> 0, valid |-> FALSE, at |-> 0] @@
        k1 :> [ver |-> 0, epoch |-> 0, valid |-> FALSE, at |-> 0] ),
  receipts |-> <<>> ]
/\ x = [unused |-> TRUE]

State 12: <Next line 315, col 9 to line 317, col 38 of module PiDagMerge>
/\ f = [ kind |-> (k0 :> "execution" @@ k1 :> "execution"),
  truth |->
      ( k0 :> (0 :> TRUE @@ 1 :> TRUE @@ 2 :> TRUE) @@
        k1 :> (0 :> FALSE @@ 1 :> TRUE @@ 2 :> TRUE) ),
  obs |->
      ( k0 :> (0 :> {"pass"} @@ 1 :> {"pass"} @@ 2 :> {}) @@
        k1 :> (0 :> {"fail"} @@ 1 :> {} @@ 2 :> {}) ),
  genesis |-> TRUE,
  conflict |-> {},
  lease |-> "none",
  hist |->
      << [ op |-> "edit",
           key |-> <<k0, 1>>,
           result |-> "none",
           rank |-> 0,
           accurate |-> FALSE,
           n |-> k0,
           kind |-> "execution",
           truth |-> TRUE ],
         [ op |-> "defer",
           key |-> <<k0, 1>>,
           result |-> "none",
           rank |-> 3,
           accurate |-> TRUE,
           n |-> k0,
           kind |-> "execution",
           truth |-> TRUE ],
         [ op |-> "observe",
           key |-> <<k0, 1>>,
           result |-> "pass",
           rank |-> 1,
           accurate |-> TRUE,
           n |-> k0,
           kind |-> "state",
           truth |-> TRUE ],
         [ op |-> "observe",
           key |-> <<k0, 1>>,
           result |-> "pass",
           rank |-> 1,
           accurate |-> FALSE,
           n |-> k0,
           kind |-> "execution",
           truth |-> TRUE ],
         [ op |-> "observe",
           key |-> <<k1, 0>>,
           result |-> "pass",
           rank |-> 2,
           accurate |-> FALSE,
           n |-> k1,
           kind |-> "execution",
           truth |-> FALSE ],
         [ op |-> "observe",
           key |-> <<k0, 1>>,
           result |-> "pass",
           rank |-> 1,
           accurate |-> TRUE,
           n |-> k0,
           kind |-> "execution",
           truth |-> TRUE ],
         [ op |-> "observe",
           key |-> <<k0, 1>>,
           result |-> "pass",
           rank |-> 1,
           accurate |-> TRUE,
           n |-> k0,
           kind |-> "execution",
           truth |-> TRUE ],
         [ op |-> "observe",
           key |-> <<k1, 0>>,
           result |-> "fail",
           rank |-> 2,
           accurate |-> FALSE,
           n |-> k1,
           kind |-> "execution",
           truth |-> FALSE ],
         [ op |-> "genesis",
           key |-> <<k0, 0>>,
           result |-> "none",
           rank |-> 2,
           accurate |-> TRUE,
           n |-> k0,
           kind |-> "execution",
           truth |-> TRUE ] >>,
  ver |-> (k0 :> 1 @@ k1 :> 0),
  nodeObs |->
      ( k0 :> (0 :> {} @@ 1 :> {"pass"} @@ 2 :> {}) @@
        k1 :> (0 :> {"fail", "pass"} @@ 1 :> {} @@ 2 :> {}) ),
  trunk |-> (k0 :> 0 @@ k1 :> 0),
  epoch |-> 0,
  inputs |-> 8,
  blocks |-> {8},
  reproduced |-> {},
  waivers |-> {},
  deferrals |-> {<<k0, 1>>},
  stateW |-> {},
  queue |-> <<k0, k1>>,
  done |-> {},
  eval |->
      ( k0 :> [ver |-> 0, epoch |-> 0, valid |-> FALSE, at |-> 0] @@
        k1 :> [ver |-> 0, epoch |-> 0, valid |-> FALSE, at |-> 0] ),
  receipts |-> <<>> ]
/\ x = [unused |-> TRUE]

State 13: <Next line 315, col 9 to line 317, col 38 of module PiDagMerge>
/\ f = [ kind |-> (k0 :> "execution" @@ k1 :> "execution"),
  truth |->
      ( k0 :> (0 :> TRUE @@ 1 :> TRUE @@ 2 :> TRUE) @@
        k1 :> (0 :> FALSE @@ 1 :> TRUE @@ 2 :> TRUE) ),
  obs |->
      ( k0 :> (0 :> {"pass"} @@ 1 :> {"pass"} @@ 2 :> {}) @@
        k1 :> (0 :> {"fail"} @@ 1 :> {} @@ 2 :> {}) ),
  genesis |-> TRUE,
  conflict |-> {},
  lease |-> "none",
  hist |->
      << [ op |-> "edit",
           key |-> <<k0, 1>>,
           result |-> "none",
           rank |-> 0,
           accurate |-> FALSE,
           n |-> k0,
           kind |-> "execution",
           truth |-> TRUE ],
         [ op |-> "defer",
           key |-> <<k0, 1>>,
           result |-> "none",
           rank |-> 3,
           accurate |-> TRUE,
           n |-> k0,
           kind |-> "execution",
           truth |-> TRUE ],
         [ op |-> "observe",
           key |-> <<k0, 1>>,
           result |-> "pass",
           rank |-> 1,
           accurate |-> TRUE,
           n |-> k0,
           kind |-> "state",
           truth |-> TRUE ],
         [ op |-> "observe",
           key |-> <<k0, 1>>,
           result |-> "pass",
           rank |-> 1,
           accurate |-> FALSE,
           n |-> k0,
           kind |-> "execution",
           truth |-> TRUE ],
         [ op |-> "observe",
           key |-> <<k1, 0>>,
           result |-> "pass",
           rank |-> 2,
           accurate |-> FALSE,
           n |-> k1,
           kind |-> "execution",
           truth |-> FALSE ],
         [ op |-> "observe",
           key |-> <<k0, 1>>,
           result |-> "pass",
           rank |-> 1,
           accurate |-> TRUE,
           n |-> k0,
           kind |-> "execution",
           truth |-> TRUE ],
         [ op |-> "observe",
           key |-> <<k0, 1>>,
           result |-> "pass",
           rank |-> 1,
           accurate |-> TRUE,
           n |-> k0,
           kind |-> "execution",
           truth |-> TRUE ],
         [ op |-> "observe",
           key |-> <<k1, 0>>,
           result |-> "fail",
           rank |-> 2,
           accurate |-> FALSE,
           n |-> k1,
           kind |-> "execution",
           truth |-> FALSE ],
         [ op |-> "genesis",
           key |-> <<k0, 0>>,
           result |-> "none",
           rank |-> 2,
           accurate |-> TRUE,
           n |-> k0,
           kind |-> "execution",
           truth |-> TRUE ] >>,
  ver |-> (k0 :> 1 @@ k1 :> 0),
  nodeObs |->
      ( k0 :> (0 :> {} @@ 1 :> {"pass"} @@ 2 :> {}) @@
        k1 :> (0 :> {"fail", "pass"} @@ 1 :> {} @@ 2 :> {}) ),
  trunk |-> (k0 :> 0 @@ k1 :> 0),
  epoch |-> 0,
  inputs |-> 8,
  blocks |-> {8},
  reproduced |-> {},
  waivers |-> {},
  deferrals |-> {<<k0, 1>>},
  stateW |-> {},
  queue |-> <<k0>>,
  done |-> {k1},
  eval |->
      ( k0 :> [ver |-> 0, epoch |-> 0, valid |-> FALSE, at |-> 0] @@
        k1 :> [ver |-> 0, epoch |-> 0, valid |-> FALSE, at |-> 0] ),
  receipts |-> <<>> ]
/\ x = [unused |-> TRUE]

State 14: <Next line 315, col 9 to line 317, col 38 of module PiDagMerge>
/\ f = [ kind |-> (k0 :> "execution" @@ k1 :> "execution"),
  truth |->
      ( k0 :> (0 :> TRUE @@ 1 :> TRUE @@ 2 :> TRUE) @@
        k1 :> (0 :> FALSE @@ 1 :> TRUE @@ 2 :> TRUE) ),
  obs |->
      ( k0 :> (0 :> {"pass"} @@ 1 :> {"pass"} @@ 2 :> {}) @@
        k1 :> (0 :> {"fail"} @@ 1 :> {} @@ 2 :> {}) ),
  genesis |-> TRUE,
  conflict |-> {},
  lease |-> "none",
  hist |->
      << [ op |-> "edit",
           key |-> <<k0, 1>>,
           result |-> "none",
           rank |-> 0,
           accurate |-> FALSE,
           n |-> k0,
           kind |-> "execution",
           truth |-> TRUE ],
         [ op |-> "defer",
           key |-> <<k0, 1>>,
           result |-> "none",
           rank |-> 3,
           accurate |-> TRUE,
           n |-> k0,
           kind |-> "execution",
           truth |-> TRUE ],
         [ op |-> "observe",
           key |-> <<k0, 1>>,
           result |-> "pass",
           rank |-> 1,
           accurate |-> TRUE,
           n |-> k0,
           kind |-> "state",
           truth |-> TRUE ],
         [ op |-> "observe",
           key |-> <<k0, 1>>,
           result |-> "pass",
           rank |-> 1,
           accurate |-> FALSE,
           n |-> k0,
           kind |-> "execution",
           truth |-> TRUE ],
         [ op |-> "observe",
           key |-> <<k1, 0>>,
           result |-> "pass",
           rank |-> 2,
           accurate |-> FALSE,
           n |-> k1,
           kind |-> "execution",
           truth |-> FALSE ],
         [ op |-> "observe",
           key |-> <<k0, 1>>,
           result |-> "pass",
           rank |-> 1,
           accurate |-> TRUE,
           n |-> k0,
           kind |-> "execution",
           truth |-> TRUE ],
         [ op |-> "observe",
           key |-> <<k0, 1>>,
           result |-> "pass",
           rank |-> 1,
           accurate |-> TRUE,
           n |-> k0,
           kind |-> "execution",
           truth |-> TRUE ],
         [ op |-> "observe",
           key |-> <<k1, 0>>,
           result |-> "fail",
           rank |-> 2,
           accurate |-> FALSE,
           n |-> k1,
           kind |-> "execution",
           truth |-> FALSE ],
         [ op |-> "genesis",
           key |-> <<k0, 0>>,
           result |-> "none",
           rank |-> 2,
           accurate |-> TRUE,
           n |-> k0,
           kind |-> "execution",
           truth |-> TRUE ] >>,
  ver |-> (k0 :> 1 @@ k1 :> 0),
  nodeObs |->
      ( k0 :> (0 :> {} @@ 1 :> {"pass"} @@ 2 :> {}) @@
        k1 :> (0 :> {"fail", "pass"} @@ 1 :> {} @@ 2 :> {}) ),
  trunk |-> (k0 :> 0 @@ k1 :> 0),
  epoch |-> 0,
  inputs |-> 8,
  blocks |-> {8},
  reproduced |-> {},
  waivers |-> {},
  deferrals |-> {<<k0, 1>>},
  stateW |-> {},
  queue |-> <<k0>>,
  done |-> {k1},
  eval |->
      ( k0 :> [ver |-> 1, epoch |-> 0, valid |-> TRUE, at |-> 9] @@
        k1 :> [ver |-> 0, epoch |-> 0, valid |-> FALSE, at |-> 0] ),
  receipts |-> <<>> ]
/\ x = [unused |-> TRUE]

State 15: <Next line 315, col 9 to line 317, col 38 of module PiDagMerge>
/\ f = [ kind |-> (k0 :> "execution" @@ k1 :> "execution"),
  truth |->
      ( k0 :> (0 :> TRUE @@ 1 :> TRUE @@ 2 :> TRUE) @@
        k1 :> (0 :> FALSE @@ 1 :> TRUE @@ 2 :> TRUE) ),
  obs |->
      ( k0 :> (0 :> {"pass"} @@ 1 :> {"pass"} @@ 2 :> {}) @@
        k1 :> (0 :> {"fail"} @@ 1 :> {} @@ 2 :> {}) ),
  genesis |-> TRUE,
  conflict |-> {},
  lease |-> "none",
  hist |->
      << [ op |-> "edit",
           key |-> <<k0, 1>>,
           result |-> "none",
           rank |-> 0,
           accurate |-> FALSE,
           n |-> k0,
           kind |-> "execution",
           truth |-> TRUE ],
         [ op |-> "defer",
           key |-> <<k0, 1>>,
           result |-> "none",
           rank |-> 3,
           accurate |-> TRUE,
           n |-> k0,
           kind |-> "execution",
           truth |-> TRUE ],
         [ op |-> "observe",
           key |-> <<k0, 1>>,
           result |-> "pass",
           rank |-> 1,
           accurate |-> TRUE,
           n |-> k0,
           kind |-> "state",
           truth |-> TRUE ],
         [ op |-> "observe",
           key |-> <<k0, 1>>,
           result |-> "pass",
           rank |-> 1,
           accurate |-> FALSE,
           n |-> k0,
           kind |-> "execution",
           truth |-> TRUE ],
         [ op |-> "observe",
           key |-> <<k1, 0>>,
           result |-> "pass",
           rank |-> 2,
           accurate |-> FALSE,
           n |-> k1,
           kind |-> "execution",
           truth |-> FALSE ],
         [ op |-> "observe",
           key |-> <<k0, 1>>,
           result |-> "pass",
           rank |-> 1,
           accurate |-> TRUE,
           n |-> k0,
           kind |-> "execution",
           truth |-> TRUE ],
         [ op |-> "observe",
           key |-> <<k0, 1>>,
           result |-> "pass",
           rank |-> 1,
           accurate |-> TRUE,
           n |-> k0,
           kind |-> "execution",
           truth |-> TRUE ],
         [ op |-> "observe",
           key |-> <<k1, 0>>,
           result |-> "fail",
           rank |-> 2,
           accurate |-> FALSE,
           n |-> k1,
           kind |-> "execution",
           truth |-> FALSE ],
         [ op |-> "genesis",
           key |-> <<k0, 0>>,
           result |-> "none",
           rank |-> 2,
           accurate |-> TRUE,
           n |-> k0,
           kind |-> "execution",
           truth |-> TRUE ],
         [ op |-> "commit",
           n |-> k0,
           key |-> <<k0, 1>>,
           kind |-> "execution",
           result |-> "none",
           rank |-> 0,
           accurate |-> FALSE,
           truth |-> TRUE ] >>,
  ver |-> (k0 :> 1 @@ k1 :> 0),
  nodeObs |->
      ( k0 :> (0 :> {} @@ 1 :> {"pass"} @@ 2 :> {}) @@
        k1 :> (0 :> {"fail", "pass"} @@ 1 :> {} @@ 2 :> {}) ),
  trunk |-> (k0 :> 1 @@ k1 :> 0),
  epoch |-> 1,
  inputs |-> 8,
  blocks |-> {8},
  reproduced |-> {},
  waivers |-> {},
  deferrals |-> {<<k0, 1>>},
  stateW |-> {},
  queue |-> <<>>,
  done |-> {k0, k1},
  eval |->
      ( k0 :> [ver |-> 1, epoch |-> 0, valid |-> TRUE, at |-> 9] @@
        k1 :> [ver |-> 0, epoch |-> 0, valid |-> FALSE, at |-> 0] ),
  receipts |->
      << [ n |-> k0,
           key |-> <<k0, 1>>,
           truth |-> TRUE,
           prekey |-> <<k0, 0>>,
           pretruth |-> TRUE,
           at |-> 9,
           evalAt |-> 9,
           waived |-> FALSE,
           deferred |-> TRUE,
           stateW |-> FALSE,
           debt |-> FALSE,
           nodeDebt |-> FALSE,
           lease |-> "none" ] >> ]
/\ x = [unused |-> TRUE]

The number of states generated: 127402
Simulation using seed -8200358880676582419 and aril 0
Progress: 127554 states checked, 399 traces generated (trace length: mean=12, var(x)=64, sd=8)
Finished in 01s at (2026-10-08 22:11:07)
