# module sha256 4e33cdf2dc776ed8501dab5cd3f86805a9ea8b3e63e2ac7a46d4badd259f21c0
# cfg    sha256 56636c227d104f4d4f77216b1c05b503433ae3ce0e1b59025054e7da17297bbd
# flags  <deadlock checked> <exhaustive> 2026-10-08T22:13:21+08:00
TLC2 Version 2026.10.06.014338 (rev: 94d0c50)
Running breadth-first search Model-Checking with fp 25 and seed -662884350662413457 with 4 workers on 20 cores with 910MB heap and 64MB offheap memory [pid: 3486613] (Linux 5.15.0-139-generic amd64, Ubuntu 11.0.27 64bit, MSBDiskFPSet, DiskStateQueue).
Parsing file /home/purboo/project/pi-things/pi-dag/formal/a3/PiDagAuth3.tla
Parsing file /tmp/tlc-16276027673583316073/Integers.tla (jar:file:/home/purboo/project/pi-things/pi-dag/formal/tla2tools.jar!/tla2sany/StandardModules/Integers.tla)
Parsing file /tmp/tlc-16276027673583316073/Sequences.tla (jar:file:/home/purboo/project/pi-things/pi-dag/formal/tla2tools.jar!/tla2sany/StandardModules/Sequences.tla)
Parsing file /tmp/tlc-16276027673583316073/FiniteSets.tla (jar:file:/home/purboo/project/pi-things/pi-dag/formal/tla2tools.jar!/tla2sany/StandardModules/FiniteSets.tla)
Parsing file /tmp/tlc-16276027673583316073/TLC.tla (jar:file:/home/purboo/project/pi-things/pi-dag/formal/tla2tools.jar!/tla2sany/StandardModules/TLC.tla)
Parsing file /tmp/tlc-16276027673583316073/Naturals.tla (jar:file:/home/purboo/project/pi-things/pi-dag/formal/tla2tools.jar!/tla2sany/StandardModules/Naturals.tla)
Semantic processing of module Naturals
Semantic processing of module Integers
Semantic processing of module Sequences
Semantic processing of module FiniteSets
Semantic processing of module TLC
Semantic processing of module PiDagAuth3
Linting of module PiDagAuth3
Starting... (2026-10-08 22:13:21)
Computing initial states...
Computed 2 initial states...
Computed 4 initial states...
Computed 8 initial states...
Computed 16 initial states...
Finished computing initial states: 18 distinct states generated at 2026-10-08 22:13:21.
Error: Invariant NothingParentWaived is violated.
Error: The behavior up to this point is:
State 1: <Initial predicate>
/\ content = 0
/\ lawWinner = "none"
/\ slots = {W1, W2}
/\ authors = [n1 |-> W1, n2 |-> W2]
/\ log = <<>>
/\ lawView = (P1 :> -1 @@ P2 :> -1)
/\ accepted = {}
/\ pending = { [ type |-> "revoke",
    from |-> Owner,
    to |-> P1,
    scope |-> {},
    node |-> "n1",
    value |-> "retro" ],
  [ type |-> "grant",
    from |-> Owner,
    to |-> P1,
    scope |-> {"n1", "n2"},
    node |-> "n1",
    value |-> 0 ],
  [ type |-> "grant",
    from |-> P1,
    to |-> P2,
    scope |-> {"n1", "n2"},
    node |-> "n1",
    value |-> 0 ],
  [ type |-> "grant",
    from |-> P2,
    to |-> W1,
    scope |-> {"n1", "n2"},
    node |-> "n1",
    value |-> 0 ],
  [ type |-> "waive",
    from |-> P2,
    to |-> Owner,
    scope |-> {"n2"},
    node |-> "n2",
    value |-> 0 ] }
/\ conflict = FALSE
/\ merged = FALSE
/\ edges = {}
/\ everSlots = {W1, W2}
/\ resolver = "none"
/\ family = "chain"
/\ key = 0
/\ invalid = {}
/\ lawValue = -1

State 2: <Advance line 311, col 16 to line 311, col 47 of module PiDagAuth3>
/\ content = 0
/\ lawWinner = "none"
/\ slots = {W1, W2}
/\ authors = [n1 |-> W1, n2 |-> W2]
/\ log = << [ type |-> "grant",
     from |-> Owner,
     to |-> P1,
     scope |-> {"n1", "n2"},
     node |-> "n1",
     value |-> 0,
     key |-> 0,
     content |-> 0 ] >>
/\ lawView = (P1 :> -1 @@ P2 :> -1)
/\ accepted = {}
/\ pending = { [ type |-> "revoke",
    from |-> Owner,
    to |-> P1,
    scope |-> {},
    node |-> "n1",
    value |-> "retro" ],
  [ type |-> "grant",
    from |-> P1,
    to |-> P2,
    scope |-> {"n1", "n2"},
    node |-> "n1",
    value |-> 0 ],
  [ type |-> "grant",
    from |-> P2,
    to |-> W1,
    scope |-> {"n1", "n2"},
    node |-> "n1",
    value |-> 0 ],
  [ type |-> "waive",
    from |-> P2,
    to |-> Owner,
    scope |-> {"n2"},
    node |-> "n2",
    value |-> 0 ] }
/\ conflict = FALSE
/\ merged = FALSE
/\ edges = {1}
/\ everSlots = {W1, W2}
/\ resolver = "none"
/\ family = "chain"
/\ key = 0
/\ invalid = {}
/\ lawValue = -1

State 3: <Advance line 311, col 16 to line 311, col 47 of module PiDagAuth3>
/\ content = 0
/\ lawWinner = "none"
/\ slots = {W1, W2}
/\ authors = [n1 |-> W1, n2 |-> W2]
/\ log = << [ type |-> "grant",
     from |-> Owner,
     to |-> P1,
     scope |-> {"n1", "n2"},
     node |-> "n1",
     value |-> 0,
     key |-> 0,
     content |-> 0 ],
   [ type |-> "grant",
     from |-> P1,
     to |-> P2,
     scope |-> {"n1", "n2"},
     node |-> "n1",
     value |-> 0,
     key |-> 0,
     content |-> 0 ] >>
/\ lawView = (P1 :> -1 @@ P2 :> -1)
/\ accepted = {}
/\ pending = { [ type |-> "revoke",
    from |-> Owner,
    to |-> P1,
    scope |-> {},
    node |-> "n1",
    value |-> "retro" ],
  [ type |-> "grant",
    from |-> P2,
    to |-> W1,
    scope |-> {"n1", "n2"},
    node |-> "n1",
    value |-> 0 ],
  [ type |-> "waive",
    from |-> P2,
    to |-> Owner,
    scope |-> {"n2"},
    node |-> "n2",
    value |-> 0 ] }
/\ conflict = FALSE
/\ merged = FALSE
/\ edges = {1, 2}
/\ everSlots = {W1, W2}
/\ resolver = "none"
/\ family = "chain"
/\ key = 0
/\ invalid = {}
/\ lawValue = -1

State 4: <Advance line 311, col 16 to line 311, col 47 of module PiDagAuth3>
/\ content = 0
/\ lawWinner = "none"
/\ slots = {W1, W2}
/\ authors = [n1 |-> W1, n2 |-> W2]
/\ log = << [ type |-> "grant",
     from |-> Owner,
     to |-> P1,
     scope |-> {"n1", "n2"},
     node |-> "n1",
     value |-> 0,
     key |-> 0,
     content |-> 0 ],
   [ type |-> "grant",
     from |-> P1,
     to |-> P2,
     scope |-> {"n1", "n2"},
     node |-> "n1",
     value |-> 0,
     key |-> 0,
     content |-> 0 ],
   [ type |-> "waive",
     from |-> P2,
     to |-> Owner,
     scope |-> {"n2"},
     node |-> "n2",
     value |-> 0,
     key |-> 0,
     content |-> 0 ] >>
/\ lawView = (P1 :> -1 @@ P2 :> -1)
/\ accepted = {3}
/\ pending = { [ type |-> "revoke",
    from |-> Owner,
    to |-> P1,
    scope |-> {},
    node |-> "n1",
    value |-> "retro" ],
  [ type |-> "grant",
    from |-> P2,
    to |-> W1,
    scope |-> {"n1", "n2"},
    node |-> "n1",
    value |-> 0 ] }
/\ conflict = FALSE
/\ merged = FALSE
/\ edges = {1, 2}
/\ everSlots = {W1, W2}
/\ resolver = "none"
/\ family = "chain"
/\ key = 0
/\ invalid = {}
/\ lawValue = -1

374 states generated, 360 distinct states found, 207 states left on queue.
The depth of the complete state graph search is 4.
Finished in 00s at (2026-10-08 22:13:21)
