# module sha256 65dadcf33e0dbf772dc4b7df47e6898dbcd7db705d32f80f52cde863e5224310
# cfg    sha256 5b597316bf2ab1b55813beb76d1692f6d2692ced3ed1851a20b25c1d5db10cbb
# flags  <deadlock checked> <exhaustive> 2026-10-08T21:50:08+08:00
TLC2 Version 2026.10.06.014338 (rev: 94d0c50)
Running breadth-first search Model-Checking with fp 79 and seed 6798998804847591408 with 4 workers on 20 cores with 910MB heap and 64MB offheap memory [pid: 3458775] (Linux 5.15.0-139-generic amd64, Ubuntu 11.0.27 64bit, MSBDiskFPSet, DiskStateQueue).
Parsing file /home/purboo/project/pi-things/pi-dag/formal/a3/PiDagMerge.tla
Parsing file /tmp/tlc-2567576804999555952/Naturals.tla (jar:file:/home/purboo/project/pi-things/pi-dag/formal/tla2tools.jar!/tla2sany/StandardModules/Naturals.tla)
Parsing file /tmp/tlc-2567576804999555952/FiniteSets.tla (jar:file:/home/purboo/project/pi-things/pi-dag/formal/tla2tools.jar!/tla2sany/StandardModules/FiniteSets.tla)
Parsing file /tmp/tlc-2567576804999555952/Sequences.tla (jar:file:/home/purboo/project/pi-things/pi-dag/formal/tla2tools.jar!/tla2sany/StandardModules/Sequences.tla)
Parsing file /tmp/tlc-2567576804999555952/TLC.tla (jar:file:/home/purboo/project/pi-things/pi-dag/formal/tla2tools.jar!/tla2sany/StandardModules/TLC.tla)
Semantic processing of module Naturals
Semantic processing of module Sequences
Semantic processing of module FiniteSets
Semantic processing of module TLC
Semantic processing of module PiDagMerge
Linting of module PiDagMerge
Starting... (2026-10-08 21:50:09)
Computing initial states...
Computed 2 initial states...
Computed 4 initial states...
Computed 8 initial states...
Finished computing initial states: 16 distinct states generated at 2026-10-08 21:50:09.
Progress(5) at 2026-10-08 21:50:12: 383,598 states generated (383,598 s/min), 297,135 distinct states found (297,135 ds/min), 282,849 states left on queue.
