# module sha256 e35f53108925110e608805b5d90475470c3a7ca92d00f42144349f8650ca1c91
# cfg    sha256 f739fb0306d2f9520528e1b9b773cdc57d3dd5cbcdecff4c0ee7b0c1fb240ab1
# flags  <deadlock checked> <exhaustive> 2026-10-08T21:33:05+08:00
TLC2 Version 2026.10.06.014338 (rev: 94d0c50)
Running breadth-first search Model-Checking with fp 38 and seed -1864568834862958895 with 1 worker on 20 cores with 477MB heap and 64MB offheap memory [pid: 3440799] (Linux 5.15.0-139-generic amd64, Ubuntu 11.0.27 64bit, MSBDiskFPSet, DiskStateQueue).
Parsing file /home/purboo/project/pi-things/pi-dag/formal/a3/PiDagMerge.tla
Parsing file /tmp/tlc-5519497961490917417/Naturals.tla (jar:file:/home/purboo/project/pi-things/pi-dag/formal/tla2tools.jar!/tla2sany/StandardModules/Naturals.tla)
Parsing file /tmp/tlc-5519497961490917417/FiniteSets.tla (jar:file:/home/purboo/project/pi-things/pi-dag/formal/tla2tools.jar!/tla2sany/StandardModules/FiniteSets.tla)
Parsing file /tmp/tlc-5519497961490917417/Sequences.tla (jar:file:/home/purboo/project/pi-things/pi-dag/formal/tla2tools.jar!/tla2sany/StandardModules/Sequences.tla)
Parsing file /tmp/tlc-5519497961490917417/TLC.tla (jar:file:/home/purboo/project/pi-things/pi-dag/formal/tla2tools.jar!/tla2sany/StandardModules/TLC.tla)
Semantic processing of module Naturals
Semantic processing of module Sequences
Semantic processing of module FiniteSets
Semantic processing of module TLC
Semantic processing of module PiDagMerge
Linting of module PiDagMerge
Starting... (2026-10-08 21:33:06)
Computing initial states...
Finished computing initial states: 1 distinct state generated at 2026-10-08 21:33:06.
Model checking completed. No error has been found.
  Estimates of the probability that TLC did not check all reachable states
  because two distinct states had the same fingerprint:
  calculated (optimistic):  val = 2.7E-19
6 states generated, 5 distinct states found, 0 states left on queue.
The depth of the complete state graph search is 5.
The average outdegree of the complete state graph is 1 (minimum is 0, the maximum 1 and the 95th percentile is 1).
Finished in 00s at (2026-10-08 21:33:06)
