# module sha256 4e33cdf2dc776ed8501dab5cd3f86805a9ea8b3e63e2ac7a46d4badd259f21c0
# cfg    sha256 62d6f91331b4a6e429366364760e412c6c4fb0769e2c3e215f02e3e1ed020d4f
# flags  <deadlock checked> <exhaustive> 2026-10-08T22:21:15+08:00
TLC2 Version 2026.10.06.014338 (rev: 94d0c50)
Running breadth-first search Model-Checking with fp 57 and seed 8698141837090778525 with 4 workers on 20 cores with 2731MB heap and 64MB offheap memory [pid: 3497405] (Linux 5.15.0-139-generic amd64, Ubuntu 11.0.27 64bit, MSBDiskFPSet, DiskStateQueue).
Parsing file /home/purboo/project/pi-things/pi-dag/formal/a3/PiDagAuth3.tla
Parsing file /tmp/tlc-11309038889482003959/Integers.tla (jar:file:/home/purboo/project/pi-things/pi-dag/formal/tla2tools.jar!/tla2sany/StandardModules/Integers.tla)
Parsing file /tmp/tlc-11309038889482003959/Sequences.tla (jar:file:/home/purboo/project/pi-things/pi-dag/formal/tla2tools.jar!/tla2sany/StandardModules/Sequences.tla)
Parsing file /tmp/tlc-11309038889482003959/FiniteSets.tla (jar:file:/home/purboo/project/pi-things/pi-dag/formal/tla2tools.jar!/tla2sany/StandardModules/FiniteSets.tla)
Parsing file /tmp/tlc-11309038889482003959/TLC.tla (jar:file:/home/purboo/project/pi-things/pi-dag/formal/tla2tools.jar!/tla2sany/StandardModules/TLC.tla)
Parsing file /tmp/tlc-11309038889482003959/Naturals.tla (jar:file:/home/purboo/project/pi-things/pi-dag/formal/tla2tools.jar!/tla2sany/StandardModules/Naturals.tla)
Semantic processing of module Naturals
Semantic processing of module Integers
Semantic processing of module Sequences
Semantic processing of module FiniteSets
Semantic processing of module TLC
Semantic processing of module PiDagAuth3
Linting of module PiDagAuth3
Starting... (2026-10-08 22:21:16)
Computing initial states...
Finished computing initial states: 1 distinct state generated at 2026-10-08 22:21:16.
Error: Invariant AuthoritySound is violated.
Error: The behavior up to this point is:
State 1: <Initial predicate>
/\ content = [n1 |-> 0, n2 |-> 0]
/\ lawWinner = [n1 |-> "none", n2 |-> "none"]
/\ slots = [n1 |-> W1, n2 |-> W2]
/\ authors = [n1 |-> W1, n2 |-> W2]
/\ log = <<>>
/\ lawView = [ n1 |-> (Owner :> -1 @@ P1 :> -1 @@ P2 :> -1 @@ W1 :> -1 @@ W2 :> -1),
  n2 |-> (Owner :> -1 @@ P1 :> -1 @@ P2 :> -1 @@ W1 :> -1 @@ W2 :> -1) ]
/\ accepted = {}
/\ pending = {}
/\ conflict = {}
/\ merged = FALSE
/\ edges = {}
/\ everSlots = {W1, W2}
/\ resolver = [n1 |-> "none", n2 |-> "none"]
/\ family = "free"
/\ key = [n1 |-> 0, n2 |-> 0]
/\ invalid = {}
/\ lawValue = [n1 |-> -1, n2 |-> -1]

State 2: <Advance line 310, col 35 to line 310, col 62 of module PiDagAuth3>
/\ content = [n1 |-> 0, n2 |-> 0]
/\ lawWinner = [n1 |-> "none", n2 |-> "none"]
/\ slots = [n1 |-> W1, n2 |-> W2]
/\ authors = [n1 |-> W1, n2 |-> W2]
/\ log = << [ type |-> "revoke",
     from |-> Owner,
     to |-> P1,
     scope |-> {},
     node |-> "n1",
     value |-> "future",
     key |-> 0,
     content |-> 0 ] >>
/\ lawView = [ n1 |-> (Owner :> -1 @@ P1 :> -1 @@ P2 :> -1 @@ W1 :> -1 @@ W2 :> -1),
  n2 |-> (Owner :> -1 @@ P1 :> -1 @@ P2 :> -1 @@ W1 :> -1 @@ W2 :> -1) ]
/\ accepted = {}
/\ pending = {}
/\ conflict = {}
/\ merged = FALSE
/\ edges = {}
/\ everSlots = {W1, W2}
/\ resolver = [n1 |-> "none", n2 |-> "none"]
/\ family = "free"
/\ key = [n1 |-> 0, n2 |-> 0]
/\ invalid = {}
/\ lawValue = [n1 |-> -1, n2 |-> -1]

State 3: <Advance line 310, col 35 to line 310, col 62 of module PiDagAuth3>
/\ content = [n1 |-> 0, n2 |-> 0]
/\ lawWinner = [n1 |-> "none", n2 |-> "none"]
/\ slots = [n1 |-> W1, n2 |-> W2]
/\ authors = [n1 |-> W1, n2 |-> W2]
/\ log = << [ type |-> "revoke",
     from |-> Owner,
     to |-> P1,
     scope |-> {},
     node |-> "n1",
     value |-> "future",
     key |-> 0,
     content |-> 0 ],
   [ type |-> "grant",
     from |-> P1,
     to |-> P2,
     scope |-> {"n1"},
     node |-> "n1",
     value |-> 0,
     key |-> 0,
     content |-> 0 ] >>
/\ lawView = [ n1 |-> (Owner :> -1 @@ P1 :> -1 @@ P2 :> -1 @@ W1 :> -1 @@ W2 :> -1),
  n2 |-> (Owner :> -1 @@ P1 :> -1 @@ P2 :> -1 @@ W1 :> -1 @@ W2 :> -1) ]
/\ accepted = {}
/\ pending = {}
/\ conflict = {}
/\ merged = FALSE
/\ edges = {2}
/\ everSlots = {W1, W2}
/\ resolver = [n1 |-> "none", n2 |-> "none"]
/\ family = "free"
/\ key = [n1 |-> 0, n2 |-> 0]
/\ invalid = {}
/\ lawValue = [n1 |-> -1, n2 |-> -1]

State 4: <Advance line 310, col 35 to line 310, col 62 of module PiDagAuth3>
/\ content = [n1 |-> 0, n2 |-> 0]
/\ lawWinner = [n1 |-> "none", n2 |-> "none"]
/\ slots = [n1 |-> W1, n2 |-> W2]
/\ authors = [n1 |-> W1, n2 |-> W2]
/\ log = << [ type |-> "revoke",
     from |-> Owner,
     to |-> P1,
     scope |-> {},
     node |-> "n1",
     value |-> "future",
     key |-> 0,
     content |-> 0 ],
   [ type |-> "grant",
     from |-> P1,
     to |-> P2,
     scope |-> {"n1"},
     node |-> "n1",
     value |-> 0,
     key |-> 0,
     content |-> 0 ],
   [ type |-> "grant",
     from |-> Owner,
     to |-> P1,
     scope |-> {"n1"},
     node |-> "n1",
     value |-> 0,
     key |-> 0,
     content |-> 0 ] >>
/\ lawView = [ n1 |-> (Owner :> -1 @@ P1 :> -1 @@ P2 :> -1 @@ W1 :> -1 @@ W2 :> -1),
  n2 |-> (Owner :> -1 @@ P1 :> -1 @@ P2 :> -1 @@ W1 :> -1 @@ W2 :> -1) ]
/\ accepted = {}
/\ pending = {}
/\ conflict = {}
/\ merged = FALSE
/\ edges = {2, 3}
/\ everSlots = {W1, W2}
/\ resolver = [n1 |-> "none", n2 |-> "none"]
/\ family = "free"
/\ key = [n1 |-> 0, n2 |-> 0]
/\ invalid = {}
/\ lawValue = [n1 |-> -1, n2 |-> -1]

46032 states generated, 46032 distinct states found, 45811 states left on queue.
The depth of the complete state graph search is 5.
Finished in 03s at (2026-10-08 22:21:19)
