# module sha256 65dadcf33e0dbf772dc4b7df47e6898dbcd7db705d32f80f52cde863e5224310
# cfg    sha256 220b5fc9a96921bd5a27bce06001e7691f13b97f5e4694ac7ce278e41327be6f
# flags  <deadlock checked> <exhaustive> 2026-10-08T21:48:37+08:00
TLC2 Version 2026.10.06.014338 (rev: 94d0c50)
Running breadth-first search Model-Checking with fp 49 and seed 7547350596865272007 with 1 worker on 20 cores with 477MB heap and 64MB offheap memory [pid: 3454199] (Linux 5.15.0-139-generic amd64, Ubuntu 11.0.27 64bit, MSBDiskFPSet, DiskStateQueue).
Parsing file /home/purboo/project/pi-things/pi-dag/formal/a3/PiDagMerge.tla
Parsing file /tmp/tlc-13403517188170769254/Naturals.tla (jar:file:/home/purboo/project/pi-things/pi-dag/formal/tla2tools.jar!/tla2sany/StandardModules/Naturals.tla)
Parsing file /tmp/tlc-13403517188170769254/FiniteSets.tla (jar:file:/home/purboo/project/pi-things/pi-dag/formal/tla2tools.jar!/tla2sany/StandardModules/FiniteSets.tla)
Parsing file /tmp/tlc-13403517188170769254/Sequences.tla (jar:file:/home/purboo/project/pi-things/pi-dag/formal/tla2tools.jar!/tla2sany/StandardModules/Sequences.tla)
Parsing file /tmp/tlc-13403517188170769254/TLC.tla (jar:file:/home/purboo/project/pi-things/pi-dag/formal/tla2tools.jar!/tla2sany/StandardModules/TLC.tla)
Semantic processing of module Naturals
Semantic processing of module Sequences
Semantic processing of module FiniteSets
Semantic processing of module TLC
Semantic processing of module PiDagMerge
Linting of module PiDagMerge
Starting... (2026-10-08 21:48:38)
Computing initial states...
Computed 2 initial states...
Finished computing initial states: 4 distinct states generated at 2026-10-08 21:48:38.
Error: Invariant NoBypassedNegative is violated.
Error: The behavior up to this point is:
State 1: <Initial predicate>
/\ f = [ kind |-> (k0 :> "judgment" @@ k1 :> "judgment"),
  truth |->
      ( k0 :> (0 :> FALSE @@ 1 :> TRUE @@ 2 :> TRUE) @@
        k1 :> (0 :> FALSE @@ 1 :> TRUE @@ 2 :> TRUE) ),
  obs |->
      ( k0 :> (0 :> {} @@ 1 :> {} @@ 2 :> {}) @@
        k1 :> (0 :> {} @@ 1 :> {} @@ 2 :> {}) ),
  genesis |-> FALSE,
  conflict |-> {},
  lease |-> "none",
  hist |-> <<>>,
  ver |-> (k0 :> 0 @@ k1 :> 0),
  trunk |-> (k0 :> 0 @@ k1 :> 0),
  epoch |-> 0,
  inputs |-> 0,
  blocks |-> {},
  reproduced |-> {},
  waivers |-> {},
  deferrals |-> {},
  stateW |-> {},
  queue |-> <<>>,
  done |-> {},
  eval |->
      ( k0 :> [ver |-> 0, epoch |-> 0, valid |-> FALSE, at |-> 0] @@
        k1 :> [ver |-> 0, epoch |-> 0, valid |-> FALSE, at |-> 0] ),
  receipts |-> <<>> ]
/\ x = [unused |-> TRUE]

State 2: <Next line 303, col 9 to line 305, col 38 of module PiDagMerge>
/\ f = [ kind |-> (k0 :> "judgment" @@ k1 :> "judgment"),
  truth |->
      ( k0 :> (0 :> FALSE @@ 1 :> TRUE @@ 2 :> TRUE) @@
        k1 :> (0 :> FALSE @@ 1 :> TRUE @@ 2 :> TRUE) ),
  obs |->
      ( k0 :> (0 :> {"fail"} @@ 1 :> {} @@ 2 :> {}) @@
        k1 :> (0 :> {"fail"} @@ 1 :> {} @@ 2 :> {}) ),
  genesis |-> TRUE,
  conflict |-> {},
  lease |-> "none",
  hist |->
      << [ op |-> "genesis",
           key |-> <<k0, 0>>,
           result |-> "none",
           rank |-> 2,
           accurate |-> TRUE,
           n |-> k0,
           kind |-> "judgment",
           truth |-> TRUE ] >>,
  ver |-> (k0 :> 0 @@ k1 :> 0),
  trunk |-> (k0 :> 0 @@ k1 :> 0),
  epoch |-> 0,
  inputs |-> 0,
  blocks |-> {},
  reproduced |-> {},
  waivers |-> {},
  deferrals |-> {},
  stateW |-> {},
  queue |-> <<>>,
  done |-> {},
  eval |->
      ( k0 :> [ver |-> 0, epoch |-> 0, valid |-> FALSE, at |-> 0] @@
        k1 :> [ver |-> 0, epoch |-> 0, valid |-> FALSE, at |-> 0] ),
  receipts |-> <<>> ]
/\ x = [unused |-> TRUE]

State 3: <Next line 303, col 9 to line 305, col 38 of module PiDagMerge>
/\ f = [ kind |-> (k0 :> "judgment" @@ k1 :> "judgment"),
  truth |->
      ( k0 :> (0 :> FALSE @@ 1 :> TRUE @@ 2 :> TRUE) @@
        k1 :> (0 :> FALSE @@ 1 :> TRUE @@ 2 :> TRUE) ),
  obs |->
      ( k0 :> (0 :> {"fail"} @@ 1 :> {} @@ 2 :> {}) @@
        k1 :> (0 :> {"fail"} @@ 1 :> {} @@ 2 :> {}) ),
  genesis |-> TRUE,
  conflict |-> {},
  lease |-> "none",
  hist |->
      << [ op |-> "genesis",
           key |-> <<k0, 0>>,
           result |-> "none",
           rank |-> 2,
           accurate |-> TRUE,
           n |-> k0,
           kind |-> "judgment",
           truth |-> TRUE ],
         [ op |-> "observe",
           key |-> <<k0, 0>>,
           result |-> "fail",
           rank |-> 1,
           accurate |-> TRUE,
           n |-> k0,
           kind |-> "judgment",
           truth |-> FALSE ] >>,
  ver |-> (k0 :> 0 @@ k1 :> 0),
  trunk |-> (k0 :> 0 @@ k1 :> 0),
  epoch |-> 0,
  inputs |-> 1,
  blocks |-> {2},
  reproduced |-> {},
  waivers |-> {},
  deferrals |-> {},
  stateW |-> {},
  queue |-> <<>>,
  done |-> {},
  eval |->
      ( k0 :> [ver |-> 0, epoch |-> 0, valid |-> FALSE, at |-> 0] @@
        k1 :> [ver |-> 0, epoch |-> 0, valid |-> FALSE, at |-> 0] ),
  receipts |-> <<>> ]
/\ x = [unused |-> TRUE]

State 4: <Next line 303, col 9 to line 305, col 38 of module PiDagMerge>
/\ f = [ kind |-> (k0 :> "judgment" @@ k1 :> "judgment"),
  truth |->
      ( k0 :> (0 :> FALSE @@ 1 :> TRUE @@ 2 :> TRUE) @@
        k1 :> (0 :> FALSE @@ 1 :> TRUE @@ 2 :> TRUE) ),
  obs |->
      ( k0 :> (0 :> {"fail", "pass"} @@ 1 :> {} @@ 2 :> {}) @@
        k1 :> (0 :> {"fail"} @@ 1 :> {} @@ 2 :> {}) ),
  genesis |-> TRUE,
  conflict |-> {},
  lease |-> "none",
  hist |->
      << [ op |-> "genesis",
           key |-> <<k0, 0>>,
           result |-> "none",
           rank |-> 2,
           accurate |-> TRUE,
           n |-> k0,
           kind |-> "judgment",
           truth |-> TRUE ],
         [ op |-> "observe",
           key |-> <<k0, 0>>,
           result |-> "fail",
           rank |-> 1,
           accurate |-> TRUE,
           n |-> k0,
           kind |-> "judgment",
           truth |-> FALSE ],
         [ op |-> "observe",
           key |-> <<k0, 0>>,
           result |-> "pass",
           rank |-> 1,
           accurate |-> FALSE,
           n |-> k0,
           kind |-> "judgment",
           truth |-> FALSE ] >>,
  ver |-> (k0 :> 0 @@ k1 :> 0),
  trunk |-> (k0 :> 0 @@ k1 :> 0),
  epoch |-> 0,
  inputs |-> 2,
  blocks |-> {},
  reproduced |-> {},
  waivers |-> {},
  deferrals |-> {},
  stateW |-> {},
  queue |-> <<>>,
  done |-> {},
  eval |->
      ( k0 :> [ver |-> 0, epoch |-> 0, valid |-> FALSE, at |-> 0] @@
        k1 :> [ver |-> 0, epoch |-> 0, valid |-> FALSE, at |-> 0] ),
  receipts |-> <<>> ]
/\ x = [unused |-> TRUE]

State 5: <Next line 303, col 9 to line 305, col 38 of module PiDagMerge>
/\ f = [ kind |-> (k0 :> "judgment" @@ k1 :> "judgment"),
  truth |->
      ( k0 :> (0 :> FALSE @@ 1 :> FALSE @@ 2 :> TRUE) @@
        k1 :> (0 :> FALSE @@ 1 :> TRUE @@ 2 :> TRUE) ),
  obs |->
      ( k0 :> (0 :> {"fail", "pass"} @@ 1 :> {} @@ 2 :> {}) @@
        k1 :> (0 :> {"fail"} @@ 1 :> {} @@ 2 :> {}) ),
  genesis |-> TRUE,
  conflict |-> {},
  lease |-> "none",
  hist |->
      << [ op |-> "genesis",
           key |-> <<k0, 0>>,
           result |-> "none",
           rank |-> 2,
           accurate |-> TRUE,
           n |-> k0,
           kind |-> "judgment",
           truth |-> TRUE ],
         [ op |-> "observe",
           key |-> <<k0, 0>>,
           result |-> "fail",
           rank |-> 1,
           accurate |-> TRUE,
           n |-> k0,
           kind |-> "judgment",
           truth |-> FALSE ],
         [ op |-> "observe",
           key |-> <<k0, 0>>,
           result |-> "pass",
           rank |-> 1,
           accurate |-> FALSE,
           n |-> k0,
           kind |-> "judgment",
           truth |-> FALSE ],
         [ op |-> "edit",
           key |-> <<k0, 1>>,
           result |-> "none",
           rank |-> 0,
           accurate |-> FALSE,
           n |-> k0,
           kind |-> "judgment",
           truth |-> FALSE ] >>,
  ver |-> (k0 :> 1 @@ k1 :> 0),
  trunk |-> (k0 :> 0 @@ k1 :> 0),
  epoch |-> 0,
  inputs |-> 3,
  blocks |-> {},
  reproduced |-> {},
  waivers |-> {},
  deferrals |-> {},
  stateW |-> {},
  queue |-> <<>>,
  done |-> {},
  eval |->
      ( k0 :> [ver |-> 0, epoch |-> 0, valid |-> FALSE, at |-> 0] @@
        k1 :> [ver |-> 0, epoch |-> 0, valid |-> FALSE, at |-> 0] ),
  receipts |-> <<>> ]
/\ x = [unused |-> TRUE]

State 6: <Next line 303, col 9 to line 305, col 38 of module PiDagMerge>
/\ f = [ kind |-> (k0 :> "judgment" @@ k1 :> "judgment"),
  truth |->
      ( k0 :> (0 :> FALSE @@ 1 :> FALSE @@ 2 :> TRUE) @@
        k1 :> (0 :> FALSE @@ 1 :> TRUE @@ 2 :> TRUE) ),
  obs |->
      ( k0 :> (0 :> {"fail", "pass"} @@ 1 :> {} @@ 2 :> {}) @@
        k1 :> (0 :> {"fail"} @@ 1 :> {} @@ 2 :> {}) ),
  genesis |-> TRUE,
  conflict |-> {},
  lease |-> "none",
  hist |->
      << [ op |-> "genesis",
           key |-> <<k0, 0>>,
           result |-> "none",
           rank |-> 2,
           accurate |-> TRUE,
           n |-> k0,
           kind |-> "judgment",
           truth |-> TRUE ],
         [ op |-> "observe",
           key |-> <<k0, 0>>,
           result |-> "fail",
           rank |-> 1,
           accurate |-> TRUE,
           n |-> k0,
           kind |-> "judgment",
           truth |-> FALSE ],
         [ op |-> "observe",
           key |-> <<k0, 0>>,
           result |-> "pass",
           rank |-> 1,
           accurate |-> FALSE,
           n |-> k0,
           kind |-> "judgment",
           truth |-> FALSE ],
         [ op |-> "edit",
           key |-> <<k0, 1>>,
           result |-> "none",
           rank |-> 0,
           accurate |-> FALSE,
           n |-> k0,
           kind |-> "judgment",
           truth |-> FALSE ],
         [ op |-> "defer",
           key |-> <<k0, 1>>,
           result |-> "none",
           rank |-> 3,
           accurate |-> TRUE,
           n |-> k0,
           kind |-> "judgment",
           truth |-> FALSE ] >>,
  ver |-> (k0 :> 1 @@ k1 :> 0),
  trunk |-> (k0 :> 0 @@ k1 :> 0),
  epoch |-> 0,
  inputs |-> 4,
  blocks |-> {},
  reproduced |-> {},
  waivers |-> {},
  deferrals |-> {<<k0, 1>>},
  stateW |-> {},
  queue |-> <<>>,
  done |-> {},
  eval |->
      ( k0 :> [ver |-> 0, epoch |-> 0, valid |-> FALSE, at |-> 0] @@
        k1 :> [ver |-> 0, epoch |-> 0, valid |-> FALSE, at |-> 0] ),
  receipts |-> <<>> ]
/\ x = [unused |-> TRUE]

State 7: <Next line 303, col 9 to line 305, col 38 of module PiDagMerge>
/\ f = [ kind |-> (k0 :> "judgment" @@ k1 :> "judgment"),
  truth |->
      ( k0 :> (0 :> FALSE @@ 1 :> FALSE @@ 2 :> TRUE) @@
        k1 :> (0 :> FALSE @@ 1 :> TRUE @@ 2 :> TRUE) ),
  obs |->
      ( k0 :> (0 :> {"fail", "pass"} @@ 1 :> {} @@ 2 :> {}) @@
        k1 :> (0 :> {"fail"} @@ 1 :> {} @@ 2 :> {}) ),
  genesis |-> TRUE,
  conflict |-> {},
  lease |-> "none",
  hist |->
      << [ op |-> "genesis",
           key |-> <<k0, 0>>,
           result |-> "none",
           rank |-> 2,
           accurate |-> TRUE,
           n |-> k0,
           kind |-> "judgment",
           truth |-> TRUE ],
         [ op |-> "observe",
           key |-> <<k0, 0>>,
           result |-> "fail",
           rank |-> 1,
           accurate |-> TRUE,
           n |-> k0,
           kind |-> "judgment",
           truth |-> FALSE ],
         [ op |-> "observe",
           key |-> <<k0, 0>>,
           result |-> "pass",
           rank |-> 1,
           accurate |-> FALSE,
           n |-> k0,
           kind |-> "judgment",
           truth |-> FALSE ],
         [ op |-> "edit",
           key |-> <<k0, 1>>,
           result |-> "none",
           rank |-> 0,
           accurate |-> FALSE,
           n |-> k0,
           kind |-> "judgment",
           truth |-> FALSE ],
         [ op |-> "defer",
           key |-> <<k0, 1>>,
           result |-> "none",
           rank |-> 3,
           accurate |-> TRUE,
           n |-> k0,
           kind |-> "judgment",
           truth |-> FALSE ] >>,
  ver |-> (k0 :> 1 @@ k1 :> 0),
  trunk |-> (k0 :> 0 @@ k1 :> 0),
  epoch |-> 0,
  inputs |-> 4,
  blocks |-> {},
  reproduced |-> {},
  waivers |-> {},
  deferrals |-> {<<k0, 1>>},
  stateW |-> {},
  queue |-> <<k0>>,
  done |-> {},
  eval |->
      ( k0 :> [ver |-> 0, epoch |-> 0, valid |-> FALSE, at |-> 0] @@
        k1 :> [ver |-> 0, epoch |-> 0, valid |-> FALSE, at |-> 0] ),
  receipts |-> <<>> ]
/\ x = [unused |-> TRUE]

State 8: <Next line 303, col 9 to line 305, col 38 of module PiDagMerge>
/\ f = [ kind |-> (k0 :> "judgment" @@ k1 :> "judgment"),
  truth |->
      ( k0 :> (0 :> FALSE @@ 1 :> FALSE @@ 2 :> TRUE) @@
        k1 :> (0 :> FALSE @@ 1 :> TRUE @@ 2 :> TRUE) ),
  obs |->
      ( k0 :> (0 :> {"fail", "pass"} @@ 1 :> {} @@ 2 :> {}) @@
        k1 :> (0 :> {"fail"} @@ 1 :> {} @@ 2 :> {}) ),
  genesis |-> TRUE,
  conflict |-> {},
  lease |-> "none",
  hist |->
      << [ op |-> "genesis",
           key |-> <<k0, 0>>,
           result |-> "none",
           rank |-> 2,
           accurate |-> TRUE,
           n |-> k0,
           kind |-> "judgment",
           truth |-> TRUE ],
         [ op |-> "observe",
           key |-> <<k0, 0>>,
           result |-> "fail",
           rank |-> 1,
           accurate |-> TRUE,
           n |-> k0,
           kind |-> "judgment",
           truth |-> FALSE ],
         [ op |-> "observe",
           key |-> <<k0, 0>>,
           result |-> "pass",
           rank |-> 1,
           accurate |-> FALSE,
           n |-> k0,
           kind |-> "judgment",
           truth |-> FALSE ],
         [ op |-> "edit",
           key |-> <<k0, 1>>,
           result |-> "none",
           rank |-> 0,
           accurate |-> FALSE,
           n |-> k0,
           kind |-> "judgment",
           truth |-> FALSE ],
         [ op |-> "defer",
           key |-> <<k0, 1>>,
           result |-> "none",
           rank |-> 3,
           accurate |-> TRUE,
           n |-> k0,
           kind |-> "judgment",
           truth |-> FALSE ] >>,
  ver |-> (k0 :> 1 @@ k1 :> 0),
  trunk |-> (k0 :> 0 @@ k1 :> 0),
  epoch |-> 0,
  inputs |-> 4,
  blocks |-> {},
  reproduced |-> {},
  waivers |-> {},
  deferrals |-> {<<k0, 1>>},
  stateW |-> {},
  queue |-> <<k0>>,
  done |-> {},
  eval |->
      ( k0 :> [ver |-> 1, epoch |-> 0, valid |-> TRUE, at |-> 5] @@
        k1 :> [ver |-> 0, epoch |-> 0, valid |-> FALSE, at |-> 0] ),
  receipts |-> <<>> ]
/\ x = [unused |-> TRUE]

State 9: <Next line 303, col 9 to line 305, col 38 of module PiDagMerge>
/\ f = [ kind |-> (k0 :> "judgment" @@ k1 :> "judgment"),
  truth |->
      ( k0 :> (0 :> FALSE @@ 1 :> FALSE @@ 2 :> TRUE) @@
        k1 :> (0 :> FALSE @@ 1 :> TRUE @@ 2 :> TRUE) ),
  obs |->
      ( k0 :> (0 :> {"fail", "pass"} @@ 1 :> {} @@ 2 :> {}) @@
        k1 :> (0 :> {"fail"} @@ 1 :> {} @@ 2 :> {}) ),
  genesis |-> TRUE,
  conflict |-> {},
  lease |-> "none",
  hist |->
      << [ op |-> "genesis",
           key |-> <<k0, 0>>,
           result |-> "none",
           rank |-> 2,
           accurate |-> TRUE,
           n |-> k0,
           kind |-> "judgment",
           truth |-> TRUE ],
         [ op |-> "observe",
           key |-> <<k0, 0>>,
           result |-> "fail",
           rank |-> 1,
           accurate |-> TRUE,
           n |-> k0,
           kind |-> "judgment",
           truth |-> FALSE ],
         [ op |-> "observe",
           key |-> <<k0, 0>>,
           result |-> "pass",
           rank |-> 1,
           accurate |-> FALSE,
           n |-> k0,
           kind |-> "judgment",
           truth |-> FALSE ],
         [ op |-> "edit",
           key |-> <<k0, 1>>,
           result |-> "none",
           rank |-> 0,
           accurate |-> FALSE,
           n |-> k0,
           kind |-> "judgment",
           truth |-> FALSE ],
         [ op |-> "defer",
           key |-> <<k0, 1>>,
           result |-> "none",
           rank |-> 3,
           accurate |-> TRUE,
           n |-> k0,
           kind |-> "judgment",
           truth |-> FALSE ],
         [ op |-> "commit",
           key |-> <<k0, 1>>,
           result |-> "none",
           rank |-> 0,
           accurate |-> FALSE,
           n |-> k0,
           kind |-> "judgment",
           truth |-> FALSE ] >>,
  ver |-> (k0 :> 1 @@ k1 :> 0),
  trunk |-> (k0 :> 1 @@ k1 :> 0),
  epoch |-> 1,
  inputs |-> 4,
  blocks |-> {},
  reproduced |-> {},
  waivers |-> {},
  deferrals |-> {<<k0, 1>>},
  stateW |-> {},
  queue |-> <<>>,
  done |-> {k0},
  eval |->
      ( k0 :> [ver |-> 1, epoch |-> 0, valid |-> TRUE, at |-> 5] @@
        k1 :> [ver |-> 0, epoch |-> 0, valid |-> FALSE, at |-> 0] ),
  receipts |->
      << [ key |-> <<k0, 1>>,
           n |-> k0,
           truth |-> FALSE,
           deferred |-> TRUE,
           lease |-> "none",
           stateW |-> FALSE,
           at |-> 5,
           prekey |-> <<k0, 0>>,
           pretruth |-> FALSE,
           evalAt |-> 5,
           waived |-> FALSE,
           debt |-> TRUE ] >> ]
/\ x = [unused |-> TRUE]

33 states generated, 33 distinct states found, 3 states left on queue.
The depth of the complete state graph search is 9.
Finished in 00s at (2026-10-08 21:48:39)
