+ set -u
++ dirname formal/a3/check.sh
+ cd formal/a3
+ mkdir -p runs
+ mod=PiDagAuth3
+ modes=a3
+ props=AllSafety
+ consts='Scope = "free"; MaxLog = 8; Owner = Owner; P1 = P1; P2 = P2; W1 = W1; W2 = W2'
+ tag=-free-sim8-smoke
+ dl=
+ '[' 0 = 1 ']'
+ sim=
+ '[' -n num=1000 ']'
+ sim='-simulate num=1000 -depth 8'
+ errs=0
+ for mode in $modes
+ for p in $props
+ kind=INVARIANT
+ name=AllSafety
+ case $p in
+ base=runs/PiDagAuth3-a3-AllSafety-free-sim8-smoke
+ echo CONSTANTS
+ echo '  Mode = "a3"'
+ echo 'Scope = "free"; MaxLog = 8; Owner = Owner; P1 = P1; P2 = P2; W1 = W1; W2 = W2'
+ tr ';' '\n'
+ sed 's/^ */  /'
+ echo 'SPECIFICATION Spec'
+ echo 'INVARIANT AllSafety'
++ sha256sum PiDagAuth3.tla
++ cut -c1-64
+ echo '# module sha256 4e33cdf2dc776ed8501dab5cd3f86805a9ea8b3e63e2ac7a46d4badd259f21c0'
++ sha256sum runs/PiDagAuth3-a3-AllSafety-free-sim8-smoke.cfg
++ cut -c1-64
+ echo '# cfg    sha256 54f1550a86515ceb9cd99d169be898547dbafc3f991a912fe300f9fdf292cb2a'
++ date -Is
+ echo '# flags  <deadlock checked> -simulate num=1000 -depth 8 2026-10-08T21:34:52+08:00'
+ timeout 20 java -Xmx1g -XX:+UseParallelGC -cp ../tla2tools.jar tlc2.TLC -noGenerateSpecTE -workers 4 -simulate num=1000 -depth 8 -metadir runs/PiDagAuth3-a3-AllSafety-free-sim8-smoke.states -config runs/PiDagAuth3-a3-AllSafety-free-sim8-smoke.cfg PiDagAuth3.tla
+ rc=0
+ rm -rf runs/PiDagAuth3-a3-AllSafety-free-sim8-smoke.states
+ grep -q 'No error has been found' runs/PiDagAuth3-a3-AllSafety-free-sim8-smoke.log
+ grep -qE 'is violated|was violated|Deadlock reached|Temporal properties were violated' runs/PiDagAuth3-a3-AllSafety-free-sim8-smoke.log
+ '[' -n '-simulate num=1000 -depth 8' ']'
+ grep -qE '^Finished|The number of states generated' runs/PiDagAuth3-a3-AllSafety-free-sim8-smoke.log
+ grep -q '^Error' runs/PiDagAuth3-a3-AllSafety-free-sim8-smoke.log
+ r=HOLDS-SIM
++ grep -oE '[0-9,]+ distinct states found' runs/PiDagAuth3-a3-AllSafety-free-sim8-smoke.log
++ tail -1
+ printf '%-16s %-6s %-22s %-9s %s\n' PiDagAuth3 a3 AllSafety HOLDS-SIM ''
+ exit 0
