# module sha256 4e33cdf2dc776ed8501dab5cd3f86805a9ea8b3e63e2ac7a46d4badd259f21c0
# cfg    sha256 7ee75847b86290abc558fa819ed5459f0e8ac21e6318d6d196ff3aef1ce4a42b
# flags  <deadlock checked> <exhaustive> 2026-10-08T22:13:19+08:00
TLC2 Version 2026.10.06.014338 (rev: 94d0c50)
Running breadth-first search Model-Checking with fp 21 and seed -498920895993648514 with 4 workers on 20 cores with 910MB heap and 64MB offheap memory [pid: 3486503] (Linux 5.15.0-139-generic amd64, Ubuntu 11.0.27 64bit, MSBDiskFPSet, DiskStateQueue).
Parsing file /home/purboo/project/pi-things/pi-dag/formal/a3/PiDagAuth3.tla
Parsing file /tmp/tlc-40607222512189836/Integers.tla (jar:file:/home/purboo/project/pi-things/pi-dag/formal/tla2tools.jar!/tla2sany/StandardModules/Integers.tla)
Parsing file /tmp/tlc-40607222512189836/Sequences.tla (jar:file:/home/purboo/project/pi-things/pi-dag/formal/tla2tools.jar!/tla2sany/StandardModules/Sequences.tla)
Parsing file /tmp/tlc-40607222512189836/FiniteSets.tla (jar:file:/home/purboo/project/pi-things/pi-dag/formal/tla2tools.jar!/tla2sany/StandardModules/FiniteSets.tla)
Parsing file /tmp/tlc-40607222512189836/TLC.tla (jar:file:/home/purboo/project/pi-things/pi-dag/formal/tla2tools.jar!/tla2sany/StandardModules/TLC.tla)
Parsing file /tmp/tlc-40607222512189836/Naturals.tla (jar:file:/home/purboo/project/pi-things/pi-dag/formal/tla2tools.jar!/tla2sany/StandardModules/Naturals.tla)
Semantic processing of module Naturals
Semantic processing of module Integers
Semantic processing of module Sequences
Semantic processing of module FiniteSets
Semantic processing of module TLC
Semantic processing of module PiDagAuth3
Linting of module PiDagAuth3
Starting... (2026-10-08 22:13:19)
Computing initial states...
Computed 2 initial states...
Computed 4 initial states...
Computed 8 initial states...
Computed 16 initial states...
Finished computing initial states: 18 distinct states generated at 2026-10-08 22:13:19.
Error: Invariant NothingMerged is violated.
Error: The behavior up to this point is:
State 1: <Initial predicate>
/\ content = 0
/\ lawWinner = "none"
/\ slots = {W1, W2}
/\ authors = [n1 |-> W1, n2 |-> W2]
/\ log = <<>>
/\ lawView = (P1 :> -1 @@ P2 :> -1)
/\ accepted = {}
/\ pending = { [ type |-> "merge",
    from |-> Owner,
    to |-> Owner,
    scope |-> {},
    node |-> "n1",
    value |-> 0 ] }
/\ conflict = FALSE
/\ merged = FALSE
/\ edges = {}
/\ everSlots = {W1, W2}
/\ resolver = "none"
/\ family = "good"
/\ key = 0
/\ invalid = {}
/\ lawValue = -1

State 2: <Advance line 311, col 16 to line 311, col 47 of module PiDagAuth3>
/\ content = 0
/\ lawWinner = "none"
/\ slots = {W1, W2}
/\ authors = [n1 |-> W1, n2 |-> W2]
/\ log = << [ type |-> "merge",
     from |-> Owner,
     to |-> Owner,
     scope |-> {},
     node |-> "n1",
     value |-> 0,
     key |-> 0,
     content |-> 0 ] >>
/\ lawView = (P1 :> -1 @@ P2 :> -1)
/\ accepted = {}
/\ pending = {}
/\ conflict = FALSE
/\ merged = TRUE
/\ edges = {}
/\ everSlots = {W1, W2}
/\ resolver = "none"
/\ family = "good"
/\ key = 0
/\ invalid = {}
/\ lawValue = -1

199 states generated, 196 distinct states found, 127 states left on queue.
The depth of the complete state graph search is 3.
Finished in 00s at (2026-10-08 22:13:19)
