# module sha256 65dadcf33e0dbf772dc4b7df47e6898dbcd7db705d32f80f52cde863e5224310
# cfg    sha256 133aea005ddf7983824859677f0660e3f38896b5027e4b43464bedb9f91de93e
# flags  <deadlock checked> <exhaustive> 2026-10-08T21:48:50+08:00
TLC2 Version 2026.10.06.014338 (rev: 94d0c50)
Running breadth-first search Model-Checking with fp 86 and seed -1371636478953124756 with 1 worker on 20 cores with 477MB heap and 64MB offheap memory [pid: 3454832] (Linux 5.15.0-139-generic amd64, Ubuntu 11.0.27 64bit, MSBDiskFPSet, DiskStateQueue).
Parsing file /home/purboo/project/pi-things/pi-dag/formal/a3/PiDagMerge.tla
Parsing file /tmp/tlc-330678872642227554/Naturals.tla (jar:file:/home/purboo/project/pi-things/pi-dag/formal/tla2tools.jar!/tla2sany/StandardModules/Naturals.tla)
Parsing file /tmp/tlc-330678872642227554/FiniteSets.tla (jar:file:/home/purboo/project/pi-things/pi-dag/formal/tla2tools.jar!/tla2sany/StandardModules/FiniteSets.tla)
Parsing file /tmp/tlc-330678872642227554/Sequences.tla (jar:file:/home/purboo/project/pi-things/pi-dag/formal/tla2tools.jar!/tla2sany/StandardModules/Sequences.tla)
Parsing file /tmp/tlc-330678872642227554/TLC.tla (jar:file:/home/purboo/project/pi-things/pi-dag/formal/tla2tools.jar!/tla2sany/StandardModules/TLC.tla)
Semantic processing of module Naturals
Semantic processing of module Sequences
Semantic processing of module FiniteSets
Semantic processing of module TLC
Semantic processing of module PiDagMerge
Linting of module PiDagMerge
Starting... (2026-10-08 21:48:51)
Computing initial states...
Finished computing initial states: 1 distinct state generated at 2026-10-08 21:48:51.
Error: Action property NoNewBreakage is violated.
Error: The behavior up to this point is:
State 1: <Initial predicate>
/\ f = [unused |-> TRUE]
/\ x = [ key |-> k0,
  rank |-> 0,
  truth |-> TRUE,
  phase |-> "genesis",
  obs |-> (k0 :> {} @@ k1 :> {}),
  genesis |-> FALSE,
  head |-> 0,
  snap |-> 0,
  sealed |-> FALSE,
  conflict |-> FALSE,
  accurateSeen |-> FALSE,
  original |-> {},
  rerunDone |-> FALSE,
  merged |-> FALSE,
  badMerged |-> FALSE,
  freshBlockMerged |-> FALSE,
  unobservedMerged |-> FALSE,
  waivedStateMerged |-> FALSE,
  deferred |-> FALSE,
  waiver |-> FALSE,
  stateWaiver |-> FALSE,
  debtAfter |-> FALSE,
  lateBlock |-> FALSE,
  invalidated |-> FALSE,
  lease |-> FALSE,
  leaseUsed |-> FALSE,
  conflictMerge |-> FALSE,
  unrelated |-> FALSE,
  hist |-> <<>> ]

State 2: <Next line 303, col 9 to line 305, col 38 of module PiDagMerge>
/\ f = [unused |-> TRUE]
/\ x = [ key |-> k0,
  rank |-> 0,
  truth |-> TRUE,
  phase |-> "start",
  obs |-> (k0 :> {} @@ k1 :> {}),
  genesis |-> TRUE,
  head |-> 1,
  snap |-> 0,
  sealed |-> FALSE,
  conflict |-> FALSE,
  accurateSeen |-> FALSE,
  original |-> {},
  rerunDone |-> FALSE,
  merged |-> FALSE,
  badMerged |-> FALSE,
  freshBlockMerged |-> FALSE,
  unobservedMerged |-> FALSE,
  waivedStateMerged |-> FALSE,
  deferred |-> FALSE,
  waiver |-> FALSE,
  stateWaiver |-> FALSE,
  debtAfter |-> FALSE,
  lateBlock |-> FALSE,
  invalidated |-> FALSE,
  lease |-> FALSE,
  leaseUsed |-> FALSE,
  conflictMerge |-> FALSE,
  unrelated |-> FALSE,
  hist |-> <<>> ]

State 3: <Next line 303, col 9 to line 305, col 38 of module PiDagMerge>
/\ f = [unused |-> TRUE]
/\ x = [ key |-> k1,
  rank |-> 0,
  truth |-> TRUE,
  phase |-> "observe",
  obs |-> (k0 :> {} @@ k1 :> {}),
  genesis |-> TRUE,
  head |-> 1,
  snap |-> 0,
  sealed |-> FALSE,
  conflict |-> FALSE,
  accurateSeen |-> FALSE,
  original |-> {},
  rerunDone |-> FALSE,
  merged |-> FALSE,
  badMerged |-> FALSE,
  freshBlockMerged |-> FALSE,
  unobservedMerged |-> FALSE,
  waivedStateMerged |-> FALSE,
  deferred |-> FALSE,
  waiver |-> FALSE,
  stateWaiver |-> FALSE,
  debtAfter |-> FALSE,
  lateBlock |-> FALSE,
  invalidated |-> FALSE,
  lease |-> FALSE,
  leaseUsed |-> FALSE,
  conflictMerge |-> FALSE,
  unrelated |-> FALSE,
  hist |-> <<>> ]

State 4: <Next line 303, col 9 to line 305, col 38 of module PiDagMerge>
/\ f = [unused |-> TRUE]
/\ x = [ key |-> k1,
  rank |-> 0,
  truth |-> TRUE,
  phase |-> "decide",
  obs |-> (k0 :> {} @@ k1 :> {}),
  genesis |-> TRUE,
  head |-> 2,
  snap |-> 0,
  sealed |-> FALSE,
  conflict |-> FALSE,
  accurateSeen |-> FALSE,
  original |-> {},
  rerunDone |-> FALSE,
  merged |-> FALSE,
  badMerged |-> FALSE,
  freshBlockMerged |-> FALSE,
  unobservedMerged |-> FALSE,
  waivedStateMerged |-> FALSE,
  deferred |-> FALSE,
  waiver |-> FALSE,
  stateWaiver |-> FALSE,
  debtAfter |-> FALSE,
  lateBlock |-> FALSE,
  invalidated |-> FALSE,
  lease |-> FALSE,
  leaseUsed |-> FALSE,
  conflictMerge |-> FALSE,
  unrelated |-> FALSE,
  hist |->
      << [ op |-> "observe",
           key |-> k1,
           result |-> "unknown",
           rank |-> 1,
           accurate |-> FALSE,
           n |-> k0,
           kind |-> "state",
           truth |-> FALSE ] >> ]

State 5: <Next line 303, col 9 to line 305, col 38 of module PiDagMerge>
/\ f = [unused |-> TRUE]
/\ x = [ key |-> k1,
  rank |-> 0,
  truth |-> TRUE,
  phase |-> "commit",
  obs |-> (k0 :> {} @@ k1 :> {}),
  genesis |-> TRUE,
  head |-> 2,
  snap |-> 2,
  sealed |-> FALSE,
  conflict |-> FALSE,
  accurateSeen |-> FALSE,
  original |-> {},
  rerunDone |-> FALSE,
  merged |-> FALSE,
  badMerged |-> FALSE,
  freshBlockMerged |-> FALSE,
  unobservedMerged |-> FALSE,
  waivedStateMerged |-> FALSE,
  deferred |-> FALSE,
  waiver |-> FALSE,
  stateWaiver |-> FALSE,
  debtAfter |-> FALSE,
  lateBlock |-> FALSE,
  invalidated |-> FALSE,
  lease |-> FALSE,
  leaseUsed |-> FALSE,
  conflictMerge |-> FALSE,
  unrelated |-> FALSE,
  hist |->
      << [ op |-> "observe",
           key |-> k1,
           result |-> "unknown",
           rank |-> 1,
           accurate |-> FALSE,
           n |-> k0,
           kind |-> "state",
           truth |-> FALSE ] >> ]

State 6: <Next line 303, col 9 to line 305, col 38 of module PiDagMerge>
/\ f = [unused |-> TRUE]
/\ x = [ key |-> k1,
  rank |-> 0,
  truth |-> FALSE,
  phase |-> "done",
  obs |-> (k0 :> {} @@ k1 :> {}),
  genesis |-> TRUE,
  head |-> 3,
  snap |-> 2,
  sealed |-> FALSE,
  conflict |-> FALSE,
  accurateSeen |-> FALSE,
  original |-> {},
  rerunDone |-> FALSE,
  merged |-> TRUE,
  badMerged |-> FALSE,
  freshBlockMerged |-> FALSE,
  unobservedMerged |-> FALSE,
  waivedStateMerged |-> FALSE,
  deferred |-> FALSE,
  waiver |-> FALSE,
  stateWaiver |-> FALSE,
  debtAfter |-> TRUE,
  lateBlock |-> FALSE,
  invalidated |-> FALSE,
  lease |-> FALSE,
  leaseUsed |-> FALSE,
  conflictMerge |-> FALSE,
  unrelated |-> FALSE,
  hist |->
      << [ op |-> "observe",
           key |-> k1,
           result |-> "unknown",
           rank |-> 1,
           accurate |-> FALSE,
           n |-> k0,
           kind |-> "state",
           truth |-> FALSE ] >> ]

8 states generated, 8 distinct states found, 2 states left on queue.
The depth of the complete state graph search is 6.
Finished in 00s at (2026-10-08 21:48:51)
