# module sha256 65dadcf33e0dbf772dc4b7df47e6898dbcd7db705d32f80f52cde863e5224310
# cfg    sha256 9462ffbe346a18aa3a076fe3093d7c357cf468b70f2675ba906be12f24b181e7
# flags  <deadlock checked> -simulate num=2000 -depth 20 2026-10-08T21:50:59+08:00
TLC2 Version 2026.10.06.014338 (rev: 94d0c50)
Running Random Simulation with seed -2410743108621959736 with 4 workers on 20 cores with 910MB heap and 64MB offheap memory [pid: 3459239] (Linux 5.15.0-139-generic amd64, Ubuntu 11.0.27 64bit).
Parsing file /home/purboo/project/pi-things/pi-dag/formal/a3/PiDagMerge.tla
Parsing file /tmp/tlc-14053645436827718272/Naturals.tla (jar:file:/home/purboo/project/pi-things/pi-dag/formal/tla2tools.jar!/tla2sany/StandardModules/Naturals.tla)
Parsing file /tmp/tlc-14053645436827718272/FiniteSets.tla (jar:file:/home/purboo/project/pi-things/pi-dag/formal/tla2tools.jar!/tla2sany/StandardModules/FiniteSets.tla)
Parsing file /tmp/tlc-14053645436827718272/Sequences.tla (jar:file:/home/purboo/project/pi-things/pi-dag/formal/tla2tools.jar!/tla2sany/StandardModules/Sequences.tla)
Parsing file /tmp/tlc-14053645436827718272/TLC.tla (jar:file:/home/purboo/project/pi-things/pi-dag/formal/tla2tools.jar!/tla2sany/StandardModules/TLC.tla)
Semantic processing of module Naturals
Semantic processing of module Sequences
Semantic processing of module FiniteSets
Semantic processing of module TLC
Semantic processing of module PiDagMerge
Linting of module PiDagMerge
Starting... (2026-10-08 21:50:59)
Computed 16 initial states...
Finished computing initial states: 16 distinct state generated at 2026-10-08 21:51:00.
Error: Invariant EscapeAttributable is violated.
Error: The behavior up to this point is:
State 1: <Init line 301, col 9 to line 302, col 48 of module PiDagMerge>
/\ f = [ kind |-> (k0 :> "judgment" @@ k1 :> "execution"),
  truth |->
      ( k0 :> (0 :> FALSE @@ 1 :> TRUE @@ 2 :> TRUE) @@
        k1 :> (0 :> FALSE @@ 1 :> TRUE @@ 2 :> TRUE) ),
  obs |->
      ( k0 :> (0 :> {} @@ 1 :> {} @@ 2 :> {}) @@
        k1 :> (0 :> {} @@ 1 :> {} @@ 2 :> {}) ),
  genesis |-> FALSE,
  conflict |-> {},
  lease |-> "none",
  hist |-> <<>>,
  ver |-> (k0 :> 0 @@ k1 :> 0),
  trunk |-> (k0 :> 0 @@ k1 :> 0),
  epoch |-> 0,
  inputs |-> 0,
  blocks |-> {},
  reproduced |-> {},
  waivers |-> {},
  deferrals |-> {},
  stateW |-> {},
  queue |-> <<>>,
  done |-> {},
  eval |->
      ( k0 :> [ver |-> 0, epoch |-> 0, valid |-> FALSE, at |-> 0] @@
        k1 :> [ver |-> 0, epoch |-> 0, valid |-> FALSE, at |-> 0] ),
  receipts |-> <<>> ]
/\ x = [unused |-> TRUE]

State 2: <Next line 303, col 9 to line 305, col 38 of module PiDagMerge>
/\ f = [ kind |-> (k0 :> "judgment" @@ k1 :> "execution"),
  truth |->
      ( k0 :> (0 :> FALSE @@ 1 :> FALSE @@ 2 :> TRUE) @@
        k1 :> (0 :> FALSE @@ 1 :> TRUE @@ 2 :> TRUE) ),
  obs |->
      ( k0 :> (0 :> {} @@ 1 :> {} @@ 2 :> {}) @@
        k1 :> (0 :> {} @@ 1 :> {} @@ 2 :> {}) ),
  genesis |-> FALSE,
  conflict |-> {},
  lease |-> "none",
  hist |->
      << [ op |-> "edit",
           key |-> <<k0, 1>>,
           result |-> "none",
           rank |-> 0,
           accurate |-> FALSE,
           n |-> k0,
           kind |-> "judgment",
           truth |-> FALSE ] >>,
  ver |-> (k0 :> 1 @@ k1 :> 0),
  trunk |-> (k0 :> 0 @@ k1 :> 0),
  epoch |-> 0,
  inputs |-> 1,
  blocks |-> {},
  reproduced |-> {},
  waivers |-> {},
  deferrals |-> {},
  stateW |-> {},
  queue |-> <<>>,
  done |-> {},
  eval |->
      ( k0 :> [ver |-> 0, epoch |-> 0, valid |-> FALSE, at |-> 0] @@
        k1 :> [ver |-> 0, epoch |-> 0, valid |-> FALSE, at |-> 0] ),
  receipts |-> <<>> ]
/\ x = [unused |-> TRUE]

State 3: <Next line 303, col 9 to line 305, col 38 of module PiDagMerge>
/\ f = [ kind |-> (k0 :> "judgment" @@ k1 :> "execution"),
  truth |->
      ( k0 :> (0 :> FALSE @@ 1 :> FALSE @@ 2 :> TRUE) @@
        k1 :> (0 :> FALSE @@ 1 :> TRUE @@ 2 :> TRUE) ),
  obs |->
      ( k0 :> (0 :> {} @@ 1 :> {"fail"} @@ 2 :> {}) @@
        k1 :> (0 :> {} @@ 1 :> {} @@ 2 :> {}) ),
  genesis |-> FALSE,
  conflict |-> {},
  lease |-> "none",
  hist |->
      << [ op |-> "edit",
           key |-> <<k0, 1>>,
           result |-> "none",
           rank |-> 0,
           accurate |-> FALSE,
           n |-> k0,
           kind |-> "judgment",
           truth |-> FALSE ],
         [ op |-> "observe",
           key |-> <<k0, 1>>,
           result |-> "fail",
           rank |-> 1,
           accurate |-> FALSE,
           n |-> k0,
           kind |-> "judgment",
           truth |-> FALSE ] >>,
  ver |-> (k0 :> 1 @@ k1 :> 0),
  trunk |-> (k0 :> 0 @@ k1 :> 0),
  epoch |-> 0,
  inputs |-> 2,
  blocks |-> {2},
  reproduced |-> {},
  waivers |-> {},
  deferrals |-> {},
  stateW |-> {},
  queue |-> <<>>,
  done |-> {},
  eval |->
      ( k0 :> [ver |-> 0, epoch |-> 0, valid |-> FALSE, at |-> 0] @@
        k1 :> [ver |-> 0, epoch |-> 0, valid |-> FALSE, at |-> 0] ),
  receipts |-> <<>> ]
/\ x = [unused |-> TRUE]

State 4: <Next line 303, col 9 to line 305, col 38 of module PiDagMerge>
/\ f = [ kind |-> (k0 :> "judgment" @@ k1 :> "execution"),
  truth |->
      ( k0 :> (0 :> FALSE @@ 1 :> FALSE @@ 2 :> TRUE) @@
        k1 :> (0 :> FALSE @@ 1 :> TRUE @@ 2 :> TRUE) ),
  obs |->
      ( k0 :> (0 :> {} @@ 1 :> {"fail"} @@ 2 :> {}) @@
        k1 :> (0 :> {} @@ 1 :> {} @@ 2 :> {}) ),
  genesis |-> FALSE,
  conflict |-> {},
  lease |-> "none",
  hist |->
      << [ op |-> "edit",
           key |-> <<k0, 1>>,
           result |-> "none",
           rank |-> 0,
           accurate |-> FALSE,
           n |-> k0,
           kind |-> "judgment",
           truth |-> FALSE ],
         [ op |-> "observe",
           key |-> <<k0, 1>>,
           result |-> "fail",
           rank |-> 1,
           accurate |-> FALSE,
           n |-> k0,
           kind |-> "judgment",
           truth |-> FALSE ],
         [ op |-> "defer",
           key |-> <<k0, 1>>,
           result |-> "none",
           rank |-> 3,
           accurate |-> TRUE,
           n |-> k0,
           kind |-> "judgment",
           truth |-> FALSE ] >>,
  ver |-> (k0 :> 1 @@ k1 :> 0),
  trunk |-> (k0 :> 0 @@ k1 :> 0),
  epoch |-> 0,
  inputs |-> 3,
  blocks |-> {2},
  reproduced |-> {},
  waivers |-> {},
  deferrals |-> {<<k0, 1>>},
  stateW |-> {},
  queue |-> <<>>,
  done |-> {},
  eval |->
      ( k0 :> [ver |-> 0, epoch |-> 0, valid |-> FALSE, at |-> 0] @@
        k1 :> [ver |-> 0, epoch |-> 0, valid |-> FALSE, at |-> 0] ),
  receipts |-> <<>> ]
/\ x = [unused |-> TRUE]

State 5: <Next line 303, col 9 to line 305, col 38 of module PiDagMerge>
/\ f = [ kind |-> (k0 :> "judgment" @@ k1 :> "execution"),
  truth |->
      ( k0 :> (0 :> FALSE @@ 1 :> FALSE @@ 2 :> TRUE) @@
        k1 :> (0 :> FALSE @@ 1 :> TRUE @@ 2 :> TRUE) ),
  obs |->
      ( k0 :> (0 :> {} @@ 1 :> {"fail"} @@ 2 :> {}) @@
        k1 :> (0 :> {} @@ 1 :> {} @@ 2 :> {}) ),
  genesis |-> FALSE,
  conflict |-> {},
  lease |-> "none",
  hist |->
      << [ op |-> "edit",
           key |-> <<k0, 1>>,
           result |-> "none",
           rank |-> 0,
           accurate |-> FALSE,
           n |-> k0,
           kind |-> "judgment",
           truth |-> FALSE ],
         [ op |-> "observe",
           key |-> <<k0, 1>>,
           result |-> "fail",
           rank |-> 1,
           accurate |-> FALSE,
           n |-> k0,
           kind |-> "judgment",
           truth |-> FALSE ],
         [ op |-> "defer",
           key |-> <<k0, 1>>,
           result |-> "none",
           rank |-> 3,
           accurate |-> TRUE,
           n |-> k0,
           kind |-> "judgment",
           truth |-> FALSE ],
         [ op |-> "waiver",
           key |-> <<k0, 1>>,
           result |-> "none",
           rank |-> 3,
           accurate |-> TRUE,
           n |-> k0,
           kind |-> "judgment",
           truth |-> FALSE ] >>,
  ver |-> (k0 :> 1 @@ k1 :> 0),
  trunk |-> (k0 :> 0 @@ k1 :> 0),
  epoch |-> 0,
  inputs |-> 4,
  blocks |-> {2},
  reproduced |-> {},
  waivers |-> {<<k0, 1>>},
  deferrals |-> {<<k0, 1>>},
  stateW |-> {},
  queue |-> <<>>,
  done |-> {},
  eval |->
      ( k0 :> [ver |-> 0, epoch |-> 0, valid |-> FALSE, at |-> 0] @@
        k1 :> [ver |-> 0, epoch |-> 0, valid |-> FALSE, at |-> 0] ),
  receipts |-> <<>> ]
/\ x = [unused |-> TRUE]

State 6: <Next line 303, col 9 to line 305, col 38 of module PiDagMerge>
/\ f = [ kind |-> (k0 :> "judgment" @@ k1 :> "execution"),
  truth |->
      ( k0 :> (0 :> FALSE @@ 1 :> FALSE @@ 2 :> TRUE) @@
        k1 :> (0 :> FALSE @@ 1 :> TRUE @@ 2 :> TRUE) ),
  obs |->
      ( k0 :> (0 :> {} @@ 1 :> {"fail", "pass"} @@ 2 :> {}) @@
        k1 :> (0 :> {} @@ 1 :> {} @@ 2 :> {}) ),
  genesis |-> FALSE,
  conflict |-> {},
  lease |-> "none",
  hist |->
      << [ op |-> "edit",
           key |-> <<k0, 1>>,
           result |-> "none",
           rank |-> 0,
           accurate |-> FALSE,
           n |-> k0,
           kind |-> "judgment",
           truth |-> FALSE ],
         [ op |-> "observe",
           key |-> <<k0, 1>>,
           result |-> "fail",
           rank |-> 1,
           accurate |-> FALSE,
           n |-> k0,
           kind |-> "judgment",
           truth |-> FALSE ],
         [ op |-> "defer",
           key |-> <<k0, 1>>,
           result |-> "none",
           rank |-> 3,
           accurate |-> TRUE,
           n |-> k0,
           kind |-> "judgment",
           truth |-> FALSE ],
         [ op |-> "waiver",
           key |-> <<k0, 1>>,
           result |-> "none",
           rank |-> 3,
           accurate |-> TRUE,
           n |-> k0,
           kind |-> "judgment",
           truth |-> FALSE ],
         [ op |-> "observe",
           key |-> <<k0, 1>>,
           result |-> "pass",
           rank |-> 1,
           accurate |-> FALSE,
           n |-> k0,
           kind |-> "judgment",
           truth |-> FALSE ] >>,
  ver |-> (k0 :> 1 @@ k1 :> 0),
  trunk |-> (k0 :> 0 @@ k1 :> 0),
  epoch |-> 0,
  inputs |-> 5,
  blocks |-> {},
  reproduced |-> {},
  waivers |-> {<<k0, 1>>},
  deferrals |-> {<<k0, 1>>},
  stateW |-> {},
  queue |-> <<>>,
  done |-> {},
  eval |->
      ( k0 :> [ver |-> 0, epoch |-> 0, valid |-> FALSE, at |-> 0] @@
        k1 :> [ver |-> 0, epoch |-> 0, valid |-> FALSE, at |-> 0] ),
  receipts |-> <<>> ]
/\ x = [unused |-> TRUE]

State 7: <Next line 303, col 9 to line 305, col 38 of module PiDagMerge>
/\ f = [ kind |-> (k0 :> "judgment" @@ k1 :> "execution"),
  truth |->
      ( k0 :> (0 :> FALSE @@ 1 :> FALSE @@ 2 :> TRUE) @@
        k1 :> (0 :> FALSE @@ 1 :> TRUE @@ 2 :> TRUE) ),
  obs |->
      ( k0 :> (0 :> {} @@ 1 :> {"fail", "pass"} @@ 2 :> {}) @@
        k1 :> (0 :> {} @@ 1 :> {} @@ 2 :> {}) ),
  genesis |-> FALSE,
  conflict |-> {},
  lease |-> "none",
  hist |->
      << [ op |-> "edit",
           key |-> <<k0, 1>>,
           result |-> "none",
           rank |-> 0,
           accurate |-> FALSE,
           n |-> k0,
           kind |-> "judgment",
           truth |-> FALSE ],
         [ op |-> "observe",
           key |-> <<k0, 1>>,
           result |-> "fail",
           rank |-> 1,
           accurate |-> FALSE,
           n |-> k0,
           kind |-> "judgment",
           truth |-> FALSE ],
         [ op |-> "defer",
           key |-> <<k0, 1>>,
           result |-> "none",
           rank |-> 3,
           accurate |-> TRUE,
           n |-> k0,
           kind |-> "judgment",
           truth |-> FALSE ],
         [ op |-> "waiver",
           key |-> <<k0, 1>>,
           result |-> "none",
           rank |-> 3,
           accurate |-> TRUE,
           n |-> k0,
           kind |-> "judgment",
           truth |-> FALSE ],
         [ op |-> "observe",
           key |-> <<k0, 1>>,
           result |-> "pass",
           rank |-> 1,
           accurate |-> FALSE,
           n |-> k0,
           kind |-> "judgment",
           truth |-> FALSE ],
         [ op |-> "observe",
           key |-> <<k0, 1>>,
           result |-> "fail",
           rank |-> 2,
           accurate |-> FALSE,
           n |-> k0,
           kind |-> "judgment",
           truth |-> FALSE ] >>,
  ver |-> (k0 :> 1 @@ k1 :> 0),
  trunk |-> (k0 :> 0 @@ k1 :> 0),
  epoch |-> 0,
  inputs |-> 6,
  blocks |-> {6},
  reproduced |-> {},
  waivers |-> {<<k0, 1>>},
  deferrals |-> {<<k0, 1>>},
  stateW |-> {},
  queue |-> <<>>,
  done |-> {},
  eval |->
      ( k0 :> [ver |-> 0, epoch |-> 0, valid |-> FALSE, at |-> 0] @@
        k1 :> [ver |-> 0, epoch |-> 0, valid |-> FALSE, at |-> 0] ),
  receipts |-> <<>> ]
/\ x = [unused |-> TRUE]

State 8: <Next line 303, col 9 to line 305, col 38 of module PiDagMerge>
/\ f = [ kind |-> (k0 :> "judgment" @@ k1 :> "execution"),
  truth |->
      ( k0 :> (0 :> FALSE @@ 1 :> FALSE @@ 2 :> TRUE) @@
        k1 :> (0 :> FALSE @@ 1 :> TRUE @@ 2 :> TRUE) ),
  obs |->
      ( k0 :> (0 :> {} @@ 1 :> {"fail", "pass"} @@ 2 :> {}) @@
        k1 :> (0 :> {} @@ 1 :> {} @@ 2 :> {}) ),
  genesis |-> FALSE,
  conflict |-> {},
  lease |-> "none",
  hist |->
      << [ op |-> "edit",
           key |-> <<k0, 1>>,
           result |-> "none",
           rank |-> 0,
           accurate |-> FALSE,
           n |-> k0,
           kind |-> "judgment",
           truth |-> FALSE ],
         [ op |-> "observe",
           key |-> <<k0, 1>>,
           result |-> "fail",
           rank |-> 1,
           accurate |-> FALSE,
           n |-> k0,
           kind |-> "judgment",
           truth |-> FALSE ],
         [ op |-> "defer",
           key |-> <<k0, 1>>,
           result |-> "none",
           rank |-> 3,
           accurate |-> TRUE,
           n |-> k0,
           kind |-> "judgment",
           truth |-> FALSE ],
         [ op |-> "waiver",
           key |-> <<k0, 1>>,
           result |-> "none",
           rank |-> 3,
           accurate |-> TRUE,
           n |-> k0,
           kind |-> "judgment",
           truth |-> FALSE ],
         [ op |-> "observe",
           key |-> <<k0, 1>>,
           result |-> "pass",
           rank |-> 1,
           accurate |-> FALSE,
           n |-> k0,
           kind |-> "judgment",
           truth |-> FALSE ],
         [ op |-> "observe",
           key |-> <<k0, 1>>,
           result |-> "fail",
           rank |-> 2,
           accurate |-> FALSE,
           n |-> k0,
           kind |-> "judgment",
           truth |-> FALSE ],
         [ op |-> "observe",
           key |-> <<k0, 1>>,
           result |-> "fail",
           rank |-> 2,
           accurate |-> FALSE,
           n |-> k0,
           kind |-> "judgment",
           truth |-> FALSE ] >>,
  ver |-> (k0 :> 1 @@ k1 :> 0),
  trunk |-> (k0 :> 0 @@ k1 :> 0),
  epoch |-> 0,
  inputs |-> 7,
  blocks |-> {6, 7},
  reproduced |-> {},
  waivers |-> {<<k0, 1>>},
  deferrals |-> {<<k0, 1>>},
  stateW |-> {},
  queue |-> <<>>,
  done |-> {},
  eval |->
      ( k0 :> [ver |-> 0, epoch |-> 0, valid |-> FALSE, at |-> 0] @@
        k1 :> [ver |-> 0, epoch |-> 0, valid |-> FALSE, at |-> 0] ),
  receipts |-> <<>> ]
/\ x = [unused |-> TRUE]

State 9: <Next line 303, col 9 to line 305, col 38 of module PiDagMerge>
/\ f = [ kind |-> (k0 :> "judgment" @@ k1 :> "execution"),
  truth |->
      ( k0 :> (0 :> FALSE @@ 1 :> FALSE @@ 2 :> FALSE) @@
        k1 :> (0 :> FALSE @@ 1 :> TRUE @@ 2 :> TRUE) ),
  obs |->
      ( k0 :> (0 :> {} @@ 1 :> {"fail", "pass"} @@ 2 :> {}) @@
        k1 :> (0 :> {} @@ 1 :> {} @@ 2 :> {}) ),
  genesis |-> FALSE,
  conflict |-> {},
  lease |-> "none",
  hist |->
      << [ op |-> "edit",
           key |-> <<k0, 1>>,
           result |-> "none",
           rank |-> 0,
           accurate |-> FALSE,
           n |-> k0,
           kind |-> "judgment",
           truth |-> FALSE ],
         [ op |-> "observe",
           key |-> <<k0, 1>>,
           result |-> "fail",
           rank |-> 1,
           accurate |-> FALSE,
           n |-> k0,
           kind |-> "judgment",
           truth |-> FALSE ],
         [ op |-> "defer",
           key |-> <<k0, 1>>,
           result |-> "none",
           rank |-> 3,
           accurate |-> TRUE,
           n |-> k0,
           kind |-> "judgment",
           truth |-> FALSE ],
         [ op |-> "waiver",
           key |-> <<k0, 1>>,
           result |-> "none",
           rank |-> 3,
           accurate |-> TRUE,
           n |-> k0,
           kind |-> "judgment",
           truth |-> FALSE ],
         [ op |-> "observe",
           key |-> <<k0, 1>>,
           result |-> "pass",
           rank |-> 1,
           accurate |-> FALSE,
           n |-> k0,
           kind |-> "judgment",
           truth |-> FALSE ],
         [ op |-> "observe",
           key |-> <<k0, 1>>,
           result |-> "fail",
           rank |-> 2,
           accurate |-> FALSE,
           n |-> k0,
           kind |-> "judgment",
           truth |-> FALSE ],
         [ op |-> "observe",
           key |-> <<k0, 1>>,
           result |-> "fail",
           rank |-> 2,
           accurate |-> FALSE,
           n |-> k0,
           kind |-> "judgment",
           truth |-> FALSE ],
         [ op |-> "edit",
           key |-> <<k0, 2>>,
           result |-> "none",
           rank |-> 0,
           accurate |-> FALSE,
           n |-> k0,
           kind |-> "judgment",
           truth |-> FALSE ] >>,
  ver |-> (k0 :> 2 @@ k1 :> 0),
  trunk |-> (k0 :> 0 @@ k1 :> 0),
  epoch |-> 0,
  inputs |-> 8,
  blocks |-> {6, 7},
  reproduced |-> {},
  waivers |-> {<<k0, 1>>},
  deferrals |-> {<<k0, 1>>},
  stateW |-> {},
  queue |-> <<>>,
  done |-> {},
  eval |->
      ( k0 :> [ver |-> 0, epoch |-> 0, valid |-> FALSE, at |-> 0] @@
        k1 :> [ver |-> 0, epoch |-> 0, valid |-> FALSE, at |-> 0] ),
  receipts |-> <<>> ]
/\ x = [unused |-> TRUE]

State 10: <Next line 303, col 9 to line 305, col 38 of module PiDagMerge>
/\ f = [ kind |-> (k0 :> "judgment" @@ k1 :> "execution"),
  truth |->
      ( k0 :> (0 :> FALSE @@ 1 :> FALSE @@ 2 :> FALSE) @@
        k1 :> (0 :> FALSE @@ 1 :> TRUE @@ 2 :> TRUE) ),
  obs |->
      ( k0 :> (0 :> {} @@ 1 :> {"fail", "pass"} @@ 2 :> {}) @@
        k1 :> (0 :> {} @@ 1 :> {} @@ 2 :> {}) ),
  genesis |-> FALSE,
  conflict |-> {},
  lease |-> "none",
  hist |->
      << [ op |-> "edit",
           key |-> <<k0, 1>>,
           result |-> "none",
           rank |-> 0,
           accurate |-> FALSE,
           n |-> k0,
           kind |-> "judgment",
           truth |-> FALSE ],
         [ op |-> "observe",
           key |-> <<k0, 1>>,
           result |-> "fail",
           rank |-> 1,
           accurate |-> FALSE,
           n |-> k0,
           kind |-> "judgment",
           truth |-> FALSE ],
         [ op |-> "defer",
           key |-> <<k0, 1>>,
           result |-> "none",
           rank |-> 3,
           accurate |-> TRUE,
           n |-> k0,
           kind |-> "judgment",
           truth |-> FALSE ],
         [ op |-> "waiver",
           key |-> <<k0, 1>>,
           result |-> "none",
           rank |-> 3,
           accurate |-> TRUE,
           n |-> k0,
           kind |-> "judgment",
           truth |-> FALSE ],
         [ op |-> "observe",
           key |-> <<k0, 1>>,
           result |-> "pass",
           rank |-> 1,
           accurate |-> FALSE,
           n |-> k0,
           kind |-> "judgment",
           truth |-> FALSE ],
         [ op |-> "observe",
           key |-> <<k0, 1>>,
           result |-> "fail",
           rank |-> 2,
           accurate |-> FALSE,
           n |-> k0,
           kind |-> "judgment",
           truth |-> FALSE ],
         [ op |-> "observe",
           key |-> <<k0, 1>>,
           result |-> "fail",
           rank |-> 2,
           accurate |-> FALSE,
           n |-> k0,
           kind |-> "judgment",
           truth |-> FALSE ],
         [ op |-> "edit",
           key |-> <<k0, 2>>,
           result |-> "none",
           rank |-> 0,
           accurate |-> FALSE,
           n |-> k0,
           kind |-> "judgment",
           truth |-> FALSE ] >>,
  ver |-> (k0 :> 2 @@ k1 :> 0),
  trunk |-> (k0 :> 0 @@ k1 :> 0),
  epoch |-> 0,
  inputs |-> 8,
  blocks |-> {6, 7},
  reproduced |-> {},
  waivers |-> {<<k0, 1>>},
  deferrals |-> {<<k0, 1>>},
  stateW |-> {},
  queue |-> <<k1>>,
  done |-> {},
  eval |->
      ( k0 :> [ver |-> 0, epoch |-> 0, valid |-> FALSE, at |-> 0] @@
        k1 :> [ver |-> 0, epoch |-> 0, valid |-> FALSE, at |-> 0] ),
  receipts |-> <<>> ]
/\ x = [unused |-> TRUE]

State 11: <Next line 303, col 9 to line 305, col 38 of module PiDagMerge>
/\ f = [ kind |-> (k0 :> "judgment" @@ k1 :> "execution"),
  truth |->
      ( k0 :> (0 :> FALSE @@ 1 :> FALSE @@ 2 :> FALSE) @@
        k1 :> (0 :> FALSE @@ 1 :> TRUE @@ 2 :> TRUE) ),
  obs |->
      ( k0 :> (0 :> {"fail"} @@ 1 :> {"fail", "pass"} @@ 2 :> {}) @@
        k1 :> (0 :> {"fail"} @@ 1 :> {} @@ 2 :> {}) ),
  genesis |-> TRUE,
  conflict |-> {},
  lease |-> "none",
  hist |->
      << [ op |-> "edit",
           key |-> <<k0, 1>>,
           result |-> "none",
           rank |-> 0,
           accurate |-> FALSE,
           n |-> k0,
           kind |-> "judgment",
           truth |-> FALSE ],
         [ op |-> "observe",
           key |-> <<k0, 1>>,
           result |-> "fail",
           rank |-> 1,
           accurate |-> FALSE,
           n |-> k0,
           kind |-> "judgment",
           truth |-> FALSE ],
         [ op |-> "defer",
           key |-> <<k0, 1>>,
           result |-> "none",
           rank |-> 3,
           accurate |-> TRUE,
           n |-> k0,
           kind |-> "judgment",
           truth |-> FALSE ],
         [ op |-> "waiver",
           key |-> <<k0, 1>>,
           result |-> "none",
           rank |-> 3,
           accurate |-> TRUE,
           n |-> k0,
           kind |-> "judgment",
           truth |-> FALSE ],
         [ op |-> "observe",
           key |-> <<k0, 1>>,
           result |-> "pass",
           rank |-> 1,
           accurate |-> FALSE,
           n |-> k0,
           kind |-> "judgment",
           truth |-> FALSE ],
         [ op |-> "observe",
           key |-> <<k0, 1>>,
           result |-> "fail",
           rank |-> 2,
           accurate |-> FALSE,
           n |-> k0,
           kind |-> "judgment",
           truth |-> FALSE ],
         [ op |-> "observe",
           key |-> <<k0, 1>>,
           result |-> "fail",
           rank |-> 2,
           accurate |-> FALSE,
           n |-> k0,
           kind |-> "judgment",
           truth |-> FALSE ],
         [ op |-> "edit",
           key |-> <<k0, 2>>,
           result |-> "none",
           rank |-> 0,
           accurate |-> FALSE,
           n |-> k0,
           kind |-> "judgment",
           truth |-> FALSE ],
         [ op |-> "genesis",
           key |-> <<k0, 0>>,
           result |-> "none",
           rank |-> 2,
           accurate |-> TRUE,
           n |-> k0,
           kind |-> "judgment",
           truth |-> TRUE ] >>,
  ver |-> (k0 :> 2 @@ k1 :> 0),
  trunk |-> (k0 :> 0 @@ k1 :> 0),
  epoch |-> 0,
  inputs |-> 8,
  blocks |-> {6, 7},
  reproduced |-> {},
  waivers |-> {<<k0, 1>>},
  deferrals |-> {<<k0, 1>>},
  stateW |-> {},
  queue |-> <<k1>>,
  done |-> {},
  eval |->
      ( k0 :> [ver |-> 0, epoch |-> 0, valid |-> FALSE, at |-> 0] @@
        k1 :> [ver |-> 0, epoch |-> 0, valid |-> FALSE, at |-> 0] ),
  receipts |-> <<>> ]
/\ x = [unused |-> TRUE]

State 12: <Next line 303, col 9 to line 305, col 38 of module PiDagMerge>
/\ f = [ kind |-> (k0 :> "judgment" @@ k1 :> "execution"),
  truth |->
      ( k0 :> (0 :> FALSE @@ 1 :> FALSE @@ 2 :> FALSE) @@
        k1 :> (0 :> FALSE @@ 1 :> TRUE @@ 2 :> TRUE) ),
  obs |->
      ( k0 :> (0 :> {"fail"} @@ 1 :> {"fail", "pass"} @@ 2 :> {}) @@
        k1 :> (0 :> {"fail"} @@ 1 :> {} @@ 2 :> {}) ),
  genesis |-> TRUE,
  conflict |-> {},
  lease |-> "none",
  hist |->
      << [ op |-> "edit",
           key |-> <<k0, 1>>,
           result |-> "none",
           rank |-> 0,
           accurate |-> FALSE,
           n |-> k0,
           kind |-> "judgment",
           truth |-> FALSE ],
         [ op |-> "observe",
           key |-> <<k0, 1>>,
           result |-> "fail",
           rank |-> 1,
           accurate |-> FALSE,
           n |-> k0,
           kind |-> "judgment",
           truth |-> FALSE ],
         [ op |-> "defer",
           key |-> <<k0, 1>>,
           result |-> "none",
           rank |-> 3,
           accurate |-> TRUE,
           n |-> k0,
           kind |-> "judgment",
           truth |-> FALSE ],
         [ op |-> "waiver",
           key |-> <<k0, 1>>,
           result |-> "none",
           rank |-> 3,
           accurate |-> TRUE,
           n |-> k0,
           kind |-> "judgment",
           truth |-> FALSE ],
         [ op |-> "observe",
           key |-> <<k0, 1>>,
           result |-> "pass",
           rank |-> 1,
           accurate |-> FALSE,
           n |-> k0,
           kind |-> "judgment",
           truth |-> FALSE ],
         [ op |-> "observe",
           key |-> <<k0, 1>>,
           result |-> "fail",
           rank |-> 2,
           accurate |-> FALSE,
           n |-> k0,
           kind |-> "judgment",
           truth |-> FALSE ],
         [ op |-> "observe",
           key |-> <<k0, 1>>,
           result |-> "fail",
           rank |-> 2,
           accurate |-> FALSE,
           n |-> k0,
           kind |-> "judgment",
           truth |-> FALSE ],
         [ op |-> "edit",
           key |-> <<k0, 2>>,
           result |-> "none",
           rank |-> 0,
           accurate |-> FALSE,
           n |-> k0,
           kind |-> "judgment",
           truth |-> FALSE ],
         [ op |-> "genesis",
           key |-> <<k0, 0>>,
           result |-> "none",
           rank |-> 2,
           accurate |-> TRUE,
           n |-> k0,
           kind |-> "judgment",
           truth |-> TRUE ] >>,
  ver |-> (k0 :> 2 @@ k1 :> 0),
  trunk |-> (k0 :> 0 @@ k1 :> 0),
  epoch |-> 0,
  inputs |-> 8,
  blocks |-> {6, 7},
  reproduced |-> {},
  waivers |-> {<<k0, 1>>},
  deferrals |-> {<<k0, 1>>},
  stateW |-> {},
  queue |-> <<k1, k0>>,
  done |-> {},
  eval |->
      ( k0 :> [ver |-> 0, epoch |-> 0, valid |-> FALSE, at |-> 0] @@
        k1 :> [ver |-> 0, epoch |-> 0, valid |-> FALSE, at |-> 0] ),
  receipts |-> <<>> ]
/\ x = [unused |-> TRUE]

State 13: <Next line 303, col 9 to line 305, col 38 of module PiDagMerge>
/\ f = [ kind |-> (k0 :> "judgment" @@ k1 :> "execution"),
  truth |->
      ( k0 :> (0 :> FALSE @@ 1 :> FALSE @@ 2 :> FALSE) @@
        k1 :> (0 :> FALSE @@ 1 :> TRUE @@ 2 :> TRUE) ),
  obs |->
      ( k0 :> (0 :> {"fail"} @@ 1 :> {"fail", "pass"} @@ 2 :> {}) @@
        k1 :> (0 :> {"fail"} @@ 1 :> {} @@ 2 :> {}) ),
  genesis |-> TRUE,
  conflict |-> {},
  lease |-> "none",
  hist |->
      << [ op |-> "edit",
           key |-> <<k0, 1>>,
           result |-> "none",
           rank |-> 0,
           accurate |-> FALSE,
           n |-> k0,
           kind |-> "judgment",
           truth |-> FALSE ],
         [ op |-> "observe",
           key |-> <<k0, 1>>,
           result |-> "fail",
           rank |-> 1,
           accurate |-> FALSE,
           n |-> k0,
           kind |-> "judgment",
           truth |-> FALSE ],
         [ op |-> "defer",
           key |-> <<k0, 1>>,
           result |-> "none",
           rank |-> 3,
           accurate |-> TRUE,
           n |-> k0,
           kind |-> "judgment",
           truth |-> FALSE ],
         [ op |-> "waiver",
           key |-> <<k0, 1>>,
           result |-> "none",
           rank |-> 3,
           accurate |-> TRUE,
           n |-> k0,
           kind |-> "judgment",
           truth |-> FALSE ],
         [ op |-> "observe",
           key |-> <<k0, 1>>,
           result |-> "pass",
           rank |-> 1,
           accurate |-> FALSE,
           n |-> k0,
           kind |-> "judgment",
           truth |-> FALSE ],
         [ op |-> "observe",
           key |-> <<k0, 1>>,
           result |-> "fail",
           rank |-> 2,
           accurate |-> FALSE,
           n |-> k0,
           kind |-> "judgment",
           truth |-> FALSE ],
         [ op |-> "observe",
           key |-> <<k0, 1>>,
           result |-> "fail",
           rank |-> 2,
           accurate |-> FALSE,
           n |-> k0,
           kind |-> "judgment",
           truth |-> FALSE ],
         [ op |-> "edit",
           key |-> <<k0, 2>>,
           result |-> "none",
           rank |-> 0,
           accurate |-> FALSE,
           n |-> k0,
           kind |-> "judgment",
           truth |-> FALSE ],
         [ op |-> "genesis",
           key |-> <<k0, 0>>,
           result |-> "none",
           rank |-> 2,
           accurate |-> TRUE,
           n |-> k0,
           kind |-> "judgment",
           truth |-> TRUE ] >>,
  ver |-> (k0 :> 2 @@ k1 :> 0),
  trunk |-> (k0 :> 0 @@ k1 :> 0),
  epoch |-> 0,
  inputs |-> 8,
  blocks |-> {6, 7},
  reproduced |-> {},
  waivers |-> {<<k0, 1>>},
  deferrals |-> {<<k0, 1>>},
  stateW |-> {},
  queue |-> <<k1, k0>>,
  done |-> {},
  eval |->
      ( k0 :> [ver |-> 0, epoch |-> 0, valid |-> FALSE, at |-> 0] @@
        k1 :> [ver |-> 0, epoch |-> 0, valid |-> TRUE, at |-> 9] ),
  receipts |-> <<>> ]
/\ x = [unused |-> TRUE]

State 14: <Next line 303, col 9 to line 305, col 38 of module PiDagMerge>
/\ f = [ kind |-> (k0 :> "judgment" @@ k1 :> "execution"),
  truth |->
      ( k0 :> (0 :> FALSE @@ 1 :> FALSE @@ 2 :> FALSE) @@
        k1 :> (0 :> FALSE @@ 1 :> TRUE @@ 2 :> TRUE) ),
  obs |->
      ( k0 :> (0 :> {"fail"} @@ 1 :> {"fail", "pass"} @@ 2 :> {}) @@
        k1 :> (0 :> {"fail"} @@ 1 :> {} @@ 2 :> {}) ),
  genesis |-> TRUE,
  conflict |-> {},
  lease |-> "none",
  hist |->
      << [ op |-> "edit",
           key |-> <<k0, 1>>,
           result |-> "none",
           rank |-> 0,
           accurate |-> FALSE,
           n |-> k0,
           kind |-> "judgment",
           truth |-> FALSE ],
         [ op |-> "observe",
           key |-> <<k0, 1>>,
           result |-> "fail",
           rank |-> 1,
           accurate |-> FALSE,
           n |-> k0,
           kind |-> "judgment",
           truth |-> FALSE ],
         [ op |-> "defer",
           key |-> <<k0, 1>>,
           result |-> "none",
           rank |-> 3,
           accurate |-> TRUE,
           n |-> k0,
           kind |-> "judgment",
           truth |-> FALSE ],
         [ op |-> "waiver",
           key |-> <<k0, 1>>,
           result |-> "none",
           rank |-> 3,
           accurate |-> TRUE,
           n |-> k0,
           kind |-> "judgment",
           truth |-> FALSE ],
         [ op |-> "observe",
           key |-> <<k0, 1>>,
           result |-> "pass",
           rank |-> 1,
           accurate |-> FALSE,
           n |-> k0,
           kind |-> "judgment",
           truth |-> FALSE ],
         [ op |-> "observe",
           key |-> <<k0, 1>>,
           result |-> "fail",
           rank |-> 2,
           accurate |-> FALSE,
           n |-> k0,
           kind |-> "judgment",
           truth |-> FALSE ],
         [ op |-> "observe",
           key |-> <<k0, 1>>,
           result |-> "fail",
           rank |-> 2,
           accurate |-> FALSE,
           n |-> k0,
           kind |-> "judgment",
           truth |-> FALSE ],
         [ op |-> "edit",
           key |-> <<k0, 2>>,
           result |-> "none",
           rank |-> 0,
           accurate |-> FALSE,
           n |-> k0,
           kind |-> "judgment",
           truth |-> FALSE ],
         [ op |-> "genesis",
           key |-> <<k0, 0>>,
           result |-> "none",
           rank |-> 2,
           accurate |-> TRUE,
           n |-> k0,
           kind |-> "judgment",
           truth |-> TRUE ],
         [ op |-> "commit",
           n |-> k1,
           key |-> <<k1, 0>>,
           kind |-> "execution",
           result |-> "none",
           rank |-> 0,
           accurate |-> FALSE,
           truth |-> FALSE ] >>,
  ver |-> (k0 :> 2 @@ k1 :> 0),
  trunk |-> (k0 :> 0 @@ k1 :> 0),
  epoch |-> 1,
  inputs |-> 8,
  blocks |-> {6, 7},
  reproduced |-> {},
  waivers |-> {<<k0, 1>>},
  deferrals |-> {<<k0, 1>>},
  stateW |-> {},
  queue |-> <<k0>>,
  done |-> {k1},
  eval |->
      ( k0 :> [ver |-> 0, epoch |-> 0, valid |-> FALSE, at |-> 0] @@
        k1 :> [ver |-> 0, epoch |-> 0, valid |-> TRUE, at |-> 9] ),
  receipts |->
      << [ n |-> k1,
           key |-> <<k1, 0>>,
           truth |-> FALSE,
           prekey |-> <<k1, 0>>,
           pretruth |-> FALSE,
           at |-> 9,
           evalAt |-> 9,
           waived |-> FALSE,
           deferred |-> FALSE,
           stateW |-> FALSE,
           debt |-> TRUE,
           lease |-> "none" ] >> ]
/\ x = [unused |-> TRUE]

The number of states generated: 136489
Simulation using seed -2410743108621959736 and aril 0
Progress: 136610 states checked, 510 traces generated (trace length: mean=12, var(x)=64, sd=8)
Finished in 01s at (2026-10-08 21:51:01)
