+ set -u
++ dirname formal/a3/check.sh
+ cd formal/a3
+ mkdir -p runs
+ mod=PiDagAuth3
+ modes=a3
+ props=AllSafety
+ consts='Scope = "free"; MaxLog = 4; Owner = Owner; P1 = P1; P2 = P2; W1 = W1; W2 = W2'
+ tag=-free-ex4
+ dl=
+ '[' 0 = 1 ']'
+ sim=
+ '[' -n '' ']'
+ errs=0
+ for mode in $modes
+ for p in $props
+ kind=INVARIANT
+ name=AllSafety
+ case $p in
+ base=runs/PiDagAuth3-a3-AllSafety-free-ex4
+ echo CONSTANTS
+ echo '  Mode = "a3"'
+ tr ';' '\n'
+ echo 'Scope = "free"; MaxLog = 4; Owner = Owner; P1 = P1; P2 = P2; W1 = W1; W2 = W2'
+ sed 's/^ */  /'
+ echo 'SPECIFICATION Spec'
+ echo 'INVARIANT AllSafety'
++ sha256sum PiDagAuth3.tla
++ cut -c1-64
+ echo '# module sha256 4e33cdf2dc776ed8501dab5cd3f86805a9ea8b3e63e2ac7a46d4badd259f21c0'
++ sha256sum runs/PiDagAuth3-a3-AllSafety-free-ex4.cfg
++ cut -c1-64
+ echo '# cfg    sha256 7bc7eb548150bfcd4d45e7a5c4129430741d1455ae4d74d7276c84da0c0341af'
++ date -Is
+ echo '# flags  <deadlock checked> <exhaustive> 2026-10-08T21:36:33+08:00'
+ timeout 600 java -Xmx3g -XX:+UseParallelGC -cp ../tla2tools.jar tlc2.TLC -noGenerateSpecTE -workers 4 -metadir runs/PiDagAuth3-a3-AllSafety-free-ex4.states -config runs/PiDagAuth3-a3-AllSafety-free-ex4.cfg PiDagAuth3.tla
+ rc=124
+ rm -rf runs/PiDagAuth3-a3-AllSafety-free-ex4.states
+ grep -q 'No error has been found' runs/PiDagAuth3-a3-AllSafety-free-ex4.log
+ grep -qE 'is violated|was violated|Deadlock reached|Temporal properties were violated' runs/PiDagAuth3-a3-AllSafety-free-ex4.log
+ '[' -n '' ']'
+ r='ERROR(rc=124)'
+ errs=1
++ grep -oE '[0-9,]+ distinct states found' runs/PiDagAuth3-a3-AllSafety-free-ex4.log
++ tail -1
+ printf '%-16s %-6s %-22s %-9s %s\n' PiDagAuth3 a3 AllSafety 'ERROR(rc=124)' '5,077,555 distinct states found'
PiDagAuth3       a3     AllSafety              ERROR(rc=124) 5,077,555 distinct states found
+ exit 1
