# module sha256 65dadcf33e0dbf772dc4b7df47e6898dbcd7db705d32f80f52cde863e5224310
# cfg    sha256 4a9bf421111b4e023a723f0454c0d0662675ed714b7b6dfe3400209d9ecd3219
# flags  <deadlock checked> -simulate num=2000 -depth 20 2026-10-08T21:51:13+08:00
TLC2 Version 2026.10.06.014338 (rev: 94d0c50)
Running Random Simulation with seed 6397208902588754319 with 4 workers on 20 cores with 910MB heap and 64MB offheap memory [pid: 3459775] (Linux 5.15.0-139-generic amd64, Ubuntu 11.0.27 64bit).
Parsing file /home/purboo/project/pi-things/pi-dag/formal/a3/PiDagMerge.tla
Parsing file /tmp/tlc-1848539823743918400/Naturals.tla (jar:file:/home/purboo/project/pi-things/pi-dag/formal/tla2tools.jar!/tla2sany/StandardModules/Naturals.tla)
Parsing file /tmp/tlc-1848539823743918400/FiniteSets.tla (jar:file:/home/purboo/project/pi-things/pi-dag/formal/tla2tools.jar!/tla2sany/StandardModules/FiniteSets.tla)
Parsing file /tmp/tlc-1848539823743918400/Sequences.tla (jar:file:/home/purboo/project/pi-things/pi-dag/formal/tla2tools.jar!/tla2sany/StandardModules/Sequences.tla)
Parsing file /tmp/tlc-1848539823743918400/TLC.tla (jar:file:/home/purboo/project/pi-things/pi-dag/formal/tla2tools.jar!/tla2sany/StandardModules/TLC.tla)
Semantic processing of module Naturals
Semantic processing of module Sequences
Semantic processing of module FiniteSets
Semantic processing of module TLC
Semantic processing of module PiDagMerge
Linting of module PiDagMerge
Starting... (2026-10-08 21:51:13)
Computed 16 initial states...
Finished computing initial states: 16 distinct state generated at 2026-10-08 21:51:13.
Error: Invariant EscapeAttributable is violated.
Error: The behavior up to this point is:
State 1: <Init line 301, col 9 to line 302, col 48 of module PiDagMerge>
/\ f = [ kind |-> (k0 :> "judgment" @@ k1 :> "judgment"),
  truth |->
      ( k0 :> (0 :> FALSE @@ 1 :> TRUE @@ 2 :> TRUE) @@
        k1 :> (0 :> TRUE @@ 1 :> TRUE @@ 2 :> TRUE) ),
  obs |->
      ( k0 :> (0 :> {} @@ 1 :> {} @@ 2 :> {}) @@
        k1 :> (0 :> {} @@ 1 :> {} @@ 2 :> {}) ),
  genesis |-> FALSE,
  conflict |-> {},
  lease |-> "none",
  hist |-> <<>>,
  ver |-> (k0 :> 0 @@ k1 :> 0),
  trunk |-> (k0 :> 0 @@ k1 :> 0),
  epoch |-> 0,
  inputs |-> 0,
  blocks |-> {},
  reproduced |-> {},
  waivers |-> {},
  deferrals |-> {},
  stateW |-> {},
  queue |-> <<>>,
  done |-> {},
  eval |->
      ( k0 :> [ver |-> 0, epoch |-> 0, valid |-> FALSE, at |-> 0] @@
        k1 :> [ver |-> 0, epoch |-> 0, valid |-> FALSE, at |-> 0] ),
  receipts |-> <<>> ]
/\ x = [unused |-> TRUE]

State 2: <Next line 303, col 9 to line 305, col 38 of module PiDagMerge>
/\ f = [ kind |-> (k0 :> "judgment" @@ k1 :> "judgment"),
  truth |->
      ( k0 :> (0 :> FALSE @@ 1 :> TRUE @@ 2 :> TRUE) @@
        k1 :> (0 :> TRUE @@ 1 :> TRUE @@ 2 :> TRUE) ),
  obs |->
      ( k0 :> (0 :> {} @@ 1 :> {} @@ 2 :> {}) @@
        k1 :> (0 :> {} @@ 1 :> {} @@ 2 :> {}) ),
  genesis |-> FALSE,
  conflict |-> {},
  lease |-> "none",
  hist |->
      << [ op |-> "waiver",
           key |-> <<k0, 0>>,
           result |-> "none",
           rank |-> 3,
           accurate |-> TRUE,
           n |-> k0,
           kind |-> "judgment",
           truth |-> FALSE ] >>,
  ver |-> (k0 :> 0 @@ k1 :> 0),
  trunk |-> (k0 :> 0 @@ k1 :> 0),
  epoch |-> 0,
  inputs |-> 1,
  blocks |-> {},
  reproduced |-> {},
  waivers |-> {<<k0, 0>>},
  deferrals |-> {},
  stateW |-> {},
  queue |-> <<>>,
  done |-> {},
  eval |->
      ( k0 :> [ver |-> 0, epoch |-> 0, valid |-> FALSE, at |-> 0] @@
        k1 :> [ver |-> 0, epoch |-> 0, valid |-> FALSE, at |-> 0] ),
  receipts |-> <<>> ]
/\ x = [unused |-> TRUE]

State 3: <Next line 303, col 9 to line 305, col 38 of module PiDagMerge>
/\ f = [ kind |-> (k0 :> "judgment" @@ k1 :> "judgment"),
  truth |->
      ( k0 :> (0 :> FALSE @@ 1 :> TRUE @@ 2 :> TRUE) @@
        k1 :> (0 :> TRUE @@ 1 :> TRUE @@ 2 :> TRUE) ),
  obs |->
      ( k0 :> (0 :> {} @@ 1 :> {} @@ 2 :> {}) @@
        k1 :> (0 :> {"pass"} @@ 1 :> {} @@ 2 :> {}) ),
  genesis |-> FALSE,
  conflict |-> {},
  lease |-> "none",
  hist |->
      << [ op |-> "waiver",
           key |-> <<k0, 0>>,
           result |-> "none",
           rank |-> 3,
           accurate |-> TRUE,
           n |-> k0,
           kind |-> "judgment",
           truth |-> FALSE ],
         [ op |-> "observe",
           key |-> <<k1, 0>>,
           result |-> "pass",
           rank |-> 2,
           accurate |-> FALSE,
           n |-> k1,
           kind |-> "judgment",
           truth |-> TRUE ] >>,
  ver |-> (k0 :> 0 @@ k1 :> 0),
  trunk |-> (k0 :> 0 @@ k1 :> 0),
  epoch |-> 0,
  inputs |-> 2,
  blocks |-> {},
  reproduced |-> {},
  waivers |-> {<<k0, 0>>},
  deferrals |-> {},
  stateW |-> {},
  queue |-> <<>>,
  done |-> {},
  eval |->
      ( k0 :> [ver |-> 0, epoch |-> 0, valid |-> FALSE, at |-> 0] @@
        k1 :> [ver |-> 0, epoch |-> 0, valid |-> FALSE, at |-> 0] ),
  receipts |-> <<>> ]
/\ x = [unused |-> TRUE]

State 4: <Next line 303, col 9 to line 305, col 38 of module PiDagMerge>
/\ f = [ kind |-> (k0 :> "judgment" @@ k1 :> "judgment"),
  truth |->
      ( k0 :> (0 :> FALSE @@ 1 :> TRUE @@ 2 :> TRUE) @@
        k1 :> (0 :> TRUE @@ 1 :> TRUE @@ 2 :> TRUE) ),
  obs |->
      ( k0 :> (0 :> {"fail"} @@ 1 :> {} @@ 2 :> {}) @@
        k1 :> (0 :> {"pass"} @@ 1 :> {} @@ 2 :> {}) ),
  genesis |-> FALSE,
  conflict |-> {},
  lease |-> "none",
  hist |->
      << [ op |-> "waiver",
           key |-> <<k0, 0>>,
           result |-> "none",
           rank |-> 3,
           accurate |-> TRUE,
           n |-> k0,
           kind |-> "judgment",
           truth |-> FALSE ],
         [ op |-> "observe",
           key |-> <<k1, 0>>,
           result |-> "pass",
           rank |-> 2,
           accurate |-> FALSE,
           n |-> k1,
           kind |-> "judgment",
           truth |-> TRUE ],
         [ op |-> "observe",
           key |-> <<k0, 0>>,
           result |-> "fail",
           rank |-> 1,
           accurate |-> FALSE,
           n |-> k0,
           kind |-> "judgment",
           truth |-> FALSE ] >>,
  ver |-> (k0 :> 0 @@ k1 :> 0),
  trunk |-> (k0 :> 0 @@ k1 :> 0),
  epoch |-> 0,
  inputs |-> 3,
  blocks |-> {3},
  reproduced |-> {},
  waivers |-> {<<k0, 0>>},
  deferrals |-> {},
  stateW |-> {},
  queue |-> <<>>,
  done |-> {},
  eval |->
      ( k0 :> [ver |-> 0, epoch |-> 0, valid |-> FALSE, at |-> 0] @@
        k1 :> [ver |-> 0, epoch |-> 0, valid |-> FALSE, at |-> 0] ),
  receipts |-> <<>> ]
/\ x = [unused |-> TRUE]

State 5: <Next line 303, col 9 to line 305, col 38 of module PiDagMerge>
/\ f = [ kind |-> (k0 :> "judgment" @@ k1 :> "judgment"),
  truth |->
      ( k0 :> (0 :> FALSE @@ 1 :> TRUE @@ 2 :> TRUE) @@
        k1 :> (0 :> TRUE @@ 1 :> TRUE @@ 2 :> TRUE) ),
  obs |->
      ( k0 :> (0 :> {"fail"} @@ 1 :> {} @@ 2 :> {}) @@
        k1 :> (0 :> {"pass"} @@ 1 :> {} @@ 2 :> {}) ),
  genesis |-> FALSE,
  conflict |-> {},
  lease |-> "none",
  hist |->
      << [ op |-> "waiver",
           key |-> <<k0, 0>>,
           result |-> "none",
           rank |-> 3,
           accurate |-> TRUE,
           n |-> k0,
           kind |-> "judgment",
           truth |-> FALSE ],
         [ op |-> "observe",
           key |-> <<k1, 0>>,
           result |-> "pass",
           rank |-> 2,
           accurate |-> FALSE,
           n |-> k1,
           kind |-> "judgment",
           truth |-> TRUE ],
         [ op |-> "observe",
           key |-> <<k0, 0>>,
           result |-> "fail",
           rank |-> 1,
           accurate |-> FALSE,
           n |-> k0,
           kind |-> "judgment",
           truth |-> FALSE ],
         [ op |-> "observe",
           key |-> <<k0, 0>>,
           result |-> "fail",
           rank |-> 2,
           accurate |-> FALSE,
           n |-> k0,
           kind |-> "judgment",
           truth |-> FALSE ] >>,
  ver |-> (k0 :> 0 @@ k1 :> 0),
  trunk |-> (k0 :> 0 @@ k1 :> 0),
  epoch |-> 0,
  inputs |-> 4,
  blocks |-> {3, 4},
  reproduced |-> {},
  waivers |-> {<<k0, 0>>},
  deferrals |-> {},
  stateW |-> {},
  queue |-> <<>>,
  done |-> {},
  eval |->
      ( k0 :> [ver |-> 0, epoch |-> 0, valid |-> FALSE, at |-> 0] @@
        k1 :> [ver |-> 0, epoch |-> 0, valid |-> FALSE, at |-> 0] ),
  receipts |-> <<>> ]
/\ x = [unused |-> TRUE]

State 6: <Next line 303, col 9 to line 305, col 38 of module PiDagMerge>
/\ f = [ kind |-> (k0 :> "judgment" @@ k1 :> "judgment"),
  truth |->
      ( k0 :> (0 :> FALSE @@ 1 :> TRUE @@ 2 :> TRUE) @@
        k1 :> (0 :> TRUE @@ 1 :> TRUE @@ 2 :> TRUE) ),
  obs |->
      ( k0 :> (0 :> {"fail"} @@ 1 :> {} @@ 2 :> {}) @@
        k1 :> (0 :> {"pass"} @@ 1 :> {} @@ 2 :> {}) ),
  genesis |-> TRUE,
  conflict |-> {},
  lease |-> "none",
  hist |->
      << [ op |-> "waiver",
           key |-> <<k0, 0>>,
           result |-> "none",
           rank |-> 3,
           accurate |-> TRUE,
           n |-> k0,
           kind |-> "judgment",
           truth |-> FALSE ],
         [ op |-> "observe",
           key |-> <<k1, 0>>,
           result |-> "pass",
           rank |-> 2,
           accurate |-> FALSE,
           n |-> k1,
           kind |-> "judgment",
           truth |-> TRUE ],
         [ op |-> "observe",
           key |-> <<k0, 0>>,
           result |-> "fail",
           rank |-> 1,
           accurate |-> FALSE,
           n |-> k0,
           kind |-> "judgment",
           truth |-> FALSE ],
         [ op |-> "observe",
           key |-> <<k0, 0>>,
           result |-> "fail",
           rank |-> 2,
           accurate |-> FALSE,
           n |-> k0,
           kind |-> "judgment",
           truth |-> FALSE ],
         [ op |-> "genesis",
           key |-> <<k0, 0>>,
           result |-> "none",
           rank |-> 2,
           accurate |-> TRUE,
           n |-> k0,
           kind |-> "judgment",
           truth |-> TRUE ] >>,
  ver |-> (k0 :> 0 @@ k1 :> 0),
  trunk |-> (k0 :> 0 @@ k1 :> 0),
  epoch |-> 0,
  inputs |-> 4,
  blocks |-> {3, 4},
  reproduced |-> {},
  waivers |-> {<<k0, 0>>},
  deferrals |-> {},
  stateW |-> {},
  queue |-> <<>>,
  done |-> {},
  eval |->
      ( k0 :> [ver |-> 0, epoch |-> 0, valid |-> FALSE, at |-> 0] @@
        k1 :> [ver |-> 0, epoch |-> 0, valid |-> FALSE, at |-> 0] ),
  receipts |-> <<>> ]
/\ x = [unused |-> TRUE]

State 7: <Next line 303, col 9 to line 305, col 38 of module PiDagMerge>
/\ f = [ kind |-> (k0 :> "judgment" @@ k1 :> "judgment"),
  truth |->
      ( k0 :> (0 :> FALSE @@ 1 :> TRUE @@ 2 :> TRUE) @@
        k1 :> (0 :> TRUE @@ 1 :> TRUE @@ 2 :> TRUE) ),
  obs |->
      ( k0 :> (0 :> {"fail"} @@ 1 :> {} @@ 2 :> {}) @@
        k1 :> (0 :> {"fail", "pass"} @@ 1 :> {} @@ 2 :> {}) ),
  genesis |-> TRUE,
  conflict |-> {},
  lease |-> "none",
  hist |->
      << [ op |-> "waiver",
           key |-> <<k0, 0>>,
           result |-> "none",
           rank |-> 3,
           accurate |-> TRUE,
           n |-> k0,
           kind |-> "judgment",
           truth |-> FALSE ],
         [ op |-> "observe",
           key |-> <<k1, 0>>,
           result |-> "pass",
           rank |-> 2,
           accurate |-> FALSE,
           n |-> k1,
           kind |-> "judgment",
           truth |-> TRUE ],
         [ op |-> "observe",
           key |-> <<k0, 0>>,
           result |-> "fail",
           rank |-> 1,
           accurate |-> FALSE,
           n |-> k0,
           kind |-> "judgment",
           truth |-> FALSE ],
         [ op |-> "observe",
           key |-> <<k0, 0>>,
           result |-> "fail",
           rank |-> 2,
           accurate |-> FALSE,
           n |-> k0,
           kind |-> "judgment",
           truth |-> FALSE ],
         [ op |-> "genesis",
           key |-> <<k0, 0>>,
           result |-> "none",
           rank |-> 2,
           accurate |-> TRUE,
           n |-> k0,
           kind |-> "judgment",
           truth |-> TRUE ],
         [ op |-> "observe",
           key |-> <<k1, 0>>,
           result |-> "fail",
           rank |-> 2,
           accurate |-> FALSE,
           n |-> k1,
           kind |-> "judgment",
           truth |-> TRUE ] >>,
  ver |-> (k0 :> 0 @@ k1 :> 0),
  trunk |-> (k0 :> 0 @@ k1 :> 0),
  epoch |-> 0,
  inputs |-> 5,
  blocks |-> {3, 4, 6},
  reproduced |-> {},
  waivers |-> {<<k0, 0>>},
  deferrals |-> {},
  stateW |-> {},
  queue |-> <<>>,
  done |-> {},
  eval |->
      ( k0 :> [ver |-> 0, epoch |-> 0, valid |-> FALSE, at |-> 0] @@
        k1 :> [ver |-> 0, epoch |-> 0, valid |-> FALSE, at |-> 0] ),
  receipts |-> <<>> ]
/\ x = [unused |-> TRUE]

State 8: <Next line 303, col 9 to line 305, col 38 of module PiDagMerge>
/\ f = [ kind |-> (k0 :> "judgment" @@ k1 :> "judgment"),
  truth |->
      ( k0 :> (0 :> FALSE @@ 1 :> TRUE @@ 2 :> TRUE) @@
        k1 :> (0 :> TRUE @@ 1 :> TRUE @@ 2 :> TRUE) ),
  obs |->
      ( k0 :> (0 :> {"fail"} @@ 1 :> {} @@ 2 :> {}) @@
        k1 :> (0 :> {"fail", "pass"} @@ 1 :> {} @@ 2 :> {}) ),
  genesis |-> TRUE,
  conflict |-> {},
  lease |-> "none",
  hist |->
      << [ op |-> "waiver",
           key |-> <<k0, 0>>,
           result |-> "none",
           rank |-> 3,
           accurate |-> TRUE,
           n |-> k0,
           kind |-> "judgment",
           truth |-> FALSE ],
         [ op |-> "observe",
           key |-> <<k1, 0>>,
           result |-> "pass",
           rank |-> 2,
           accurate |-> FALSE,
           n |-> k1,
           kind |-> "judgment",
           truth |-> TRUE ],
         [ op |-> "observe",
           key |-> <<k0, 0>>,
           result |-> "fail",
           rank |-> 1,
           accurate |-> FALSE,
           n |-> k0,
           kind |-> "judgment",
           truth |-> FALSE ],
         [ op |-> "observe",
           key |-> <<k0, 0>>,
           result |-> "fail",
           rank |-> 2,
           accurate |-> FALSE,
           n |-> k0,
           kind |-> "judgment",
           truth |-> FALSE ],
         [ op |-> "genesis",
           key |-> <<k0, 0>>,
           result |-> "none",
           rank |-> 2,
           accurate |-> TRUE,
           n |-> k0,
           kind |-> "judgment",
           truth |-> TRUE ],
         [ op |-> "observe",
           key |-> <<k1, 0>>,
           result |-> "fail",
           rank |-> 2,
           accurate |-> FALSE,
           n |-> k1,
           kind |-> "judgment",
           truth |-> TRUE ],
         [ op |-> "observe",
           key |-> <<k1, 0>>,
           result |-> "pass",
           rank |-> 1,
           accurate |-> TRUE,
           n |-> k1,
           kind |-> "judgment",
           truth |-> TRUE ] >>,
  ver |-> (k0 :> 0 @@ k1 :> 0),
  trunk |-> (k0 :> 0 @@ k1 :> 0),
  epoch |-> 0,
  inputs |-> 6,
  blocks |-> {3, 4, 6},
  reproduced |-> {},
  waivers |-> {<<k0, 0>>},
  deferrals |-> {},
  stateW |-> {},
  queue |-> <<>>,
  done |-> {},
  eval |->
      ( k0 :> [ver |-> 0, epoch |-> 0, valid |-> FALSE, at |-> 0] @@
        k1 :> [ver |-> 0, epoch |-> 0, valid |-> FALSE, at |-> 0] ),
  receipts |-> <<>> ]
/\ x = [unused |-> TRUE]

State 9: <Next line 303, col 9 to line 305, col 38 of module PiDagMerge>
/\ f = [ kind |-> (k0 :> "judgment" @@ k1 :> "judgment"),
  truth |->
      ( k0 :> (0 :> FALSE @@ 1 :> TRUE @@ 2 :> TRUE) @@
        k1 :> (0 :> TRUE @@ 1 :> TRUE @@ 2 :> TRUE) ),
  obs |->
      ( k0 :> (0 :> {"fail", "pass"} @@ 1 :> {} @@ 2 :> {}) @@
        k1 :> (0 :> {"fail", "pass"} @@ 1 :> {} @@ 2 :> {}) ),
  genesis |-> TRUE,
  conflict |-> {},
  lease |-> "none",
  hist |->
      << [ op |-> "waiver",
           key |-> <<k0, 0>>,
           result |-> "none",
           rank |-> 3,
           accurate |-> TRUE,
           n |-> k0,
           kind |-> "judgment",
           truth |-> FALSE ],
         [ op |-> "observe",
           key |-> <<k1, 0>>,
           result |-> "pass",
           rank |-> 2,
           accurate |-> FALSE,
           n |-> k1,
           kind |-> "judgment",
           truth |-> TRUE ],
         [ op |-> "observe",
           key |-> <<k0, 0>>,
           result |-> "fail",
           rank |-> 1,
           accurate |-> FALSE,
           n |-> k0,
           kind |-> "judgment",
           truth |-> FALSE ],
         [ op |-> "observe",
           key |-> <<k0, 0>>,
           result |-> "fail",
           rank |-> 2,
           accurate |-> FALSE,
           n |-> k0,
           kind |-> "judgment",
           truth |-> FALSE ],
         [ op |-> "genesis",
           key |-> <<k0, 0>>,
           result |-> "none",
           rank |-> 2,
           accurate |-> TRUE,
           n |-> k0,
           kind |-> "judgment",
           truth |-> TRUE ],
         [ op |-> "observe",
           key |-> <<k1, 0>>,
           result |-> "fail",
           rank |-> 2,
           accurate |-> FALSE,
           n |-> k1,
           kind |-> "judgment",
           truth |-> TRUE ],
         [ op |-> "observe",
           key |-> <<k1, 0>>,
           result |-> "pass",
           rank |-> 1,
           accurate |-> TRUE,
           n |-> k1,
           kind |-> "judgment",
           truth |-> TRUE ],
         [ op |-> "observe",
           key |-> <<k0, 0>>,
           result |-> "pass",
           rank |-> 1,
           accurate |-> FALSE,
           n |-> k0,
           kind |-> "judgment",
           truth |-> FALSE ] >>,
  ver |-> (k0 :> 0 @@ k1 :> 0),
  trunk |-> (k0 :> 0 @@ k1 :> 0),
  epoch |-> 0,
  inputs |-> 7,
  blocks |-> {4, 6},
  reproduced |-> {},
  waivers |-> {<<k0, 0>>},
  deferrals |-> {},
  stateW |-> {},
  queue |-> <<>>,
  done |-> {},
  eval |->
      ( k0 :> [ver |-> 0, epoch |-> 0, valid |-> FALSE, at |-> 0] @@
        k1 :> [ver |-> 0, epoch |-> 0, valid |-> FALSE, at |-> 0] ),
  receipts |-> <<>> ]
/\ x = [unused |-> TRUE]

State 10: <Next line 303, col 9 to line 305, col 38 of module PiDagMerge>
/\ f = [ kind |-> (k0 :> "judgment" @@ k1 :> "judgment"),
  truth |->
      ( k0 :> (0 :> FALSE @@ 1 :> TRUE @@ 2 :> TRUE) @@
        k1 :> (0 :> TRUE @@ 1 :> FALSE @@ 2 :> TRUE) ),
  obs |->
      ( k0 :> (0 :> {"fail", "pass"} @@ 1 :> {} @@ 2 :> {}) @@
        k1 :> (0 :> {"fail", "pass"} @@ 1 :> {} @@ 2 :> {}) ),
  genesis |-> TRUE,
  conflict |-> {},
  lease |-> "none",
  hist |->
      << [ op |-> "waiver",
           key |-> <<k0, 0>>,
           result |-> "none",
           rank |-> 3,
           accurate |-> TRUE,
           n |-> k0,
           kind |-> "judgment",
           truth |-> FALSE ],
         [ op |-> "observe",
           key |-> <<k1, 0>>,
           result |-> "pass",
           rank |-> 2,
           accurate |-> FALSE,
           n |-> k1,
           kind |-> "judgment",
           truth |-> TRUE ],
         [ op |-> "observe",
           key |-> <<k0, 0>>,
           result |-> "fail",
           rank |-> 1,
           accurate |-> FALSE,
           n |-> k0,
           kind |-> "judgment",
           truth |-> FALSE ],
         [ op |-> "observe",
           key |-> <<k0, 0>>,
           result |-> "fail",
           rank |-> 2,
           accurate |-> FALSE,
           n |-> k0,
           kind |-> "judgment",
           truth |-> FALSE ],
         [ op |-> "genesis",
           key |-> <<k0, 0>>,
           result |-> "none",
           rank |-> 2,
           accurate |-> TRUE,
           n |-> k0,
           kind |-> "judgment",
           truth |-> TRUE ],
         [ op |-> "observe",
           key |-> <<k1, 0>>,
           result |-> "fail",
           rank |-> 2,
           accurate |-> FALSE,
           n |-> k1,
           kind |-> "judgment",
           truth |-> TRUE ],
         [ op |-> "observe",
           key |-> <<k1, 0>>,
           result |-> "pass",
           rank |-> 1,
           accurate |-> TRUE,
           n |-> k1,
           kind |-> "judgment",
           truth |-> TRUE ],
         [ op |-> "observe",
           key |-> <<k0, 0>>,
           result |-> "pass",
           rank |-> 1,
           accurate |-> FALSE,
           n |-> k0,
           kind |-> "judgment",
           truth |-> FALSE ],
         [ op |-> "edit",
           key |-> <<k1, 1>>,
           result |-> "none",
           rank |-> 0,
           accurate |-> FALSE,
           n |-> k1,
           kind |-> "judgment",
           truth |-> FALSE ] >>,
  ver |-> (k0 :> 0 @@ k1 :> 1),
  trunk |-> (k0 :> 0 @@ k1 :> 0),
  epoch |-> 0,
  inputs |-> 8,
  blocks |-> {4, 6},
  reproduced |-> {},
  waivers |-> {<<k0, 0>>},
  deferrals |-> {},
  stateW |-> {},
  queue |-> <<>>,
  done |-> {},
  eval |->
      ( k0 :> [ver |-> 0, epoch |-> 0, valid |-> FALSE, at |-> 0] @@
        k1 :> [ver |-> 0, epoch |-> 0, valid |-> FALSE, at |-> 0] ),
  receipts |-> <<>> ]
/\ x = [unused |-> TRUE]

State 11: <Next line 303, col 9 to line 305, col 38 of module PiDagMerge>
/\ f = [ kind |-> (k0 :> "judgment" @@ k1 :> "judgment"),
  truth |->
      ( k0 :> (0 :> FALSE @@ 1 :> TRUE @@ 2 :> TRUE) @@
        k1 :> (0 :> TRUE @@ 1 :> FALSE @@ 2 :> TRUE) ),
  obs |->
      ( k0 :> (0 :> {"fail", "pass"} @@ 1 :> {} @@ 2 :> {}) @@
        k1 :> (0 :> {"fail", "pass"} @@ 1 :> {} @@ 2 :> {}) ),
  genesis |-> TRUE,
  conflict |-> {},
  lease |-> "none",
  hist |->
      << [ op |-> "waiver",
           key |-> <<k0, 0>>,
           result |-> "none",
           rank |-> 3,
           accurate |-> TRUE,
           n |-> k0,
           kind |-> "judgment",
           truth |-> FALSE ],
         [ op |-> "observe",
           key |-> <<k1, 0>>,
           result |-> "pass",
           rank |-> 2,
           accurate |-> FALSE,
           n |-> k1,
           kind |-> "judgment",
           truth |-> TRUE ],
         [ op |-> "observe",
           key |-> <<k0, 0>>,
           result |-> "fail",
           rank |-> 1,
           accurate |-> FALSE,
           n |-> k0,
           kind |-> "judgment",
           truth |-> FALSE ],
         [ op |-> "observe",
           key |-> <<k0, 0>>,
           result |-> "fail",
           rank |-> 2,
           accurate |-> FALSE,
           n |-> k0,
           kind |-> "judgment",
           truth |-> FALSE ],
         [ op |-> "genesis",
           key |-> <<k0, 0>>,
           result |-> "none",
           rank |-> 2,
           accurate |-> TRUE,
           n |-> k0,
           kind |-> "judgment",
           truth |-> TRUE ],
         [ op |-> "observe",
           key |-> <<k1, 0>>,
           result |-> "fail",
           rank |-> 2,
           accurate |-> FALSE,
           n |-> k1,
           kind |-> "judgment",
           truth |-> TRUE ],
         [ op |-> "observe",
           key |-> <<k1, 0>>,
           result |-> "pass",
           rank |-> 1,
           accurate |-> TRUE,
           n |-> k1,
           kind |-> "judgment",
           truth |-> TRUE ],
         [ op |-> "observe",
           key |-> <<k0, 0>>,
           result |-> "pass",
           rank |-> 1,
           accurate |-> FALSE,
           n |-> k0,
           kind |-> "judgment",
           truth |-> FALSE ],
         [ op |-> "edit",
           key |-> <<k1, 1>>,
           result |-> "none",
           rank |-> 0,
           accurate |-> FALSE,
           n |-> k1,
           kind |-> "judgment",
           truth |-> FALSE ] >>,
  ver |-> (k0 :> 0 @@ k1 :> 1),
  trunk |-> (k0 :> 0 @@ k1 :> 0),
  epoch |-> 0,
  inputs |-> 8,
  blocks |-> {4, 6},
  reproduced |-> {},
  waivers |-> {<<k0, 0>>},
  deferrals |-> {},
  stateW |-> {},
  queue |-> <<>>,
  done |-> {k0},
  eval |->
      ( k0 :> [ver |-> 0, epoch |-> 0, valid |-> FALSE, at |-> 0] @@
        k1 :> [ver |-> 0, epoch |-> 0, valid |-> FALSE, at |-> 0] ),
  receipts |-> <<>> ]
/\ x = [unused |-> TRUE]

State 12: <Next line 303, col 9 to line 305, col 38 of module PiDagMerge>
/\ f = [ kind |-> (k0 :> "judgment" @@ k1 :> "judgment"),
  truth |->
      ( k0 :> (0 :> FALSE @@ 1 :> TRUE @@ 2 :> TRUE) @@
        k1 :> (0 :> TRUE @@ 1 :> FALSE @@ 2 :> TRUE) ),
  obs |->
      ( k0 :> (0 :> {"fail", "pass"} @@ 1 :> {} @@ 2 :> {}) @@
        k1 :> (0 :> {"fail", "pass"} @@ 1 :> {} @@ 2 :> {}) ),
  genesis |-> TRUE,
  conflict |-> {},
  lease |-> "none",
  hist |->
      << [ op |-> "waiver",
           key |-> <<k0, 0>>,
           result |-> "none",
           rank |-> 3,
           accurate |-> TRUE,
           n |-> k0,
           kind |-> "judgment",
           truth |-> FALSE ],
         [ op |-> "observe",
           key |-> <<k1, 0>>,
           result |-> "pass",
           rank |-> 2,
           accurate |-> FALSE,
           n |-> k1,
           kind |-> "judgment",
           truth |-> TRUE ],
         [ op |-> "observe",
           key |-> <<k0, 0>>,
           result |-> "fail",
           rank |-> 1,
           accurate |-> FALSE,
           n |-> k0,
           kind |-> "judgment",
           truth |-> FALSE ],
         [ op |-> "observe",
           key |-> <<k0, 0>>,
           result |-> "fail",
           rank |-> 2,
           accurate |-> FALSE,
           n |-> k0,
           kind |-> "judgment",
           truth |-> FALSE ],
         [ op |-> "genesis",
           key |-> <<k0, 0>>,
           result |-> "none",
           rank |-> 2,
           accurate |-> TRUE,
           n |-> k0,
           kind |-> "judgment",
           truth |-> TRUE ],
         [ op |-> "observe",
           key |-> <<k1, 0>>,
           result |-> "fail",
           rank |-> 2,
           accurate |-> FALSE,
           n |-> k1,
           kind |-> "judgment",
           truth |-> TRUE ],
         [ op |-> "observe",
           key |-> <<k1, 0>>,
           result |-> "pass",
           rank |-> 1,
           accurate |-> TRUE,
           n |-> k1,
           kind |-> "judgment",
           truth |-> TRUE ],
         [ op |-> "observe",
           key |-> <<k0, 0>>,
           result |-> "pass",
           rank |-> 1,
           accurate |-> FALSE,
           n |-> k0,
           kind |-> "judgment",
           truth |-> FALSE ],
         [ op |-> "edit",
           key |-> <<k1, 1>>,
           result |-> "none",
           rank |-> 0,
           accurate |-> FALSE,
           n |-> k1,
           kind |-> "judgment",
           truth |-> FALSE ] >>,
  ver |-> (k0 :> 0 @@ k1 :> 1),
  trunk |-> (k0 :> 0 @@ k1 :> 0),
  epoch |-> 0,
  inputs |-> 8,
  blocks |-> {4, 6},
  reproduced |-> {},
  waivers |-> {<<k0, 0>>},
  deferrals |-> {},
  stateW |-> {},
  queue |-> <<k1>>,
  done |-> {k0},
  eval |->
      ( k0 :> [ver |-> 0, epoch |-> 0, valid |-> FALSE, at |-> 0] @@
        k1 :> [ver |-> 0, epoch |-> 0, valid |-> FALSE, at |-> 0] ),
  receipts |-> <<>> ]
/\ x = [unused |-> TRUE]

State 13: <Next line 303, col 9 to line 305, col 38 of module PiDagMerge>
/\ f = [ kind |-> (k0 :> "judgment" @@ k1 :> "judgment"),
  truth |->
      ( k0 :> (0 :> FALSE @@ 1 :> TRUE @@ 2 :> TRUE) @@
        k1 :> (0 :> TRUE @@ 1 :> FALSE @@ 2 :> TRUE) ),
  obs |->
      ( k0 :> (0 :> {"fail", "pass"} @@ 1 :> {} @@ 2 :> {}) @@
        k1 :> (0 :> {"fail", "pass"} @@ 1 :> {} @@ 2 :> {}) ),
  genesis |-> TRUE,
  conflict |-> {},
  lease |-> "none",
  hist |->
      << [ op |-> "waiver",
           key |-> <<k0, 0>>,
           result |-> "none",
           rank |-> 3,
           accurate |-> TRUE,
           n |-> k0,
           kind |-> "judgment",
           truth |-> FALSE ],
         [ op |-> "observe",
           key |-> <<k1, 0>>,
           result |-> "pass",
           rank |-> 2,
           accurate |-> FALSE,
           n |-> k1,
           kind |-> "judgment",
           truth |-> TRUE ],
         [ op |-> "observe",
           key |-> <<k0, 0>>,
           result |-> "fail",
           rank |-> 1,
           accurate |-> FALSE,
           n |-> k0,
           kind |-> "judgment",
           truth |-> FALSE ],
         [ op |-> "observe",
           key |-> <<k0, 0>>,
           result |-> "fail",
           rank |-> 2,
           accurate |-> FALSE,
           n |-> k0,
           kind |-> "judgment",
           truth |-> FALSE ],
         [ op |-> "genesis",
           key |-> <<k0, 0>>,
           result |-> "none",
           rank |-> 2,
           accurate |-> TRUE,
           n |-> k0,
           kind |-> "judgment",
           truth |-> TRUE ],
         [ op |-> "observe",
           key |-> <<k1, 0>>,
           result |-> "fail",
           rank |-> 2,
           accurate |-> FALSE,
           n |-> k1,
           kind |-> "judgment",
           truth |-> TRUE ],
         [ op |-> "observe",
           key |-> <<k1, 0>>,
           result |-> "pass",
           rank |-> 1,
           accurate |-> TRUE,
           n |-> k1,
           kind |-> "judgment",
           truth |-> TRUE ],
         [ op |-> "observe",
           key |-> <<k0, 0>>,
           result |-> "pass",
           rank |-> 1,
           accurate |-> FALSE,
           n |-> k0,
           kind |-> "judgment",
           truth |-> FALSE ],
         [ op |-> "edit",
           key |-> <<k1, 1>>,
           result |-> "none",
           rank |-> 0,
           accurate |-> FALSE,
           n |-> k1,
           kind |-> "judgment",
           truth |-> FALSE ] >>,
  ver |-> (k0 :> 0 @@ k1 :> 1),
  trunk |-> (k0 :> 0 @@ k1 :> 0),
  epoch |-> 0,
  inputs |-> 8,
  blocks |-> {4, 6},
  reproduced |-> {},
  waivers |-> {<<k0, 0>>},
  deferrals |-> {},
  stateW |-> {},
  queue |-> <<k1>>,
  done |-> {k0},
  eval |->
      ( k0 :> [ver |-> 0, epoch |-> 0, valid |-> FALSE, at |-> 0] @@
        k1 :> [ver |-> 1, epoch |-> 0, valid |-> TRUE, at |-> 9] ),
  receipts |-> <<>> ]
/\ x = [unused |-> TRUE]

State 14: <Next line 303, col 9 to line 305, col 38 of module PiDagMerge>
/\ f = [ kind |-> (k0 :> "judgment" @@ k1 :> "judgment"),
  truth |->
      ( k0 :> (0 :> FALSE @@ 1 :> TRUE @@ 2 :> TRUE) @@
        k1 :> (0 :> TRUE @@ 1 :> FALSE @@ 2 :> TRUE) ),
  obs |->
      ( k0 :> (0 :> {"fail", "pass"} @@ 1 :> {} @@ 2 :> {}) @@
        k1 :> (0 :> {"fail", "pass"} @@ 1 :> {} @@ 2 :> {}) ),
  genesis |-> TRUE,
  conflict |-> {},
  lease |-> "none",
  hist |->
      << [ op |-> "waiver",
           key |-> <<k0, 0>>,
           result |-> "none",
           rank |-> 3,
           accurate |-> TRUE,
           n |-> k0,
           kind |-> "judgment",
           truth |-> FALSE ],
         [ op |-> "observe",
           key |-> <<k1, 0>>,
           result |-> "pass",
           rank |-> 2,
           accurate |-> FALSE,
           n |-> k1,
           kind |-> "judgment",
           truth |-> TRUE ],
         [ op |-> "observe",
           key |-> <<k0, 0>>,
           result |-> "fail",
           rank |-> 1,
           accurate |-> FALSE,
           n |-> k0,
           kind |-> "judgment",
           truth |-> FALSE ],
         [ op |-> "observe",
           key |-> <<k0, 0>>,
           result |-> "fail",
           rank |-> 2,
           accurate |-> FALSE,
           n |-> k0,
           kind |-> "judgment",
           truth |-> FALSE ],
         [ op |-> "genesis",
           key |-> <<k0, 0>>,
           result |-> "none",
           rank |-> 2,
           accurate |-> TRUE,
           n |-> k0,
           kind |-> "judgment",
           truth |-> TRUE ],
         [ op |-> "observe",
           key |-> <<k1, 0>>,
           result |-> "fail",
           rank |-> 2,
           accurate |-> FALSE,
           n |-> k1,
           kind |-> "judgment",
           truth |-> TRUE ],
         [ op |-> "observe",
           key |-> <<k1, 0>>,
           result |-> "pass",
           rank |-> 1,
           accurate |-> TRUE,
           n |-> k1,
           kind |-> "judgment",
           truth |-> TRUE ],
         [ op |-> "observe",
           key |-> <<k0, 0>>,
           result |-> "pass",
           rank |-> 1,
           accurate |-> FALSE,
           n |-> k0,
           kind |-> "judgment",
           truth |-> FALSE ],
         [ op |-> "edit",
           key |-> <<k1, 1>>,
           result |-> "none",
           rank |-> 0,
           accurate |-> FALSE,
           n |-> k1,
           kind |-> "judgment",
           truth |-> FALSE ],
         [ op |-> "commit",
           n |-> k1,
           key |-> <<k1, 1>>,
           kind |-> "judgment",
           result |-> "none",
           rank |-> 0,
           accurate |-> FALSE,
           truth |-> FALSE ] >>,
  ver |-> (k0 :> 0 @@ k1 :> 1),
  trunk |-> (k0 :> 0 @@ k1 :> 1),
  epoch |-> 1,
  inputs |-> 8,
  blocks |-> {4, 6},
  reproduced |-> {},
  waivers |-> {<<k0, 0>>},
  deferrals |-> {},
  stateW |-> {},
  queue |-> <<>>,
  done |-> {k0, k1},
  eval |->
      ( k0 :> [ver |-> 0, epoch |-> 0, valid |-> FALSE, at |-> 0] @@
        k1 :> [ver |-> 1, epoch |-> 0, valid |-> TRUE, at |-> 9] ),
  receipts |->
      << [ n |-> k1,
           key |-> <<k1, 1>>,
           truth |-> FALSE,
           prekey |-> <<k1, 0>>,
           pretruth |-> TRUE,
           at |-> 9,
           evalAt |-> 9,
           waived |-> FALSE,
           deferred |-> FALSE,
           stateW |-> FALSE,
           debt |-> TRUE,
           lease |-> "none" ] >> ]
/\ x = [unused |-> TRUE]

The number of states generated: 6579
Simulation using seed 6397208902588754319 and aril 0
Progress: 6605 states checked, 24 traces generated (trace length: mean=12, var(x)=64, sd=8)
Finished in 00s at (2026-10-08 21:51:14)
