# module sha256 d38bdf07fb4cd1b02fc7c0e42f01ecfb5e5fb3b867e1a46d9a3aca9f487e81c8
# cfg    sha256 5b597316bf2ab1b55813beb76d1692f6d2692ced3ed1851a20b25c1d5db10cbb
# flags  <deadlock checked> -simulate num=100 -depth 20 2026-10-08T21:22:35+08:00
TLC2 Version 2026.10.06.014338 (rev: 94d0c50)
Running Random Simulation with seed -8549095792478964756 with 4 workers on 20 cores with 910MB heap and 64MB offheap memory [pid: 3431243] (Linux 5.15.0-139-generic amd64, Ubuntu 11.0.27 64bit).
Parsing file /home/purboo/project/pi-things/pi-dag/formal/a3/PiDagMerge.tla
Parsing file /tmp/tlc-13934453458510449723/Naturals.tla (jar:file:/home/purboo/project/pi-things/pi-dag/formal/tla2tools.jar!/tla2sany/StandardModules/Naturals.tla)
Parsing file /tmp/tlc-13934453458510449723/FiniteSets.tla (jar:file:/home/purboo/project/pi-things/pi-dag/formal/tla2tools.jar!/tla2sany/StandardModules/FiniteSets.tla)
Parsing file /tmp/tlc-13934453458510449723/Sequences.tla (jar:file:/home/purboo/project/pi-things/pi-dag/formal/tla2tools.jar!/tla2sany/StandardModules/Sequences.tla)
Parsing file /tmp/tlc-13934453458510449723/TLC.tla (jar:file:/home/purboo/project/pi-things/pi-dag/formal/tla2tools.jar!/tla2sany/StandardModules/TLC.tla)
Semantic processing of module Naturals
Semantic processing of module Sequences
Semantic processing of module FiniteSets
Semantic processing of module TLC
Semantic processing of module PiDagMerge
Linting of module PiDagMerge
Starting... (2026-10-08 21:22:36)
Computed 16 initial states...
Finished computing initial states: 16 distinct state generated at 2026-10-08 21:22:36.
Progress: 102212 states checked, 400 traces generated (trace length: mean=12, var(x)=65, sd=8)
The number of states generated: 102212
Simulation using seed -8549095792478964756 and aril 0
Finished in 02s at (2026-10-08 21:22:38)
