+ set -u
++ dirname formal/a3/check.sh
+ cd formal/a3
+ mkdir -p runs
+ mod=PiDagAuth3
+ modes=a22
+ props='AuthoritySound DecisionAuthority NoWriterJudge'
+ consts='Scope = "free"; MaxLog = 2; Owner = Owner; P1 = P1; P2 = P2; W1 = W1; W2 = W2'
+ tag=-free-min2
+ dl=
+ '[' 0 = 1 ']'
+ sim=
+ '[' -n '' ']'
+ errs=0
+ for mode in $modes
+ for p in $props
+ kind=INVARIANT
+ name=AuthoritySound
+ case $p in
+ base=runs/PiDagAuth3-a22-AuthoritySound-free-min2
+ echo CONSTANTS
+ echo '  Mode = "a22"'
+ echo 'Scope = "free"; MaxLog = 2; Owner = Owner; P1 = P1; P2 = P2; W1 = W1; W2 = W2'
+ tr ';' '\n'
+ sed 's/^ */  /'
+ echo 'SPECIFICATION Spec'
+ echo 'INVARIANT AuthoritySound'
++ sha256sum PiDagAuth3.tla
++ cut -c1-64
+ echo '# module sha256 4e33cdf2dc776ed8501dab5cd3f86805a9ea8b3e63e2ac7a46d4badd259f21c0'
++ sha256sum runs/PiDagAuth3-a22-AuthoritySound-free-min2.cfg
++ cut -c1-64
+ echo '# cfg    sha256 c3ccba631cc34dcfe2fbc01655f2e5138ed9776035800d0d81e0558c04486d38'
++ date -Is
+ echo '# flags  <deadlock checked> <exhaustive> 2026-10-08T22:13:39+08:00'
+ timeout 60 java -Xmx1g -XX:+UseParallelGC -cp ../tla2tools.jar tlc2.TLC -noGenerateSpecTE -workers 4 -metadir runs/PiDagAuth3-a22-AuthoritySound-free-min2.states -config runs/PiDagAuth3-a22-AuthoritySound-free-min2.cfg PiDagAuth3.tla
+ rc=12
+ rm -rf runs/PiDagAuth3-a22-AuthoritySound-free-min2.states
+ grep -q 'No error has been found' runs/PiDagAuth3-a22-AuthoritySound-free-min2.log
+ grep -qE 'is violated|was violated|Deadlock reached|Temporal properties were violated' runs/PiDagAuth3-a22-AuthoritySound-free-min2.log
+ r=VIOLATED
++ grep -oE '[0-9,]+ distinct states found' runs/PiDagAuth3-a22-AuthoritySound-free-min2.log
++ tail -1
+ printf '%-16s %-6s %-22s %-9s %s\n' PiDagAuth3 a22 AuthoritySound VIOLATED '11802 distinct states found'
+ for p in $props
+ kind=INVARIANT
+ name=DecisionAuthority
+ case $p in
+ base=runs/PiDagAuth3-a22-DecisionAuthority-free-min2
+ echo CONSTANTS
+ echo '  Mode = "a22"'
+ echo 'Scope = "free"; MaxLog = 2; Owner = Owner; P1 = P1; P2 = P2; W1 = W1; W2 = W2'
+ tr ';' '\n'
+ sed 's/^ */  /'
+ echo 'SPECIFICATION Spec'
+ echo 'INVARIANT DecisionAuthority'
++ sha256sum PiDagAuth3.tla
++ cut -c1-64
+ echo '# module sha256 4e33cdf2dc776ed8501dab5cd3f86805a9ea8b3e63e2ac7a46d4badd259f21c0'
++ sha256sum runs/PiDagAuth3-a22-DecisionAuthority-free-min2.cfg
++ cut -c1-64
+ echo '# cfg    sha256 060941ab09510776826e4547645e9d8be8c0861d6b099c85c871ac61b0a121c5'
++ date -Is
+ echo '# flags  <deadlock checked> <exhaustive> 2026-10-08T22:13:41+08:00'
+ timeout 60 java -Xmx1g -XX:+UseParallelGC -cp ../tla2tools.jar tlc2.TLC -noGenerateSpecTE -workers 4 -metadir runs/PiDagAuth3-a22-DecisionAuthority-free-min2.states -config runs/PiDagAuth3-a22-DecisionAuthority-free-min2.cfg PiDagAuth3.tla
+ rc=12
+ rm -rf runs/PiDagAuth3-a22-DecisionAuthority-free-min2.states
+ grep -q 'No error has been found' runs/PiDagAuth3-a22-DecisionAuthority-free-min2.log
+ grep -qE 'is violated|was violated|Deadlock reached|Temporal properties were violated' runs/PiDagAuth3-a22-DecisionAuthority-free-min2.log
+ r=VIOLATED
++ tail -1
++ grep -oE '[0-9,]+ distinct states found' runs/PiDagAuth3-a22-DecisionAuthority-free-min2.log
+ printf '%-16s %-6s %-22s %-9s %s\n' PiDagAuth3 a22 DecisionAuthority VIOLATED '9439 distinct states found'
+ for p in $props
+ kind=INVARIANT
+ name=NoWriterJudge
+ case $p in
+ base=runs/PiDagAuth3-a22-NoWriterJudge-free-min2
+ echo CONSTANTS
+ echo '  Mode = "a22"'
+ tr ';' '\n'
+ echo 'Scope = "free"; MaxLog = 2; Owner = Owner; P1 = P1; P2 = P2; W1 = W1; W2 = W2'
+ sed 's/^ */  /'
+ echo 'SPECIFICATION Spec'
+ echo 'INVARIANT NoWriterJudge'
++ sha256sum PiDagAuth3.tla
++ cut -c1-64
+ echo '# module sha256 4e33cdf2dc776ed8501dab5cd3f86805a9ea8b3e63e2ac7a46d4badd259f21c0'
++ sha256sum runs/PiDagAuth3-a22-NoWriterJudge-free-min2.cfg
++ cut -c1-64
+ echo '# cfg    sha256 5445d5a2b1824056d0a0d117f570cca109a695471e65a2297696910fd6fc3694'
++ date -Is
+ echo '# flags  <deadlock checked> <exhaustive> 2026-10-08T22:13:43+08:00'
+ timeout 60 java -Xmx1g -XX:+UseParallelGC -cp ../tla2tools.jar tlc2.TLC -noGenerateSpecTE -workers 4 -metadir runs/PiDagAuth3-a22-NoWriterJudge-free-min2.states -config runs/PiDagAuth3-a22-NoWriterJudge-free-min2.cfg PiDagAuth3.tla
+ rc=12
+ rm -rf runs/PiDagAuth3-a22-NoWriterJudge-free-min2.states
+ grep -q 'No error has been found' runs/PiDagAuth3-a22-NoWriterJudge-free-min2.log
+ grep -qE 'is violated|was violated|Deadlock reached|Temporal properties were violated' runs/PiDagAuth3-a22-NoWriterJudge-free-min2.log
+ r=VIOLATED
++ tail -1
++ grep -oE '[0-9,]+ distinct states found' runs/PiDagAuth3-a22-NoWriterJudge-free-min2.log
+ printf '%-16s %-6s %-22s %-9s %s\n' PiDagAuth3 a22 NoWriterJudge VIOLATED '10473 distinct states found'
+ exit 0
