PiDagMerge       a22    NoLaundering           VIOLATED  33 distinct states found
PiDagMerge       a3     NoLaundering           HOLDS     33 distinct states found
PiDagMerge       a3-K2  NoLaundering           VIOLATED  21 distinct states found
PiDagMerge       a22    NoNewBreakage          VIOLATED  11 distinct states found
PiDagMerge       a3     NoNewBreakage          HOLDS     5 distinct states found
PiDagMerge       a3-K1  NoNewBreakage          HOLDS     5 distinct states found
PiDagMerge       a3-K3  NoNewBreakage          VIOLATED  7 distinct states found
PiDagMerge       a22    NoNewBreakage          VIOLATED  13 distinct states found
PiDagMerge       a3     NoNewBreakage          HOLDS     6 distinct states found
PiDagMerge       a3-K1  NoNewBreakage          HOLDS     6 distinct states found
PiDagMerge       a3-K3  NoNewBreakage          VIOLATED  8 distinct states found
PiDagMerge       a22    NoNewBreakage          VIOLATED  13 distinct states found
PiDagMerge       a3     NoNewBreakage          HOLDS     6 distinct states found
PiDagMerge       a3-K1  NoNewBreakage          VIOLATED  7 distinct states found
PiDagMerge       a3-K3  NoNewBreakage          HOLDS     6 distinct states found
PiDagMerge       a22    GenesisBeforeAdvance   VIOLATED  25 distinct states found
PiDagMerge       a3     GenesisBeforeAdvance   HOLDS     17 distinct states found
PiDagMerge       a3-K4  GenesisBeforeAdvance   VIOLATED  25 distinct states found
PiDagMerge       a22    JudgedAtCommit         VIOLATED  17 distinct states found
PiDagMerge       a3     JudgedAtCommit         HOLDS     14 distinct states found
PiDagMerge       a3-K5atomic JudgedAtCommit         VIOLATED  10 distinct states found
PiDagMerge       a22    NoLaundering           VIOLATED  53 distinct states found
PiDagMerge       a3     NoLaundering           VIOLATED  59 distinct states found
PiDagMerge       a22    NoLaundering           VIOLATED  39 distinct states found
PiDagMerge       a3     NoLaundering           VIOLATED  44 distinct states found
PiDagMerge       a22    NoFlakyRerunEscape     VIOLATED  91 distinct states found
PiDagMerge       a3     NoFlakyRerunEscape     HOLDS     101 distinct states found
PiDagMerge       a22    NoNewBreakage          VIOLATED  21 distinct states found
PiDagMerge       a3     NoNewBreakage          VIOLATED  13 distinct states found
PiDagMerge       a22    StateNeverWaived       VIOLATED  22 distinct states found
PiDagMerge       a3     StateNeverWaived       HOLDS     6 distinct states found
PiDagMerge       a3-K3state StateNeverWaived       VIOLATED  11 distinct states found
PiDagMerge       a22    GoodEventuallyMerges   VIOLATED  17 distinct states found
PiDagMerge       a22    LeaseExcludes          HOLDS     17 distinct states found
PiDagMerge       a22    NothingMerged          VIOLATED  14 distinct states found
PiDagMerge       a3     GoodEventuallyMerges   HOLDS     9 distinct states found
PiDagMerge       a3     LeaseExcludes          HOLDS     9 distinct states found
PiDagMerge       a3     NothingMerged          VIOLATED  8 distinct states found
PiDagMerge       a3-K5queue GoodEventuallyMerges   VIOLATED  24 distinct states found
PiDagMerge       a3-K5queue LeaseExcludes          VIOLATED  5 distinct states found
PiDagMerge       a3-K5queue NothingMerged          VIOLATED  13 distinct states found
PiDagMerge       a3     NothingMerged          VIOLATED  13 distinct states found
PiDagMerge       a3     NoUnrelatedMerge       VIOLATED  16 distinct states found
PiDagMerge       a3     NoNewBreakage          HOLDS     10 distinct states found
PiDagMerge       a3     DeferredDebtVisible    HOLDS     10 distinct states found
PiDagMerge       a3     NoDeferredMerge        VIOLATED  9 distinct states found
PiDagMerge       a3     NoOwnerWaivedMerge     VIOLATED  22 distinct states found
PiDagMerge       a3     NoNewBreakage          HOLDS     13 distinct states found
PiDagMerge       a3     NoOldDebtMerge         VIOLATED  8 distinct states found
PiDagMerge       a22    NoBypassedNegative     VIOLATED  33 distinct states found
PiDagMerge       a22    EscapeAttributable     HOLDS     71 distinct states found
PiDagMerge       a3     NoBypassedNegative     HOLDS     33 distinct states found
PiDagMerge       a3     EscapeAttributable     HOLDS     33 distinct states found
PiDagMerge       a22    NoBypassedNegative     VIOLATED  53 distinct states found
PiDagMerge       a22    EscapeAttributable     HOLDS     183 distinct states found
PiDagMerge       a3     NoBypassedNegative     HOLDS     101 distinct states found
PiDagMerge       a3     EscapeAttributable     HOLDS     101 distinct states found
PiDagMerge       a22    NoBypassedNegative     VIOLATED  39 distinct states found
PiDagMerge       a22    EscapeAttributable     HOLDS     113 distinct states found
PiDagMerge       a3     NoBypassedNegative     HOLDS     72 distinct states found
PiDagMerge       a3     EscapeAttributable     HOLDS     72 distinct states found
PiDagMerge       a22    NoBypassedNegative     HOLDS     15 distinct states found
PiDagMerge       a22    EscapeAttributable     VIOLATED  11 distinct states found
PiDagMerge       a3     NoBypassedNegative     HOLDS     5 distinct states found
PiDagMerge       a3     EscapeAttributable     HOLDS     5 distinct states found
PiDagMerge       a22    NoBypassedNegative     HOLDS     25 distinct states found
PiDagMerge       a22    EscapeAttributable     VIOLATED  13 distinct states found
PiDagMerge       a3     NoBypassedNegative     HOLDS     6 distinct states found
PiDagMerge       a3     EscapeAttributable     HOLDS     6 distinct states found
PiDagMerge       a22    NoBypassedNegative     HOLDS     18 distinct states found
PiDagMerge       a22    EscapeAttributable     VIOLATED  13 distinct states found
PiDagMerge       a3     NoBypassedNegative     HOLDS     6 distinct states found
PiDagMerge       a3     EscapeAttributable     HOLDS     6 distinct states found
PiDagMerge       a22    NoBypassedNegative     HOLDS     36 distinct states found
PiDagMerge       a22    EscapeAttributable     VIOLATED  24 distinct states found
PiDagMerge       a3     NoBypassedNegative     HOLDS     14 distinct states found
PiDagMerge       a3     EscapeAttributable     HOLDS     14 distinct states found
PiDagMerge       a22    NoBypassedNegative     HOLDS     25 distinct states found
PiDagMerge       a22    EscapeAttributable     VIOLATED  13 distinct states found
PiDagMerge       a3     NoBypassedNegative     HOLDS     13 distinct states found
PiDagMerge       a3     EscapeAttributable     VIOLATED  8 distinct states found
PiDagMerge       a3     NewEscapeAttributable  HOLDS     13 distinct states found
PiDagMerge       a3     EscapeAttributable     VIOLATED  185207 distinct states found
PiDagMerge       a3     NoBypassedNegative     ERROR(rc=124) 297,135 distinct states found
PiDagMerge       a3     NoBypassedNegative     VIOLATED  
PiDagMerge       a3     FreeCoreSafety         HOLDS-SIM 
PiDagMerge       a3     EscapeAttributable     VIOLATED  
PiDagMerge       a3     DeferredDebtVisible    VIOLATED  
PiDagMerge       a3     NoLaundering           VIOLATED  
PiDagMerge       a3     NoNewBreakage          VIOLATED  
PiDagMerge       a3     NothingMerged          VIOLATED  
PiDagMerge       a3     FreeNoTwoMerges        VIOLATED  
PiDagMerge       a3     NoOwnerWaivedMerge     VIOLATED  
PiDagMerge       a3     NoDeferredMerge        VIOLATED  
PiDagMerge       a22    NoBypassedNegative     VIOLATED  
PiDagMerge       a22    EscapeAttributable     VIOLATED  
