# module sha256 7972e7a830fe5a503653abc3c5e3edbf8f983f6d232254f41e05432927905957
# cfg    sha256 92a8fc4c92d97aedb190b2019e77d20f00c58f1a80d13d43bac4119aaa1df939
# flags  <deadlock checked> -simulate num=2000 -depth 20 2026-10-08T22:11:02+08:00
TLC2 Version 2026.10.06.014338 (rev: 94d0c50)
Running Random Simulation with seed 1888451957712121656 with 4 workers on 20 cores with 910MB heap and 64MB offheap memory [pid: 3484616] (Linux 5.15.0-139-generic amd64, Ubuntu 11.0.27 64bit).
Parsing file /home/purboo/project/pi-things/pi-dag/formal/a3/PiDagMerge.tla
Parsing file /tmp/tlc-14172531527634768988/Naturals.tla (jar:file:/home/purboo/project/pi-things/pi-dag/formal/tla2tools.jar!/tla2sany/StandardModules/Naturals.tla)
Parsing file /tmp/tlc-14172531527634768988/FiniteSets.tla (jar:file:/home/purboo/project/pi-things/pi-dag/formal/tla2tools.jar!/tla2sany/StandardModules/FiniteSets.tla)
Parsing file /tmp/tlc-14172531527634768988/Sequences.tla (jar:file:/home/purboo/project/pi-things/pi-dag/formal/tla2tools.jar!/tla2sany/StandardModules/Sequences.tla)
Parsing file /tmp/tlc-14172531527634768988/TLC.tla (jar:file:/home/purboo/project/pi-things/pi-dag/formal/tla2tools.jar!/tla2sany/StandardModules/TLC.tla)
Semantic processing of module Naturals
Semantic processing of module Sequences
Semantic processing of module FiniteSets
Semantic processing of module TLC
Semantic processing of module PiDagMerge
Linting of module PiDagMerge
Starting... (2026-10-08 22:11:03)
Computed 16 initial states...
Finished computing initial states: 16 distinct state generated at 2026-10-08 22:11:03.
Error: Invariant NodeAcceptanceCovered is violated.
Error: The behavior up to this point is:
State 1: <Init line 313, col 9 to line 314, col 48 of module PiDagMerge>
/\ f = [ kind |-> (k0 :> "execution" @@ k1 :> "execution"),
  truth |->
      ( k0 :> (0 :> FALSE @@ 1 :> TRUE @@ 2 :> TRUE) @@
        k1 :> (0 :> TRUE @@ 1 :> TRUE @@ 2 :> TRUE) ),
  obs |->
      ( k0 :> (0 :> {} @@ 1 :> {} @@ 2 :> {}) @@
        k1 :> (0 :> {} @@ 1 :> {} @@ 2 :> {}) ),
  genesis |-> FALSE,
  conflict |-> {},
  lease |-> "none",
  hist |-> <<>>,
  ver |-> (k0 :> 0 @@ k1 :> 0),
  nodeObs |->
      ( k0 :> (0 :> {} @@ 1 :> {} @@ 2 :> {}) @@
        k1 :> (0 :> {} @@ 1 :> {} @@ 2 :> {}) ),
  trunk |-> (k0 :> 0 @@ k1 :> 0),
  epoch |-> 0,
  inputs |-> 0,
  blocks |-> {},
  reproduced |-> {},
  waivers |-> {},
  deferrals |-> {},
  stateW |-> {},
  queue |-> <<>>,
  done |-> {},
  eval |->
      ( k0 :> [ver |-> 0, epoch |-> 0, valid |-> FALSE, at |-> 0] @@
        k1 :> [ver |-> 0, epoch |-> 0, valid |-> FALSE, at |-> 0] ),
  receipts |-> <<>> ]
/\ x = [unused |-> TRUE]

State 2: <Next line 315, col 9 to line 317, col 38 of module PiDagMerge>
/\ f = [ kind |-> (k0 :> "execution" @@ k1 :> "execution"),
  truth |->
      ( k0 :> (0 :> FALSE @@ 1 :> TRUE @@ 2 :> TRUE) @@
        k1 :> (0 :> TRUE @@ 1 :> TRUE @@ 2 :> TRUE) ),
  obs |->
      ( k0 :> (0 :> {} @@ 1 :> {} @@ 2 :> {}) @@
        k1 :> (0 :> {} @@ 1 :> {} @@ 2 :> {}) ),
  genesis |-> FALSE,
  conflict |-> {},
  lease |-> "none",
  hist |->
      << [ op |-> "observe",
           key |-> <<k1, 0>>,
           result |-> "pass",
           rank |-> 1,
           accurate |-> FALSE,
           n |-> k1,
           kind |-> "execution",
           truth |-> TRUE ] >>,
  ver |-> (k0 :> 0 @@ k1 :> 0),
  nodeObs |->
      ( k0 :> (0 :> {} @@ 1 :> {} @@ 2 :> {}) @@
        k1 :> (0 :> {"pass"} @@ 1 :> {} @@ 2 :> {}) ),
  trunk |-> (k0 :> 0 @@ k1 :> 0),
  epoch |-> 0,
  inputs |-> 1,
  blocks |-> {},
  reproduced |-> {},
  waivers |-> {},
  deferrals |-> {},
  stateW |-> {},
  queue |-> <<>>,
  done |-> {},
  eval |->
      ( k0 :> [ver |-> 0, epoch |-> 0, valid |-> FALSE, at |-> 0] @@
        k1 :> [ver |-> 0, epoch |-> 0, valid |-> FALSE, at |-> 0] ),
  receipts |-> <<>> ]
/\ x = [unused |-> TRUE]

State 3: <Next line 315, col 9 to line 317, col 38 of module PiDagMerge>
/\ f = [ kind |-> (k0 :> "execution" @@ k1 :> "execution"),
  truth |->
      ( k0 :> (0 :> FALSE @@ 1 :> TRUE @@ 2 :> TRUE) @@
        k1 :> (0 :> TRUE @@ 1 :> TRUE @@ 2 :> TRUE) ),
  obs |->
      ( k0 :> (0 :> {} @@ 1 :> {} @@ 2 :> {}) @@
        k1 :> (0 :> {} @@ 1 :> {} @@ 2 :> {}) ),
  genesis |-> FALSE,
  conflict |-> {},
  lease |-> "none",
  hist |->
      << [ op |-> "observe",
           key |-> <<k1, 0>>,
           result |-> "pass",
           rank |-> 1,
           accurate |-> FALSE,
           n |-> k1,
           kind |-> "execution",
           truth |-> TRUE ],
         [ op |-> "observe",
           key |-> <<k0, 0>>,
           result |-> "fail",
           rank |-> 1,
           accurate |-> TRUE,
           n |-> k0,
           kind |-> "execution",
           truth |-> FALSE ] >>,
  ver |-> (k0 :> 0 @@ k1 :> 0),
  nodeObs |->
      ( k0 :> (0 :> {"fail"} @@ 1 :> {} @@ 2 :> {}) @@
        k1 :> (0 :> {"pass"} @@ 1 :> {} @@ 2 :> {}) ),
  trunk |-> (k0 :> 0 @@ k1 :> 0),
  epoch |-> 0,
  inputs |-> 2,
  blocks |-> {2},
  reproduced |-> {},
  waivers |-> {},
  deferrals |-> {},
  stateW |-> {},
  queue |-> <<>>,
  done |-> {},
  eval |->
      ( k0 :> [ver |-> 0, epoch |-> 0, valid |-> FALSE, at |-> 0] @@
        k1 :> [ver |-> 0, epoch |-> 0, valid |-> FALSE, at |-> 0] ),
  receipts |-> <<>> ]
/\ x = [unused |-> TRUE]

State 4: <Next line 315, col 9 to line 317, col 38 of module PiDagMerge>
/\ f = [ kind |-> (k0 :> "execution" @@ k1 :> "execution"),
  truth |->
      ( k0 :> (0 :> FALSE @@ 1 :> TRUE @@ 2 :> TRUE) @@
        k1 :> (0 :> TRUE @@ 1 :> TRUE @@ 2 :> TRUE) ),
  obs |->
      ( k0 :> (0 :> {} @@ 1 :> {} @@ 2 :> {}) @@
        k1 :> (0 :> {} @@ 1 :> {} @@ 2 :> {}) ),
  genesis |-> FALSE,
  conflict |-> {},
  lease |-> "none",
  hist |->
      << [ op |-> "observe",
           key |-> <<k1, 0>>,
           result |-> "pass",
           rank |-> 1,
           accurate |-> FALSE,
           n |-> k1,
           kind |-> "execution",
           truth |-> TRUE ],
         [ op |-> "observe",
           key |-> <<k0, 0>>,
           result |-> "fail",
           rank |-> 1,
           accurate |-> TRUE,
           n |-> k0,
           kind |-> "execution",
           truth |-> FALSE ],
         [ op |-> "observe",
           key |-> <<k1, 0>>,
           result |-> "pass",
           rank |-> 1,
           accurate |-> TRUE,
           n |-> k1,
           kind |-> "execution",
           truth |-> TRUE ] >>,
  ver |-> (k0 :> 0 @@ k1 :> 0),
  nodeObs |->
      ( k0 :> (0 :> {"fail"} @@ 1 :> {} @@ 2 :> {}) @@
        k1 :> (0 :> {"pass"} @@ 1 :> {} @@ 2 :> {}) ),
  trunk |-> (k0 :> 0 @@ k1 :> 0),
  epoch |-> 0,
  inputs |-> 3,
  blocks |-> {2},
  reproduced |-> {},
  waivers |-> {},
  deferrals |-> {},
  stateW |-> {},
  queue |-> <<>>,
  done |-> {},
  eval |->
      ( k0 :> [ver |-> 0, epoch |-> 0, valid |-> FALSE, at |-> 0] @@
        k1 :> [ver |-> 0, epoch |-> 0, valid |-> FALSE, at |-> 0] ),
  receipts |-> <<>> ]
/\ x = [unused |-> TRUE]

State 5: <Next line 315, col 9 to line 317, col 38 of module PiDagMerge>
/\ f = [ kind |-> (k0 :> "execution" @@ k1 :> "execution"),
  truth |->
      ( k0 :> (0 :> FALSE @@ 1 :> TRUE @@ 2 :> TRUE) @@
        k1 :> (0 :> TRUE @@ 1 :> TRUE @@ 2 :> TRUE) ),
  obs |->
      ( k0 :> (0 :> {} @@ 1 :> {} @@ 2 :> {}) @@
        k1 :> (0 :> {} @@ 1 :> {} @@ 2 :> {}) ),
  genesis |-> FALSE,
  conflict |-> {},
  lease |-> "none",
  hist |->
      << [ op |-> "observe",
           key |-> <<k1, 0>>,
           result |-> "pass",
           rank |-> 1,
           accurate |-> FALSE,
           n |-> k1,
           kind |-> "execution",
           truth |-> TRUE ],
         [ op |-> "observe",
           key |-> <<k0, 0>>,
           result |-> "fail",
           rank |-> 1,
           accurate |-> TRUE,
           n |-> k0,
           kind |-> "execution",
           truth |-> FALSE ],
         [ op |-> "observe",
           key |-> <<k1, 0>>,
           result |-> "pass",
           rank |-> 1,
           accurate |-> TRUE,
           n |-> k1,
           kind |-> "execution",
           truth |-> TRUE ],
         [ op |-> "defer",
           key |-> <<k1, 0>>,
           result |-> "none",
           rank |-> 3,
           accurate |-> TRUE,
           n |-> k1,
           kind |-> "execution",
           truth |-> TRUE ] >>,
  ver |-> (k0 :> 0 @@ k1 :> 0),
  nodeObs |->
      ( k0 :> (0 :> {"fail"} @@ 1 :> {} @@ 2 :> {}) @@
        k1 :> (0 :> {"pass"} @@ 1 :> {} @@ 2 :> {}) ),
  trunk |-> (k0 :> 0 @@ k1 :> 0),
  epoch |-> 0,
  inputs |-> 4,
  blocks |-> {2},
  reproduced |-> {},
  waivers |-> {},
  deferrals |-> {<<k1, 0>>},
  stateW |-> {},
  queue |-> <<>>,
  done |-> {},
  eval |->
      ( k0 :> [ver |-> 0, epoch |-> 0, valid |-> FALSE, at |-> 0] @@
        k1 :> [ver |-> 0, epoch |-> 0, valid |-> FALSE, at |-> 0] ),
  receipts |-> <<>> ]
/\ x = [unused |-> TRUE]

State 6: <Next line 315, col 9 to line 317, col 38 of module PiDagMerge>
/\ f = [ kind |-> (k0 :> "execution" @@ k1 :> "execution"),
  truth |->
      ( k0 :> (0 :> FALSE @@ 1 :> TRUE @@ 2 :> TRUE) @@
        k1 :> (0 :> TRUE @@ 1 :> FALSE @@ 2 :> TRUE) ),
  obs |->
      ( k0 :> (0 :> {} @@ 1 :> {} @@ 2 :> {}) @@
        k1 :> (0 :> {} @@ 1 :> {} @@ 2 :> {}) ),
  genesis |-> FALSE,
  conflict |-> {},
  lease |-> "none",
  hist |->
      << [ op |-> "observe",
           key |-> <<k1, 0>>,
           result |-> "pass",
           rank |-> 1,
           accurate |-> FALSE,
           n |-> k1,
           kind |-> "execution",
           truth |-> TRUE ],
         [ op |-> "observe",
           key |-> <<k0, 0>>,
           result |-> "fail",
           rank |-> 1,
           accurate |-> TRUE,
           n |-> k0,
           kind |-> "execution",
           truth |-> FALSE ],
         [ op |-> "observe",
           key |-> <<k1, 0>>,
           result |-> "pass",
           rank |-> 1,
           accurate |-> TRUE,
           n |-> k1,
           kind |-> "execution",
           truth |-> TRUE ],
         [ op |-> "defer",
           key |-> <<k1, 0>>,
           result |-> "none",
           rank |-> 3,
           accurate |-> TRUE,
           n |-> k1,
           kind |-> "execution",
           truth |-> TRUE ],
         [ op |-> "edit",
           key |-> <<k1, 1>>,
           result |-> "none",
           rank |-> 0,
           accurate |-> FALSE,
           n |-> k1,
           kind |-> "execution",
           truth |-> FALSE ] >>,
  ver |-> (k0 :> 0 @@ k1 :> 1),
  nodeObs |->
      ( k0 :> (0 :> {"fail"} @@ 1 :> {} @@ 2 :> {}) @@
        k1 :> (0 :> {"pass"} @@ 1 :> {} @@ 2 :> {}) ),
  trunk |-> (k0 :> 0 @@ k1 :> 0),
  epoch |-> 0,
  inputs |-> 5,
  blocks |-> {2},
  reproduced |-> {},
  waivers |-> {},
  deferrals |-> {<<k1, 0>>},
  stateW |-> {},
  queue |-> <<>>,
  done |-> {},
  eval |->
      ( k0 :> [ver |-> 0, epoch |-> 0, valid |-> FALSE, at |-> 0] @@
        k1 :> [ver |-> 0, epoch |-> 0, valid |-> FALSE, at |-> 0] ),
  receipts |-> <<>> ]
/\ x = [unused |-> TRUE]

State 7: <Next line 315, col 9 to line 317, col 38 of module PiDagMerge>
/\ f = [ kind |-> (k0 :> "execution" @@ k1 :> "execution"),
  truth |->
      ( k0 :> (0 :> FALSE @@ 1 :> TRUE @@ 2 :> TRUE) @@
        k1 :> (0 :> TRUE @@ 1 :> FALSE @@ 2 :> TRUE) ),
  obs |->
      ( k0 :> (0 :> {} @@ 1 :> {} @@ 2 :> {}) @@
        k1 :> (0 :> {} @@ 1 :> {} @@ 2 :> {}) ),
  genesis |-> FALSE,
  conflict |-> {},
  lease |-> "none",
  hist |->
      << [ op |-> "observe",
           key |-> <<k1, 0>>,
           result |-> "pass",
           rank |-> 1,
           accurate |-> FALSE,
           n |-> k1,
           kind |-> "execution",
           truth |-> TRUE ],
         [ op |-> "observe",
           key |-> <<k0, 0>>,
           result |-> "fail",
           rank |-> 1,
           accurate |-> TRUE,
           n |-> k0,
           kind |-> "execution",
           truth |-> FALSE ],
         [ op |-> "observe",
           key |-> <<k1, 0>>,
           result |-> "pass",
           rank |-> 1,
           accurate |-> TRUE,
           n |-> k1,
           kind |-> "execution",
           truth |-> TRUE ],
         [ op |-> "defer",
           key |-> <<k1, 0>>,
           result |-> "none",
           rank |-> 3,
           accurate |-> TRUE,
           n |-> k1,
           kind |-> "execution",
           truth |-> TRUE ],
         [ op |-> "edit",
           key |-> <<k1, 1>>,
           result |-> "none",
           rank |-> 0,
           accurate |-> FALSE,
           n |-> k1,
           kind |-> "execution",
           truth |-> FALSE ],
         [ op |-> "observe",
           key |-> <<k0, 0>>,
           result |-> "fail",
           rank |-> 2,
           accurate |-> FALSE,
           n |-> k0,
           kind |-> "execution",
           truth |-> FALSE ] >>,
  ver |-> (k0 :> 0 @@ k1 :> 1),
  nodeObs |->
      ( k0 :> (0 :> {"fail"} @@ 1 :> {} @@ 2 :> {}) @@
        k1 :> (0 :> {"pass"} @@ 1 :> {} @@ 2 :> {}) ),
  trunk |-> (k0 :> 0 @@ k1 :> 0),
  epoch |-> 0,
  inputs |-> 6,
  blocks |-> {2, 6},
  reproduced |-> {},
  waivers |-> {},
  deferrals |-> {<<k1, 0>>},
  stateW |-> {},
  queue |-> <<>>,
  done |-> {},
  eval |->
      ( k0 :> [ver |-> 0, epoch |-> 0, valid |-> FALSE, at |-> 0] @@
        k1 :> [ver |-> 0, epoch |-> 0, valid |-> FALSE, at |-> 0] ),
  receipts |-> <<>> ]
/\ x = [unused |-> TRUE]

State 8: <Next line 315, col 9 to line 317, col 38 of module PiDagMerge>
/\ f = [ kind |-> (k0 :> "execution" @@ k1 :> "execution"),
  truth |->
      ( k0 :> (0 :> FALSE @@ 1 :> TRUE @@ 2 :> TRUE) @@
        k1 :> (0 :> TRUE @@ 1 :> FALSE @@ 2 :> TRUE) ),
  obs |->
      ( k0 :> (0 :> {} @@ 1 :> {} @@ 2 :> {}) @@
        k1 :> (0 :> {} @@ 1 :> {"pass"} @@ 2 :> {}) ),
  genesis |-> FALSE,
  conflict |-> {},
  lease |-> "none",
  hist |->
      << [ op |-> "observe",
           key |-> <<k1, 0>>,
           result |-> "pass",
           rank |-> 1,
           accurate |-> FALSE,
           n |-> k1,
           kind |-> "execution",
           truth |-> TRUE ],
         [ op |-> "observe",
           key |-> <<k0, 0>>,
           result |-> "fail",
           rank |-> 1,
           accurate |-> TRUE,
           n |-> k0,
           kind |-> "execution",
           truth |-> FALSE ],
         [ op |-> "observe",
           key |-> <<k1, 0>>,
           result |-> "pass",
           rank |-> 1,
           accurate |-> TRUE,
           n |-> k1,
           kind |-> "execution",
           truth |-> TRUE ],
         [ op |-> "defer",
           key |-> <<k1, 0>>,
           result |-> "none",
           rank |-> 3,
           accurate |-> TRUE,
           n |-> k1,
           kind |-> "execution",
           truth |-> TRUE ],
         [ op |-> "edit",
           key |-> <<k1, 1>>,
           result |-> "none",
           rank |-> 0,
           accurate |-> FALSE,
           n |-> k1,
           kind |-> "execution",
           truth |-> FALSE ],
         [ op |-> "observe",
           key |-> <<k0, 0>>,
           result |-> "fail",
           rank |-> 2,
           accurate |-> FALSE,
           n |-> k0,
           kind |-> "execution",
           truth |-> FALSE ],
         [ op |-> "observe",
           key |-> <<k1, 1>>,
           result |-> "pass",
           rank |-> 1,
           accurate |-> FALSE,
           n |-> k1,
           kind |-> "state",
           truth |-> FALSE ] >>,
  ver |-> (k0 :> 0 @@ k1 :> 1),
  nodeObs |->
      ( k0 :> (0 :> {"fail"} @@ 1 :> {} @@ 2 :> {}) @@
        k1 :> (0 :> {"pass"} @@ 1 :> {} @@ 2 :> {}) ),
  trunk |-> (k0 :> 0 @@ k1 :> 0),
  epoch |-> 0,
  inputs |-> 7,
  blocks |-> {2, 6},
  reproduced |-> {},
  waivers |-> {},
  deferrals |-> {<<k1, 0>>},
  stateW |-> {},
  queue |-> <<>>,
  done |-> {},
  eval |->
      ( k0 :> [ver |-> 0, epoch |-> 0, valid |-> FALSE, at |-> 0] @@
        k1 :> [ver |-> 0, epoch |-> 0, valid |-> FALSE, at |-> 0] ),
  receipts |-> <<>> ]
/\ x = [unused |-> TRUE]

State 9: <Next line 315, col 9 to line 317, col 38 of module PiDagMerge>
/\ f = [ kind |-> (k0 :> "execution" @@ k1 :> "execution"),
  truth |->
      ( k0 :> (0 :> FALSE @@ 1 :> TRUE @@ 2 :> TRUE) @@
        k1 :> (0 :> TRUE @@ 1 :> FALSE @@ 2 :> TRUE) ),
  obs |->
      ( k0 :> (0 :> {} @@ 1 :> {} @@ 2 :> {}) @@
        k1 :> (0 :> {} @@ 1 :> {"pass"} @@ 2 :> {}) ),
  genesis |-> FALSE,
  conflict |-> {},
  lease |-> "none",
  hist |->
      << [ op |-> "observe",
           key |-> <<k1, 0>>,
           result |-> "pass",
           rank |-> 1,
           accurate |-> FALSE,
           n |-> k1,
           kind |-> "execution",
           truth |-> TRUE ],
         [ op |-> "observe",
           key |-> <<k0, 0>>,
           result |-> "fail",
           rank |-> 1,
           accurate |-> TRUE,
           n |-> k0,
           kind |-> "execution",
           truth |-> FALSE ],
         [ op |-> "observe",
           key |-> <<k1, 0>>,
           result |-> "pass",
           rank |-> 1,
           accurate |-> TRUE,
           n |-> k1,
           kind |-> "execution",
           truth |-> TRUE ],
         [ op |-> "defer",
           key |-> <<k1, 0>>,
           result |-> "none",
           rank |-> 3,
           accurate |-> TRUE,
           n |-> k1,
           kind |-> "execution",
           truth |-> TRUE ],
         [ op |-> "edit",
           key |-> <<k1, 1>>,
           result |-> "none",
           rank |-> 0,
           accurate |-> FALSE,
           n |-> k1,
           kind |-> "execution",
           truth |-> FALSE ],
         [ op |-> "observe",
           key |-> <<k0, 0>>,
           result |-> "fail",
           rank |-> 2,
           accurate |-> FALSE,
           n |-> k0,
           kind |-> "execution",
           truth |-> FALSE ],
         [ op |-> "observe",
           key |-> <<k1, 1>>,
           result |-> "pass",
           rank |-> 1,
           accurate |-> FALSE,
           n |-> k1,
           kind |-> "state",
           truth |-> FALSE ],
         [ op |-> "observe",
           key |-> <<k1, 1>>,
           result |-> "fail",
           rank |-> 1,
           accurate |-> FALSE,
           n |-> k1,
           kind |-> "execution",
           truth |-> FALSE ] >>,
  ver |-> (k0 :> 0 @@ k1 :> 1),
  nodeObs |->
      ( k0 :> (0 :> {"fail"} @@ 1 :> {} @@ 2 :> {}) @@
        k1 :> (0 :> {"pass"} @@ 1 :> {"fail"} @@ 2 :> {}) ),
  trunk |-> (k0 :> 0 @@ k1 :> 0),
  epoch |-> 0,
  inputs |-> 8,
  blocks |-> {2, 6, 8},
  reproduced |-> {},
  waivers |-> {},
  deferrals |-> {<<k1, 0>>},
  stateW |-> {},
  queue |-> <<>>,
  done |-> {},
  eval |->
      ( k0 :> [ver |-> 0, epoch |-> 0, valid |-> FALSE, at |-> 0] @@
        k1 :> [ver |-> 0, epoch |-> 0, valid |-> FALSE, at |-> 0] ),
  receipts |-> <<>> ]
/\ x = [unused |-> TRUE]

State 10: <Next line 315, col 9 to line 317, col 38 of module PiDagMerge>
/\ f = [ kind |-> (k0 :> "execution" @@ k1 :> "execution"),
  truth |->
      ( k0 :> (0 :> FALSE @@ 1 :> TRUE @@ 2 :> TRUE) @@
        k1 :> (0 :> TRUE @@ 1 :> FALSE @@ 2 :> TRUE) ),
  obs |->
      ( k0 :> (0 :> {} @@ 1 :> {} @@ 2 :> {}) @@
        k1 :> (0 :> {} @@ 1 :> {"pass"} @@ 2 :> {}) ),
  genesis |-> FALSE,
  conflict |-> {},
  lease |-> "none",
  hist |->
      << [ op |-> "observe",
           key |-> <<k1, 0>>,
           result |-> "pass",
           rank |-> 1,
           accurate |-> FALSE,
           n |-> k1,
           kind |-> "execution",
           truth |-> TRUE ],
         [ op |-> "observe",
           key |-> <<k0, 0>>,
           result |-> "fail",
           rank |-> 1,
           accurate |-> TRUE,
           n |-> k0,
           kind |-> "execution",
           truth |-> FALSE ],
         [ op |-> "observe",
           key |-> <<k1, 0>>,
           result |-> "pass",
           rank |-> 1,
           accurate |-> TRUE,
           n |-> k1,
           kind |-> "execution",
           truth |-> TRUE ],
         [ op |-> "defer",
           key |-> <<k1, 0>>,
           result |-> "none",
           rank |-> 3,
           accurate |-> TRUE,
           n |-> k1,
           kind |-> "execution",
           truth |-> TRUE ],
         [ op |-> "edit",
           key |-> <<k1, 1>>,
           result |-> "none",
           rank |-> 0,
           accurate |-> FALSE,
           n |-> k1,
           kind |-> "execution",
           truth |-> FALSE ],
         [ op |-> "observe",
           key |-> <<k0, 0>>,
           result |-> "fail",
           rank |-> 2,
           accurate |-> FALSE,
           n |-> k0,
           kind |-> "execution",
           truth |-> FALSE ],
         [ op |-> "observe",
           key |-> <<k1, 1>>,
           result |-> "pass",
           rank |-> 1,
           accurate |-> FALSE,
           n |-> k1,
           kind |-> "state",
           truth |-> FALSE ],
         [ op |-> "observe",
           key |-> <<k1, 1>>,
           result |-> "fail",
           rank |-> 1,
           accurate |-> FALSE,
           n |-> k1,
           kind |-> "execution",
           truth |-> FALSE ] >>,
  ver |-> (k0 :> 0 @@ k1 :> 1),
  nodeObs |->
      ( k0 :> (0 :> {"fail"} @@ 1 :> {} @@ 2 :> {}) @@
        k1 :> (0 :> {"pass"} @@ 1 :> {"fail"} @@ 2 :> {}) ),
  trunk |-> (k0 :> 0 @@ k1 :> 0),
  epoch |-> 0,
  inputs |-> 8,
  blocks |-> {2, 6, 8},
  reproduced |-> {},
  waivers |-> {},
  deferrals |-> {<<k1, 0>>},
  stateW |-> {},
  queue |-> <<k1>>,
  done |-> {},
  eval |->
      ( k0 :> [ver |-> 0, epoch |-> 0, valid |-> FALSE, at |-> 0] @@
        k1 :> [ver |-> 0, epoch |-> 0, valid |-> FALSE, at |-> 0] ),
  receipts |-> <<>> ]
/\ x = [unused |-> TRUE]

State 11: <Next line 315, col 9 to line 317, col 38 of module PiDagMerge>
/\ f = [ kind |-> (k0 :> "execution" @@ k1 :> "execution"),
  truth |->
      ( k0 :> (0 :> FALSE @@ 1 :> TRUE @@ 2 :> TRUE) @@
        k1 :> (0 :> TRUE @@ 1 :> FALSE @@ 2 :> TRUE) ),
  obs |->
      ( k0 :> (0 :> {} @@ 1 :> {} @@ 2 :> {}) @@
        k1 :> (0 :> {} @@ 1 :> {"pass"} @@ 2 :> {}) ),
  genesis |-> FALSE,
  conflict |-> {},
  lease |-> "none",
  hist |->
      << [ op |-> "observe",
           key |-> <<k1, 0>>,
           result |-> "pass",
           rank |-> 1,
           accurate |-> FALSE,
           n |-> k1,
           kind |-> "execution",
           truth |-> TRUE ],
         [ op |-> "observe",
           key |-> <<k0, 0>>,
           result |-> "fail",
           rank |-> 1,
           accurate |-> TRUE,
           n |-> k0,
           kind |-> "execution",
           truth |-> FALSE ],
         [ op |-> "observe",
           key |-> <<k1, 0>>,
           result |-> "pass",
           rank |-> 1,
           accurate |-> TRUE,
           n |-> k1,
           kind |-> "execution",
           truth |-> TRUE ],
         [ op |-> "defer",
           key |-> <<k1, 0>>,
           result |-> "none",
           rank |-> 3,
           accurate |-> TRUE,
           n |-> k1,
           kind |-> "execution",
           truth |-> TRUE ],
         [ op |-> "edit",
           key |-> <<k1, 1>>,
           result |-> "none",
           rank |-> 0,
           accurate |-> FALSE,
           n |-> k1,
           kind |-> "execution",
           truth |-> FALSE ],
         [ op |-> "observe",
           key |-> <<k0, 0>>,
           result |-> "fail",
           rank |-> 2,
           accurate |-> FALSE,
           n |-> k0,
           kind |-> "execution",
           truth |-> FALSE ],
         [ op |-> "observe",
           key |-> <<k1, 1>>,
           result |-> "pass",
           rank |-> 1,
           accurate |-> FALSE,
           n |-> k1,
           kind |-> "state",
           truth |-> FALSE ],
         [ op |-> "observe",
           key |-> <<k1, 1>>,
           result |-> "fail",
           rank |-> 1,
           accurate |-> FALSE,
           n |-> k1,
           kind |-> "execution",
           truth |-> FALSE ] >>,
  ver |-> (k0 :> 0 @@ k1 :> 1),
  nodeObs |->
      ( k0 :> (0 :> {"fail"} @@ 1 :> {} @@ 2 :> {}) @@
        k1 :> (0 :> {"pass"} @@ 1 :> {"fail"} @@ 2 :> {}) ),
  trunk |-> (k0 :> 0 @@ k1 :> 0),
  epoch |-> 0,
  inputs |-> 8,
  blocks |-> {2, 6, 8},
  reproduced |-> {},
  waivers |-> {},
  deferrals |-> {<<k1, 0>>},
  stateW |-> {},
  queue |-> <<k1>>,
  done |-> {k0},
  eval |->
      ( k0 :> [ver |-> 0, epoch |-> 0, valid |-> FALSE, at |-> 0] @@
        k1 :> [ver |-> 0, epoch |-> 0, valid |-> FALSE, at |-> 0] ),
  receipts |-> <<>> ]
/\ x = [unused |-> TRUE]

State 12: <Next line 315, col 9 to line 317, col 38 of module PiDagMerge>
/\ f = [ kind |-> (k0 :> "execution" @@ k1 :> "execution"),
  truth |->
      ( k0 :> (0 :> FALSE @@ 1 :> TRUE @@ 2 :> TRUE) @@
        k1 :> (0 :> TRUE @@ 1 :> FALSE @@ 2 :> TRUE) ),
  obs |->
      ( k0 :> (0 :> {} @@ 1 :> {} @@ 2 :> {}) @@
        k1 :> (0 :> {} @@ 1 :> {"pass"} @@ 2 :> {}) ),
  genesis |-> FALSE,
  conflict |-> {},
  lease |-> "none",
  hist |->
      << [ op |-> "observe",
           key |-> <<k1, 0>>,
           result |-> "pass",
           rank |-> 1,
           accurate |-> FALSE,
           n |-> k1,
           kind |-> "execution",
           truth |-> TRUE ],
         [ op |-> "observe",
           key |-> <<k0, 0>>,
           result |-> "fail",
           rank |-> 1,
           accurate |-> TRUE,
           n |-> k0,
           kind |-> "execution",
           truth |-> FALSE ],
         [ op |-> "observe",
           key |-> <<k1, 0>>,
           result |-> "pass",
           rank |-> 1,
           accurate |-> TRUE,
           n |-> k1,
           kind |-> "execution",
           truth |-> TRUE ],
         [ op |-> "defer",
           key |-> <<k1, 0>>,
           result |-> "none",
           rank |-> 3,
           accurate |-> TRUE,
           n |-> k1,
           kind |-> "execution",
           truth |-> TRUE ],
         [ op |-> "edit",
           key |-> <<k1, 1>>,
           result |-> "none",
           rank |-> 0,
           accurate |-> FALSE,
           n |-> k1,
           kind |-> "execution",
           truth |-> FALSE ],
         [ op |-> "observe",
           key |-> <<k0, 0>>,
           result |-> "fail",
           rank |-> 2,
           accurate |-> FALSE,
           n |-> k0,
           kind |-> "execution",
           truth |-> FALSE ],
         [ op |-> "observe",
           key |-> <<k1, 1>>,
           result |-> "pass",
           rank |-> 1,
           accurate |-> FALSE,
           n |-> k1,
           kind |-> "state",
           truth |-> FALSE ],
         [ op |-> "observe",
           key |-> <<k1, 1>>,
           result |-> "fail",
           rank |-> 1,
           accurate |-> FALSE,
           n |-> k1,
           kind |-> "execution",
           truth |-> FALSE ] >>,
  ver |-> (k0 :> 0 @@ k1 :> 1),
  nodeObs |->
      ( k0 :> (0 :> {"fail"} @@ 1 :> {} @@ 2 :> {}) @@
        k1 :> (0 :> {"pass"} @@ 1 :> {"fail"} @@ 2 :> {}) ),
  trunk |-> (k0 :> 0 @@ k1 :> 0),
  epoch |-> 0,
  inputs |-> 8,
  blocks |-> {2, 6, 8},
  reproduced |-> {},
  waivers |-> {},
  deferrals |-> {<<k1, 0>>},
  stateW |-> {},
  queue |-> <<k1>>,
  done |-> {k0},
  eval |->
      ( k0 :> [ver |-> 0, epoch |-> 0, valid |-> FALSE, at |-> 0] @@
        k1 :> [ver |-> 1, epoch |-> 0, valid |-> TRUE, at |-> 8] ),
  receipts |-> <<>> ]
/\ x = [unused |-> TRUE]

State 13: <Next line 315, col 9 to line 317, col 38 of module PiDagMerge>
/\ f = [ kind |-> (k0 :> "execution" @@ k1 :> "execution"),
  truth |->
      ( k0 :> (0 :> FALSE @@ 1 :> TRUE @@ 2 :> TRUE) @@
        k1 :> (0 :> TRUE @@ 1 :> FALSE @@ 2 :> TRUE) ),
  obs |->
      ( k0 :> (0 :> {} @@ 1 :> {} @@ 2 :> {}) @@
        k1 :> (0 :> {} @@ 1 :> {"pass"} @@ 2 :> {}) ),
  genesis |-> FALSE,
  conflict |-> {},
  lease |-> "none",
  hist |->
      << [ op |-> "observe",
           key |-> <<k1, 0>>,
           result |-> "pass",
           rank |-> 1,
           accurate |-> FALSE,
           n |-> k1,
           kind |-> "execution",
           truth |-> TRUE ],
         [ op |-> "observe",
           key |-> <<k0, 0>>,
           result |-> "fail",
           rank |-> 1,
           accurate |-> TRUE,
           n |-> k0,
           kind |-> "execution",
           truth |-> FALSE ],
         [ op |-> "observe",
           key |-> <<k1, 0>>,
           result |-> "pass",
           rank |-> 1,
           accurate |-> TRUE,
           n |-> k1,
           kind |-> "execution",
           truth |-> TRUE ],
         [ op |-> "defer",
           key |-> <<k1, 0>>,
           result |-> "none",
           rank |-> 3,
           accurate |-> TRUE,
           n |-> k1,
           kind |-> "execution",
           truth |-> TRUE ],
         [ op |-> "edit",
           key |-> <<k1, 1>>,
           result |-> "none",
           rank |-> 0,
           accurate |-> FALSE,
           n |-> k1,
           kind |-> "execution",
           truth |-> FALSE ],
         [ op |-> "observe",
           key |-> <<k0, 0>>,
           result |-> "fail",
           rank |-> 2,
           accurate |-> FALSE,
           n |-> k0,
           kind |-> "execution",
           truth |-> FALSE ],
         [ op |-> "observe",
           key |-> <<k1, 1>>,
           result |-> "pass",
           rank |-> 1,
           accurate |-> FALSE,
           n |-> k1,
           kind |-> "state",
           truth |-> FALSE ],
         [ op |-> "observe",
           key |-> <<k1, 1>>,
           result |-> "fail",
           rank |-> 1,
           accurate |-> FALSE,
           n |-> k1,
           kind |-> "execution",
           truth |-> FALSE ],
         [ op |-> "commit",
           n |-> k1,
           key |-> <<k1, 1>>,
           kind |-> "execution",
           result |-> "none",
           rank |-> 0,
           accurate |-> FALSE,
           truth |-> FALSE ] >>,
  ver |-> (k0 :> 0 @@ k1 :> 1),
  nodeObs |->
      ( k0 :> (0 :> {"fail"} @@ 1 :> {} @@ 2 :> {}) @@
        k1 :> (0 :> {"pass"} @@ 1 :> {"fail"} @@ 2 :> {}) ),
  trunk |-> (k0 :> 0 @@ k1 :> 1),
  epoch |-> 1,
  inputs |-> 8,
  blocks |-> {2, 6, 8},
  reproduced |-> {},
  waivers |-> {},
  deferrals |-> {<<k1, 0>>},
  stateW |-> {},
  queue |-> <<>>,
  done |-> {k0, k1},
  eval |->
      ( k0 :> [ver |-> 0, epoch |-> 0, valid |-> FALSE, at |-> 0] @@
        k1 :> [ver |-> 1, epoch |-> 0, valid |-> TRUE, at |-> 8] ),
  receipts |->
      << [ n |-> k1,
           key |-> <<k1, 1>>,
           truth |-> FALSE,
           prekey |-> <<k1, 0>>,
           pretruth |-> TRUE,
           at |-> 8,
           evalAt |-> 8,
           waived |-> FALSE,
           deferred |-> FALSE,
           stateW |-> FALSE,
           debt |-> FALSE,
           nodeDebt |-> TRUE,
           lease |-> "none" ] >> ]
/\ x = [unused |-> TRUE]

The number of states generated: 2953
Simulation using seed 1888451957712121656 and aril 0
Progress: 3036 states checked, 10 traces generated (trace length: mean=6, var(x)=73, sd=9)
Finished in 00s at (2026-10-08 22:11:03)
