# module sha256 65dadcf33e0dbf772dc4b7df47e6898dbcd7db705d32f80f52cde863e5224310
# cfg    sha256 e80eeba259f59d38d95d2287886dd626abea626e5eefe3f4305a8383e7dc9b4a
# flags  <deadlock checked> -simulate num=2000 -depth 20 2026-10-08T21:51:07+08:00
TLC2 Version 2026.10.06.014338 (rev: 94d0c50)
Running Random Simulation with seed 6162820333031364511 with 4 workers on 20 cores with 910MB heap and 64MB offheap memory [pid: 3459549] (Linux 5.15.0-139-generic amd64, Ubuntu 11.0.27 64bit).
Parsing file /home/purboo/project/pi-things/pi-dag/formal/a3/PiDagMerge.tla
Parsing file /tmp/tlc-2313602210046837883/Naturals.tla (jar:file:/home/purboo/project/pi-things/pi-dag/formal/tla2tools.jar!/tla2sany/StandardModules/Naturals.tla)
Parsing file /tmp/tlc-2313602210046837883/FiniteSets.tla (jar:file:/home/purboo/project/pi-things/pi-dag/formal/tla2tools.jar!/tla2sany/StandardModules/FiniteSets.tla)
Parsing file /tmp/tlc-2313602210046837883/Sequences.tla (jar:file:/home/purboo/project/pi-things/pi-dag/formal/tla2tools.jar!/tla2sany/StandardModules/Sequences.tla)
Parsing file /tmp/tlc-2313602210046837883/TLC.tla (jar:file:/home/purboo/project/pi-things/pi-dag/formal/tla2tools.jar!/tla2sany/StandardModules/TLC.tla)
Semantic processing of module Naturals
Semantic processing of module Sequences
Semantic processing of module FiniteSets
Semantic processing of module TLC
Semantic processing of module PiDagMerge
Linting of module PiDagMerge
Starting... (2026-10-08 21:51:08)
Computed 16 initial states...
Finished computing initial states: 16 distinct state generated at 2026-10-08 21:51:08.
Error: Invariant FreeNoTwoMerges is violated.
Error: The behavior up to this point is:
State 1: <Init line 301, col 9 to line 302, col 48 of module PiDagMerge>
/\ f = [ kind |-> (k0 :> "execution" @@ k1 :> "judgment"),
  truth |->
      ( k0 :> (0 :> TRUE @@ 1 :> TRUE @@ 2 :> TRUE) @@
        k1 :> (0 :> TRUE @@ 1 :> TRUE @@ 2 :> TRUE) ),
  obs |->
      ( k0 :> (0 :> {} @@ 1 :> {} @@ 2 :> {}) @@
        k1 :> (0 :> {} @@ 1 :> {} @@ 2 :> {}) ),
  genesis |-> FALSE,
  conflict |-> {},
  lease |-> "none",
  hist |-> <<>>,
  ver |-> (k0 :> 0 @@ k1 :> 0),
  trunk |-> (k0 :> 0 @@ k1 :> 0),
  epoch |-> 0,
  inputs |-> 0,
  blocks |-> {},
  reproduced |-> {},
  waivers |-> {},
  deferrals |-> {},
  stateW |-> {},
  queue |-> <<>>,
  done |-> {},
  eval |->
      ( k0 :> [ver |-> 0, epoch |-> 0, valid |-> FALSE, at |-> 0] @@
        k1 :> [ver |-> 0, epoch |-> 0, valid |-> FALSE, at |-> 0] ),
  receipts |-> <<>> ]
/\ x = [unused |-> TRUE]

State 2: <Next line 303, col 9 to line 305, col 38 of module PiDagMerge>
/\ f = [ kind |-> (k0 :> "execution" @@ k1 :> "judgment"),
  truth |->
      ( k0 :> (0 :> TRUE @@ 1 :> TRUE @@ 2 :> TRUE) @@
        k1 :> (0 :> TRUE @@ 1 :> TRUE @@ 2 :> TRUE) ),
  obs |->
      ( k0 :> (0 :> {} @@ 1 :> {} @@ 2 :> {}) @@
        k1 :> (0 :> {"fail"} @@ 1 :> {} @@ 2 :> {}) ),
  genesis |-> FALSE,
  conflict |-> {},
  lease |-> "none",
  hist |->
      << [ op |-> "observe",
           key |-> <<k1, 0>>,
           result |-> "fail",
           rank |-> 1,
           accurate |-> FALSE,
           n |-> k1,
           kind |-> "judgment",
           truth |-> TRUE ] >>,
  ver |-> (k0 :> 0 @@ k1 :> 0),
  trunk |-> (k0 :> 0 @@ k1 :> 0),
  epoch |-> 0,
  inputs |-> 1,
  blocks |-> {1},
  reproduced |-> {},
  waivers |-> {},
  deferrals |-> {},
  stateW |-> {},
  queue |-> <<>>,
  done |-> {},
  eval |->
      ( k0 :> [ver |-> 0, epoch |-> 0, valid |-> FALSE, at |-> 0] @@
        k1 :> [ver |-> 0, epoch |-> 0, valid |-> FALSE, at |-> 0] ),
  receipts |-> <<>> ]
/\ x = [unused |-> TRUE]

State 3: <Next line 303, col 9 to line 305, col 38 of module PiDagMerge>
/\ f = [ kind |-> (k0 :> "execution" @@ k1 :> "judgment"),
  truth |->
      ( k0 :> (0 :> TRUE @@ 1 :> TRUE @@ 2 :> TRUE) @@
        k1 :> (0 :> TRUE @@ 1 :> TRUE @@ 2 :> TRUE) ),
  obs |->
      ( k0 :> (0 :> {} @@ 1 :> {} @@ 2 :> {}) @@
        k1 :> (0 :> {"fail"} @@ 1 :> {} @@ 2 :> {}) ),
  genesis |-> FALSE,
  conflict |-> {},
  lease |-> "none",
  hist |->
      << [ op |-> "observe",
           key |-> <<k1, 0>>,
           result |-> "fail",
           rank |-> 1,
           accurate |-> FALSE,
           n |-> k1,
           kind |-> "judgment",
           truth |-> TRUE ] >>,
  ver |-> (k0 :> 0 @@ k1 :> 0),
  trunk |-> (k0 :> 0 @@ k1 :> 0),
  epoch |-> 0,
  inputs |-> 1,
  blocks |-> {1},
  reproduced |-> {},
  waivers |-> {},
  deferrals |-> {},
  stateW |-> {},
  queue |-> <<k0>>,
  done |-> {},
  eval |->
      ( k0 :> [ver |-> 0, epoch |-> 0, valid |-> FALSE, at |-> 0] @@
        k1 :> [ver |-> 0, epoch |-> 0, valid |-> FALSE, at |-> 0] ),
  receipts |-> <<>> ]
/\ x = [unused |-> TRUE]

State 4: <Next line 303, col 9 to line 305, col 38 of module PiDagMerge>
/\ f = [ kind |-> (k0 :> "execution" @@ k1 :> "judgment"),
  truth |->
      ( k0 :> (0 :> TRUE @@ 1 :> TRUE @@ 2 :> TRUE) @@
        k1 :> (0 :> TRUE @@ 1 :> TRUE @@ 2 :> TRUE) ),
  obs |->
      ( k0 :> (0 :> {} @@ 1 :> {} @@ 2 :> {}) @@
        k1 :> (0 :> {"fail"} @@ 1 :> {} @@ 2 :> {}) ),
  genesis |-> FALSE,
  conflict |-> {},
  lease |-> "none",
  hist |->
      << [ op |-> "observe",
           key |-> <<k1, 0>>,
           result |-> "fail",
           rank |-> 1,
           accurate |-> FALSE,
           n |-> k1,
           kind |-> "judgment",
           truth |-> TRUE ],
         [ op |-> "observe",
           key |-> <<k1, 0>>,
           result |-> "fail",
           rank |-> 2,
           accurate |-> FALSE,
           n |-> k1,
           kind |-> "judgment",
           truth |-> TRUE ] >>,
  ver |-> (k0 :> 0 @@ k1 :> 0),
  trunk |-> (k0 :> 0 @@ k1 :> 0),
  epoch |-> 0,
  inputs |-> 2,
  blocks |-> {1, 2},
  reproduced |-> {},
  waivers |-> {},
  deferrals |-> {},
  stateW |-> {},
  queue |-> <<k0>>,
  done |-> {},
  eval |->
      ( k0 :> [ver |-> 0, epoch |-> 0, valid |-> FALSE, at |-> 0] @@
        k1 :> [ver |-> 0, epoch |-> 0, valid |-> FALSE, at |-> 0] ),
  receipts |-> <<>> ]
/\ x = [unused |-> TRUE]

State 5: <Next line 303, col 9 to line 305, col 38 of module PiDagMerge>
/\ f = [ kind |-> (k0 :> "execution" @@ k1 :> "judgment"),
  truth |->
      ( k0 :> (0 :> TRUE @@ 1 :> TRUE @@ 2 :> TRUE) @@
        k1 :> (0 :> TRUE @@ 1 :> TRUE @@ 2 :> TRUE) ),
  obs |->
      ( k0 :> (0 :> {"pass"} @@ 1 :> {} @@ 2 :> {}) @@
        k1 :> (0 :> {"fail"} @@ 1 :> {} @@ 2 :> {}) ),
  genesis |-> FALSE,
  conflict |-> {},
  lease |-> "none",
  hist |->
      << [ op |-> "observe",
           key |-> <<k1, 0>>,
           result |-> "fail",
           rank |-> 1,
           accurate |-> FALSE,
           n |-> k1,
           kind |-> "judgment",
           truth |-> TRUE ],
         [ op |-> "observe",
           key |-> <<k1, 0>>,
           result |-> "fail",
           rank |-> 2,
           accurate |-> FALSE,
           n |-> k1,
           kind |-> "judgment",
           truth |-> TRUE ],
         [ op |-> "observe",
           key |-> <<k0, 0>>,
           result |-> "pass",
           rank |-> 2,
           accurate |-> TRUE,
           n |-> k0,
           kind |-> "execution",
           truth |-> TRUE ] >>,
  ver |-> (k0 :> 0 @@ k1 :> 0),
  trunk |-> (k0 :> 0 @@ k1 :> 0),
  epoch |-> 0,
  inputs |-> 3,
  blocks |-> {1, 2},
  reproduced |-> {},
  waivers |-> {},
  deferrals |-> {},
  stateW |-> {},
  queue |-> <<k0>>,
  done |-> {},
  eval |->
      ( k0 :> [ver |-> 0, epoch |-> 0, valid |-> FALSE, at |-> 0] @@
        k1 :> [ver |-> 0, epoch |-> 0, valid |-> FALSE, at |-> 0] ),
  receipts |-> <<>> ]
/\ x = [unused |-> TRUE]

State 6: <Next line 303, col 9 to line 305, col 38 of module PiDagMerge>
/\ f = [ kind |-> (k0 :> "execution" @@ k1 :> "judgment"),
  truth |->
      ( k0 :> (0 :> TRUE @@ 1 :> TRUE @@ 2 :> TRUE) @@
        k1 :> (0 :> TRUE @@ 1 :> TRUE @@ 2 :> TRUE) ),
  obs |->
      ( k0 :> (0 :> {"pass"} @@ 1 :> {} @@ 2 :> {}) @@
        k1 :> (0 :> {"fail"} @@ 1 :> {} @@ 2 :> {}) ),
  genesis |-> FALSE,
  conflict |-> {},
  lease |-> "none",
  hist |->
      << [ op |-> "observe",
           key |-> <<k1, 0>>,
           result |-> "fail",
           rank |-> 1,
           accurate |-> FALSE,
           n |-> k1,
           kind |-> "judgment",
           truth |-> TRUE ],
         [ op |-> "observe",
           key |-> <<k1, 0>>,
           result |-> "fail",
           rank |-> 2,
           accurate |-> FALSE,
           n |-> k1,
           kind |-> "judgment",
           truth |-> TRUE ],
         [ op |-> "observe",
           key |-> <<k0, 0>>,
           result |-> "pass",
           rank |-> 2,
           accurate |-> TRUE,
           n |-> k0,
           kind |-> "execution",
           truth |-> TRUE ],
         [ op |-> "edit",
           key |-> <<k0, 1>>,
           result |-> "none",
           rank |-> 0,
           accurate |-> FALSE,
           n |-> k0,
           kind |-> "execution",
           truth |-> TRUE ] >>,
  ver |-> (k0 :> 1 @@ k1 :> 0),
  trunk |-> (k0 :> 0 @@ k1 :> 0),
  epoch |-> 0,
  inputs |-> 4,
  blocks |-> {1, 2},
  reproduced |-> {},
  waivers |-> {},
  deferrals |-> {},
  stateW |-> {},
  queue |-> <<k0>>,
  done |-> {},
  eval |->
      ( k0 :> [ver |-> 0, epoch |-> 0, valid |-> FALSE, at |-> 0] @@
        k1 :> [ver |-> 0, epoch |-> 0, valid |-> FALSE, at |-> 0] ),
  receipts |-> <<>> ]
/\ x = [unused |-> TRUE]

State 7: <Next line 303, col 9 to line 305, col 38 of module PiDagMerge>
/\ f = [ kind |-> (k0 :> "execution" @@ k1 :> "judgment"),
  truth |->
      ( k0 :> (0 :> TRUE @@ 1 :> TRUE @@ 2 :> TRUE) @@
        k1 :> (0 :> TRUE @@ 1 :> TRUE @@ 2 :> TRUE) ),
  obs |->
      ( k0 :> (0 :> {"pass"} @@ 1 :> {} @@ 2 :> {}) @@
        k1 :> (0 :> {"fail", "pass"} @@ 1 :> {} @@ 2 :> {}) ),
  genesis |-> TRUE,
  conflict |-> {},
  lease |-> "none",
  hist |->
      << [ op |-> "observe",
           key |-> <<k1, 0>>,
           result |-> "fail",
           rank |-> 1,
           accurate |-> FALSE,
           n |-> k1,
           kind |-> "judgment",
           truth |-> TRUE ],
         [ op |-> "observe",
           key |-> <<k1, 0>>,
           result |-> "fail",
           rank |-> 2,
           accurate |-> FALSE,
           n |-> k1,
           kind |-> "judgment",
           truth |-> TRUE ],
         [ op |-> "observe",
           key |-> <<k0, 0>>,
           result |-> "pass",
           rank |-> 2,
           accurate |-> TRUE,
           n |-> k0,
           kind |-> "execution",
           truth |-> TRUE ],
         [ op |-> "edit",
           key |-> <<k0, 1>>,
           result |-> "none",
           rank |-> 0,
           accurate |-> FALSE,
           n |-> k0,
           kind |-> "execution",
           truth |-> TRUE ],
         [ op |-> "genesis",
           key |-> <<k0, 0>>,
           result |-> "none",
           rank |-> 2,
           accurate |-> TRUE,
           n |-> k0,
           kind |-> "execution",
           truth |-> TRUE ] >>,
  ver |-> (k0 :> 1 @@ k1 :> 0),
  trunk |-> (k0 :> 0 @@ k1 :> 0),
  epoch |-> 0,
  inputs |-> 4,
  blocks |-> {1, 2},
  reproduced |-> {},
  waivers |-> {},
  deferrals |-> {},
  stateW |-> {},
  queue |-> <<k0>>,
  done |-> {},
  eval |->
      ( k0 :> [ver |-> 0, epoch |-> 0, valid |-> FALSE, at |-> 0] @@
        k1 :> [ver |-> 0, epoch |-> 0, valid |-> FALSE, at |-> 0] ),
  receipts |-> <<>> ]
/\ x = [unused |-> TRUE]

State 8: <Next line 303, col 9 to line 305, col 38 of module PiDagMerge>
/\ f = [ kind |-> (k0 :> "execution" @@ k1 :> "judgment"),
  truth |->
      ( k0 :> (0 :> TRUE @@ 1 :> TRUE @@ 2 :> TRUE) @@
        k1 :> (0 :> TRUE @@ 1 :> TRUE @@ 2 :> TRUE) ),
  obs |->
      ( k0 :> (0 :> {"pass"} @@ 1 :> {"pass"} @@ 2 :> {}) @@
        k1 :> (0 :> {"fail", "pass"} @@ 1 :> {} @@ 2 :> {}) ),
  genesis |-> TRUE,
  conflict |-> {},
  lease |-> "none",
  hist |->
      << [ op |-> "observe",
           key |-> <<k1, 0>>,
           result |-> "fail",
           rank |-> 1,
           accurate |-> FALSE,
           n |-> k1,
           kind |-> "judgment",
           truth |-> TRUE ],
         [ op |-> "observe",
           key |-> <<k1, 0>>,
           result |-> "fail",
           rank |-> 2,
           accurate |-> FALSE,
           n |-> k1,
           kind |-> "judgment",
           truth |-> TRUE ],
         [ op |-> "observe",
           key |-> <<k0, 0>>,
           result |-> "pass",
           rank |-> 2,
           accurate |-> TRUE,
           n |-> k0,
           kind |-> "execution",
           truth |-> TRUE ],
         [ op |-> "edit",
           key |-> <<k0, 1>>,
           result |-> "none",
           rank |-> 0,
           accurate |-> FALSE,
           n |-> k0,
           kind |-> "execution",
           truth |-> TRUE ],
         [ op |-> "genesis",
           key |-> <<k0, 0>>,
           result |-> "none",
           rank |-> 2,
           accurate |-> TRUE,
           n |-> k0,
           kind |-> "execution",
           truth |-> TRUE ],
         [ op |-> "observe",
           key |-> <<k0, 1>>,
           result |-> "pass",
           rank |-> 2,
           accurate |-> TRUE,
           n |-> k0,
           kind |-> "execution",
           truth |-> TRUE ] >>,
  ver |-> (k0 :> 1 @@ k1 :> 0),
  trunk |-> (k0 :> 0 @@ k1 :> 0),
  epoch |-> 0,
  inputs |-> 5,
  blocks |-> {1, 2},
  reproduced |-> {},
  waivers |-> {},
  deferrals |-> {},
  stateW |-> {},
  queue |-> <<k0>>,
  done |-> {},
  eval |->
      ( k0 :> [ver |-> 0, epoch |-> 0, valid |-> FALSE, at |-> 0] @@
        k1 :> [ver |-> 0, epoch |-> 0, valid |-> FALSE, at |-> 0] ),
  receipts |-> <<>> ]
/\ x = [unused |-> TRUE]

State 9: <Next line 303, col 9 to line 305, col 38 of module PiDagMerge>
/\ f = [ kind |-> (k0 :> "execution" @@ k1 :> "judgment"),
  truth |->
      ( k0 :> (0 :> TRUE @@ 1 :> TRUE @@ 2 :> TRUE) @@
        k1 :> (0 :> TRUE @@ 1 :> TRUE @@ 2 :> TRUE) ),
  obs |->
      ( k0 :> (0 :> {"pass"} @@ 1 :> {"pass"} @@ 2 :> {}) @@
        k1 :> (0 :> {"fail", "pass"} @@ 1 :> {} @@ 2 :> {}) ),
  genesis |-> TRUE,
  conflict |-> {},
  lease |-> "none",
  hist |->
      << [ op |-> "observe",
           key |-> <<k1, 0>>,
           result |-> "fail",
           rank |-> 1,
           accurate |-> FALSE,
           n |-> k1,
           kind |-> "judgment",
           truth |-> TRUE ],
         [ op |-> "observe",
           key |-> <<k1, 0>>,
           result |-> "fail",
           rank |-> 2,
           accurate |-> FALSE,
           n |-> k1,
           kind |-> "judgment",
           truth |-> TRUE ],
         [ op |-> "observe",
           key |-> <<k0, 0>>,
           result |-> "pass",
           rank |-> 2,
           accurate |-> TRUE,
           n |-> k0,
           kind |-> "execution",
           truth |-> TRUE ],
         [ op |-> "edit",
           key |-> <<k0, 1>>,
           result |-> "none",
           rank |-> 0,
           accurate |-> FALSE,
           n |-> k0,
           kind |-> "execution",
           truth |-> TRUE ],
         [ op |-> "genesis",
           key |-> <<k0, 0>>,
           result |-> "none",
           rank |-> 2,
           accurate |-> TRUE,
           n |-> k0,
           kind |-> "execution",
           truth |-> TRUE ],
         [ op |-> "observe",
           key |-> <<k0, 1>>,
           result |-> "pass",
           rank |-> 2,
           accurate |-> TRUE,
           n |-> k0,
           kind |-> "execution",
           truth |-> TRUE ],
         [ op |-> "observe",
           key |-> <<k1, 0>>,
           result |-> "pass",
           rank |-> 1,
           accurate |-> TRUE,
           n |-> k1,
           kind |-> "judgment",
           truth |-> TRUE ] >>,
  ver |-> (k0 :> 1 @@ k1 :> 0),
  trunk |-> (k0 :> 0 @@ k1 :> 0),
  epoch |-> 0,
  inputs |-> 6,
  blocks |-> {2},
  reproduced |-> {},
  waivers |-> {},
  deferrals |-> {},
  stateW |-> {},
  queue |-> <<k0>>,
  done |-> {},
  eval |->
      ( k0 :> [ver |-> 0, epoch |-> 0, valid |-> FALSE, at |-> 0] @@
        k1 :> [ver |-> 0, epoch |-> 0, valid |-> FALSE, at |-> 0] ),
  receipts |-> <<>> ]
/\ x = [unused |-> TRUE]

State 10: <Next line 303, col 9 to line 305, col 38 of module PiDagMerge>
/\ f = [ kind |-> (k0 :> "execution" @@ k1 :> "judgment"),
  truth |->
      ( k0 :> (0 :> TRUE @@ 1 :> TRUE @@ 2 :> TRUE) @@
        k1 :> (0 :> TRUE @@ 1 :> TRUE @@ 2 :> TRUE) ),
  obs |->
      ( k0 :> (0 :> {"pass"} @@ 1 :> {"pass"} @@ 2 :> {}) @@
        k1 :> (0 :> {"fail", "pass"} @@ 1 :> {} @@ 2 :> {}) ),
  genesis |-> TRUE,
  conflict |-> {},
  lease |-> "none",
  hist |->
      << [ op |-> "observe",
           key |-> <<k1, 0>>,
           result |-> "fail",
           rank |-> 1,
           accurate |-> FALSE,
           n |-> k1,
           kind |-> "judgment",
           truth |-> TRUE ],
         [ op |-> "observe",
           key |-> <<k1, 0>>,
           result |-> "fail",
           rank |-> 2,
           accurate |-> FALSE,
           n |-> k1,
           kind |-> "judgment",
           truth |-> TRUE ],
         [ op |-> "observe",
           key |-> <<k0, 0>>,
           result |-> "pass",
           rank |-> 2,
           accurate |-> TRUE,
           n |-> k0,
           kind |-> "execution",
           truth |-> TRUE ],
         [ op |-> "edit",
           key |-> <<k0, 1>>,
           result |-> "none",
           rank |-> 0,
           accurate |-> FALSE,
           n |-> k0,
           kind |-> "execution",
           truth |-> TRUE ],
         [ op |-> "genesis",
           key |-> <<k0, 0>>,
           result |-> "none",
           rank |-> 2,
           accurate |-> TRUE,
           n |-> k0,
           kind |-> "execution",
           truth |-> TRUE ],
         [ op |-> "observe",
           key |-> <<k0, 1>>,
           result |-> "pass",
           rank |-> 2,
           accurate |-> TRUE,
           n |-> k0,
           kind |-> "execution",
           truth |-> TRUE ],
         [ op |-> "observe",
           key |-> <<k1, 0>>,
           result |-> "pass",
           rank |-> 1,
           accurate |-> TRUE,
           n |-> k1,
           kind |-> "judgment",
           truth |-> TRUE ],
         [ op |-> "waiver",
           key |-> <<k1, 0>>,
           result |-> "none",
           rank |-> 3,
           accurate |-> TRUE,
           n |-> k1,
           kind |-> "judgment",
           truth |-> TRUE ] >>,
  ver |-> (k0 :> 1 @@ k1 :> 0),
  trunk |-> (k0 :> 0 @@ k1 :> 0),
  epoch |-> 0,
  inputs |-> 7,
  blocks |-> {2},
  reproduced |-> {},
  waivers |-> {<<k1, 0>>},
  deferrals |-> {},
  stateW |-> {},
  queue |-> <<k0>>,
  done |-> {},
  eval |->
      ( k0 :> [ver |-> 0, epoch |-> 0, valid |-> FALSE, at |-> 0] @@
        k1 :> [ver |-> 0, epoch |-> 0, valid |-> FALSE, at |-> 0] ),
  receipts |-> <<>> ]
/\ x = [unused |-> TRUE]

State 11: <Next line 303, col 9 to line 305, col 38 of module PiDagMerge>
/\ f = [ kind |-> (k0 :> "execution" @@ k1 :> "judgment"),
  truth |->
      ( k0 :> (0 :> TRUE @@ 1 :> TRUE @@ 2 :> TRUE) @@
        k1 :> (0 :> TRUE @@ 1 :> TRUE @@ 2 :> TRUE) ),
  obs |->
      ( k0 :> (0 :> {"pass"} @@ 1 :> {"pass"} @@ 2 :> {}) @@
        k1 :> (0 :> {"fail", "pass"} @@ 1 :> {} @@ 2 :> {}) ),
  genesis |-> TRUE,
  conflict |-> {},
  lease |-> "none",
  hist |->
      << [ op |-> "observe",
           key |-> <<k1, 0>>,
           result |-> "fail",
           rank |-> 1,
           accurate |-> FALSE,
           n |-> k1,
           kind |-> "judgment",
           truth |-> TRUE ],
         [ op |-> "observe",
           key |-> <<k1, 0>>,
           result |-> "fail",
           rank |-> 2,
           accurate |-> FALSE,
           n |-> k1,
           kind |-> "judgment",
           truth |-> TRUE ],
         [ op |-> "observe",
           key |-> <<k0, 0>>,
           result |-> "pass",
           rank |-> 2,
           accurate |-> TRUE,
           n |-> k0,
           kind |-> "execution",
           truth |-> TRUE ],
         [ op |-> "edit",
           key |-> <<k0, 1>>,
           result |-> "none",
           rank |-> 0,
           accurate |-> FALSE,
           n |-> k0,
           kind |-> "execution",
           truth |-> TRUE ],
         [ op |-> "genesis",
           key |-> <<k0, 0>>,
           result |-> "none",
           rank |-> 2,
           accurate |-> TRUE,
           n |-> k0,
           kind |-> "execution",
           truth |-> TRUE ],
         [ op |-> "observe",
           key |-> <<k0, 1>>,
           result |-> "pass",
           rank |-> 2,
           accurate |-> TRUE,
           n |-> k0,
           kind |-> "execution",
           truth |-> TRUE ],
         [ op |-> "observe",
           key |-> <<k1, 0>>,
           result |-> "pass",
           rank |-> 1,
           accurate |-> TRUE,
           n |-> k1,
           kind |-> "judgment",
           truth |-> TRUE ],
         [ op |-> "waiver",
           key |-> <<k1, 0>>,
           result |-> "none",
           rank |-> 3,
           accurate |-> TRUE,
           n |-> k1,
           kind |-> "judgment",
           truth |-> TRUE ],
         [ op |-> "observe",
           key |-> <<k0, 1>>,
           result |-> "pass",
           rank |-> 1,
           accurate |-> FALSE,
           n |-> k0,
           kind |-> "execution",
           truth |-> TRUE ] >>,
  ver |-> (k0 :> 1 @@ k1 :> 0),
  trunk |-> (k0 :> 0 @@ k1 :> 0),
  epoch |-> 0,
  inputs |-> 8,
  blocks |-> {2},
  reproduced |-> {},
  waivers |-> {<<k1, 0>>},
  deferrals |-> {},
  stateW |-> {},
  queue |-> <<k0>>,
  done |-> {},
  eval |->
      ( k0 :> [ver |-> 0, epoch |-> 0, valid |-> FALSE, at |-> 0] @@
        k1 :> [ver |-> 0, epoch |-> 0, valid |-> FALSE, at |-> 0] ),
  receipts |-> <<>> ]
/\ x = [unused |-> TRUE]

State 12: <Next line 303, col 9 to line 305, col 38 of module PiDagMerge>
/\ f = [ kind |-> (k0 :> "execution" @@ k1 :> "judgment"),
  truth |->
      ( k0 :> (0 :> TRUE @@ 1 :> TRUE @@ 2 :> TRUE) @@
        k1 :> (0 :> TRUE @@ 1 :> TRUE @@ 2 :> TRUE) ),
  obs |->
      ( k0 :> (0 :> {"pass"} @@ 1 :> {"pass"} @@ 2 :> {}) @@
        k1 :> (0 :> {"fail", "pass"} @@ 1 :> {} @@ 2 :> {}) ),
  genesis |-> TRUE,
  conflict |-> {},
  lease |-> "none",
  hist |->
      << [ op |-> "observe",
           key |-> <<k1, 0>>,
           result |-> "fail",
           rank |-> 1,
           accurate |-> FALSE,
           n |-> k1,
           kind |-> "judgment",
           truth |-> TRUE ],
         [ op |-> "observe",
           key |-> <<k1, 0>>,
           result |-> "fail",
           rank |-> 2,
           accurate |-> FALSE,
           n |-> k1,
           kind |-> "judgment",
           truth |-> TRUE ],
         [ op |-> "observe",
           key |-> <<k0, 0>>,
           result |-> "pass",
           rank |-> 2,
           accurate |-> TRUE,
           n |-> k0,
           kind |-> "execution",
           truth |-> TRUE ],
         [ op |-> "edit",
           key |-> <<k0, 1>>,
           result |-> "none",
           rank |-> 0,
           accurate |-> FALSE,
           n |-> k0,
           kind |-> "execution",
           truth |-> TRUE ],
         [ op |-> "genesis",
           key |-> <<k0, 0>>,
           result |-> "none",
           rank |-> 2,
           accurate |-> TRUE,
           n |-> k0,
           kind |-> "execution",
           truth |-> TRUE ],
         [ op |-> "observe",
           key |-> <<k0, 1>>,
           result |-> "pass",
           rank |-> 2,
           accurate |-> TRUE,
           n |-> k0,
           kind |-> "execution",
           truth |-> TRUE ],
         [ op |-> "observe",
           key |-> <<k1, 0>>,
           result |-> "pass",
           rank |-> 1,
           accurate |-> TRUE,
           n |-> k1,
           kind |-> "judgment",
           truth |-> TRUE ],
         [ op |-> "waiver",
           key |-> <<k1, 0>>,
           result |-> "none",
           rank |-> 3,
           accurate |-> TRUE,
           n |-> k1,
           kind |-> "judgment",
           truth |-> TRUE ],
         [ op |-> "observe",
           key |-> <<k0, 1>>,
           result |-> "pass",
           rank |-> 1,
           accurate |-> FALSE,
           n |-> k0,
           kind |-> "execution",
           truth |-> TRUE ] >>,
  ver |-> (k0 :> 1 @@ k1 :> 0),
  trunk |-> (k0 :> 0 @@ k1 :> 0),
  epoch |-> 0,
  inputs |-> 8,
  blocks |-> {2},
  reproduced |-> {},
  waivers |-> {<<k1, 0>>},
  deferrals |-> {},
  stateW |-> {},
  queue |-> <<k0, k1>>,
  done |-> {},
  eval |->
      ( k0 :> [ver |-> 0, epoch |-> 0, valid |-> FALSE, at |-> 0] @@
        k1 :> [ver |-> 0, epoch |-> 0, valid |-> FALSE, at |-> 0] ),
  receipts |-> <<>> ]
/\ x = [unused |-> TRUE]

State 13: <Next line 303, col 9 to line 305, col 38 of module PiDagMerge>
/\ f = [ kind |-> (k0 :> "execution" @@ k1 :> "judgment"),
  truth |->
      ( k0 :> (0 :> TRUE @@ 1 :> TRUE @@ 2 :> TRUE) @@
        k1 :> (0 :> TRUE @@ 1 :> TRUE @@ 2 :> TRUE) ),
  obs |->
      ( k0 :> (0 :> {"pass"} @@ 1 :> {"pass"} @@ 2 :> {}) @@
        k1 :> (0 :> {"fail", "pass"} @@ 1 :> {} @@ 2 :> {}) ),
  genesis |-> TRUE,
  conflict |-> {},
  lease |-> k0,
  hist |->
      << [ op |-> "observe",
           key |-> <<k1, 0>>,
           result |-> "fail",
           rank |-> 1,
           accurate |-> FALSE,
           n |-> k1,
           kind |-> "judgment",
           truth |-> TRUE ],
         [ op |-> "observe",
           key |-> <<k1, 0>>,
           result |-> "fail",
           rank |-> 2,
           accurate |-> FALSE,
           n |-> k1,
           kind |-> "judgment",
           truth |-> TRUE ],
         [ op |-> "observe",
           key |-> <<k0, 0>>,
           result |-> "pass",
           rank |-> 2,
           accurate |-> TRUE,
           n |-> k0,
           kind |-> "execution",
           truth |-> TRUE ],
         [ op |-> "edit",
           key |-> <<k0, 1>>,
           result |-> "none",
           rank |-> 0,
           accurate |-> FALSE,
           n |-> k0,
           kind |-> "execution",
           truth |-> TRUE ],
         [ op |-> "genesis",
           key |-> <<k0, 0>>,
           result |-> "none",
           rank |-> 2,
           accurate |-> TRUE,
           n |-> k0,
           kind |-> "execution",
           truth |-> TRUE ],
         [ op |-> "observe",
           key |-> <<k0, 1>>,
           result |-> "pass",
           rank |-> 2,
           accurate |-> TRUE,
           n |-> k0,
           kind |-> "execution",
           truth |-> TRUE ],
         [ op |-> "observe",
           key |-> <<k1, 0>>,
           result |-> "pass",
           rank |-> 1,
           accurate |-> TRUE,
           n |-> k1,
           kind |-> "judgment",
           truth |-> TRUE ],
         [ op |-> "waiver",
           key |-> <<k1, 0>>,
           result |-> "none",
           rank |-> 3,
           accurate |-> TRUE,
           n |-> k1,
           kind |-> "judgment",
           truth |-> TRUE ],
         [ op |-> "observe",
           key |-> <<k0, 1>>,
           result |-> "pass",
           rank |-> 1,
           accurate |-> FALSE,
           n |-> k0,
           kind |-> "execution",
           truth |-> TRUE ] >>,
  ver |-> (k0 :> 1 @@ k1 :> 0),
  trunk |-> (k0 :> 0 @@ k1 :> 0),
  epoch |-> 0,
  inputs |-> 8,
  blocks |-> {2},
  reproduced |-> {},
  waivers |-> {<<k1, 0>>},
  deferrals |-> {},
  stateW |-> {},
  queue |-> <<k0, k1>>,
  done |-> {},
  eval |->
      ( k0 :> [ver |-> 0, epoch |-> 0, valid |-> FALSE, at |-> 0] @@
        k1 :> [ver |-> 0, epoch |-> 0, valid |-> FALSE, at |-> 0] ),
  receipts |-> <<>> ]
/\ x = [unused |-> TRUE]

State 14: <Next line 303, col 9 to line 305, col 38 of module PiDagMerge>
/\ f = [ kind |-> (k0 :> "execution" @@ k1 :> "judgment"),
  truth |->
      ( k0 :> (0 :> TRUE @@ 1 :> TRUE @@ 2 :> TRUE) @@
        k1 :> (0 :> TRUE @@ 1 :> TRUE @@ 2 :> TRUE) ),
  obs |->
      ( k0 :> (0 :> {"pass"} @@ 1 :> {"pass"} @@ 2 :> {}) @@
        k1 :> (0 :> {"fail", "pass"} @@ 1 :> {} @@ 2 :> {}) ),
  genesis |-> TRUE,
  conflict |-> {},
  lease |-> k0,
  hist |->
      << [ op |-> "observe",
           key |-> <<k1, 0>>,
           result |-> "fail",
           rank |-> 1,
           accurate |-> FALSE,
           n |-> k1,
           kind |-> "judgment",
           truth |-> TRUE ],
         [ op |-> "observe",
           key |-> <<k1, 0>>,
           result |-> "fail",
           rank |-> 2,
           accurate |-> FALSE,
           n |-> k1,
           kind |-> "judgment",
           truth |-> TRUE ],
         [ op |-> "observe",
           key |-> <<k0, 0>>,
           result |-> "pass",
           rank |-> 2,
           accurate |-> TRUE,
           n |-> k0,
           kind |-> "execution",
           truth |-> TRUE ],
         [ op |-> "edit",
           key |-> <<k0, 1>>,
           result |-> "none",
           rank |-> 0,
           accurate |-> FALSE,
           n |-> k0,
           kind |-> "execution",
           truth |-> TRUE ],
         [ op |-> "genesis",
           key |-> <<k0, 0>>,
           result |-> "none",
           rank |-> 2,
           accurate |-> TRUE,
           n |-> k0,
           kind |-> "execution",
           truth |-> TRUE ],
         [ op |-> "observe",
           key |-> <<k0, 1>>,
           result |-> "pass",
           rank |-> 2,
           accurate |-> TRUE,
           n |-> k0,
           kind |-> "execution",
           truth |-> TRUE ],
         [ op |-> "observe",
           key |-> <<k1, 0>>,
           result |-> "pass",
           rank |-> 1,
           accurate |-> TRUE,
           n |-> k1,
           kind |-> "judgment",
           truth |-> TRUE ],
         [ op |-> "waiver",
           key |-> <<k1, 0>>,
           result |-> "none",
           rank |-> 3,
           accurate |-> TRUE,
           n |-> k1,
           kind |-> "judgment",
           truth |-> TRUE ],
         [ op |-> "observe",
           key |-> <<k0, 1>>,
           result |-> "pass",
           rank |-> 1,
           accurate |-> FALSE,
           n |-> k0,
           kind |-> "execution",
           truth |-> TRUE ] >>,
  ver |-> (k0 :> 1 @@ k1 :> 0),
  trunk |-> (k0 :> 0 @@ k1 :> 0),
  epoch |-> 0,
  inputs |-> 8,
  blocks |-> {2},
  reproduced |-> {},
  waivers |-> {<<k1, 0>>},
  deferrals |-> {},
  stateW |-> {},
  queue |-> <<k0, k1>>,
  done |-> {},
  eval |->
      ( k0 :> [ver |-> 1, epoch |-> 0, valid |-> TRUE, at |-> 9] @@
        k1 :> [ver |-> 0, epoch |-> 0, valid |-> FALSE, at |-> 0] ),
  receipts |-> <<>> ]
/\ x = [unused |-> TRUE]

State 15: <Next line 303, col 9 to line 305, col 38 of module PiDagMerge>
/\ f = [ kind |-> (k0 :> "execution" @@ k1 :> "judgment"),
  truth |->
      ( k0 :> (0 :> TRUE @@ 1 :> TRUE @@ 2 :> TRUE) @@
        k1 :> (0 :> TRUE @@ 1 :> TRUE @@ 2 :> TRUE) ),
  obs |->
      ( k0 :> (0 :> {"pass"} @@ 1 :> {"pass"} @@ 2 :> {}) @@
        k1 :> (0 :> {"fail", "pass"} @@ 1 :> {} @@ 2 :> {}) ),
  genesis |-> TRUE,
  conflict |-> {},
  lease |-> "none",
  hist |->
      << [ op |-> "observe",
           key |-> <<k1, 0>>,
           result |-> "fail",
           rank |-> 1,
           accurate |-> FALSE,
           n |-> k1,
           kind |-> "judgment",
           truth |-> TRUE ],
         [ op |-> "observe",
           key |-> <<k1, 0>>,
           result |-> "fail",
           rank |-> 2,
           accurate |-> FALSE,
           n |-> k1,
           kind |-> "judgment",
           truth |-> TRUE ],
         [ op |-> "observe",
           key |-> <<k0, 0>>,
           result |-> "pass",
           rank |-> 2,
           accurate |-> TRUE,
           n |-> k0,
           kind |-> "execution",
           truth |-> TRUE ],
         [ op |-> "edit",
           key |-> <<k0, 1>>,
           result |-> "none",
           rank |-> 0,
           accurate |-> FALSE,
           n |-> k0,
           kind |-> "execution",
           truth |-> TRUE ],
         [ op |-> "genesis",
           key |-> <<k0, 0>>,
           result |-> "none",
           rank |-> 2,
           accurate |-> TRUE,
           n |-> k0,
           kind |-> "execution",
           truth |-> TRUE ],
         [ op |-> "observe",
           key |-> <<k0, 1>>,
           result |-> "pass",
           rank |-> 2,
           accurate |-> TRUE,
           n |-> k0,
           kind |-> "execution",
           truth |-> TRUE ],
         [ op |-> "observe",
           key |-> <<k1, 0>>,
           result |-> "pass",
           rank |-> 1,
           accurate |-> TRUE,
           n |-> k1,
           kind |-> "judgment",
           truth |-> TRUE ],
         [ op |-> "waiver",
           key |-> <<k1, 0>>,
           result |-> "none",
           rank |-> 3,
           accurate |-> TRUE,
           n |-> k1,
           kind |-> "judgment",
           truth |-> TRUE ],
         [ op |-> "observe",
           key |-> <<k0, 1>>,
           result |-> "pass",
           rank |-> 1,
           accurate |-> FALSE,
           n |-> k0,
           kind |-> "execution",
           truth |-> TRUE ],
         [ op |-> "commit",
           key |-> <<k0, 1>>,
           result |-> "none",
           rank |-> 0,
           accurate |-> FALSE,
           n |-> k0,
           kind |-> "execution",
           truth |-> TRUE ] >>,
  ver |-> (k0 :> 1 @@ k1 :> 0),
  trunk |-> (k0 :> 1 @@ k1 :> 0),
  epoch |-> 1,
  inputs |-> 8,
  blocks |-> {2},
  reproduced |-> {},
  waivers |-> {<<k1, 0>>},
  deferrals |-> {},
  stateW |-> {},
  queue |-> <<k1>>,
  done |-> {k0},
  eval |->
      ( k0 :> [ver |-> 1, epoch |-> 0, valid |-> TRUE, at |-> 9] @@
        k1 :> [ver |-> 0, epoch |-> 0, valid |-> FALSE, at |-> 0] ),
  receipts |->
      << [ n |-> k0,
           key |-> <<k0, 1>>,
           truth |-> TRUE,
           prekey |-> <<k0, 0>>,
           pretruth |-> TRUE,
           at |-> 9,
           evalAt |-> 9,
           waived |-> FALSE,
           deferred |-> FALSE,
           stateW |-> FALSE,
           debt |-> FALSE,
           lease |-> k0 ] >> ]
/\ x = [unused |-> TRUE]

State 16: <Next line 303, col 9 to line 305, col 38 of module PiDagMerge>
/\ f = [ kind |-> (k0 :> "execution" @@ k1 :> "judgment"),
  truth |->
      ( k0 :> (0 :> TRUE @@ 1 :> TRUE @@ 2 :> TRUE) @@
        k1 :> (0 :> TRUE @@ 1 :> TRUE @@ 2 :> TRUE) ),
  obs |->
      ( k0 :> (0 :> {"pass"} @@ 1 :> {"pass"} @@ 2 :> {}) @@
        k1 :> (0 :> {"fail", "pass"} @@ 1 :> {} @@ 2 :> {}) ),
  genesis |-> TRUE,
  conflict |-> {},
  lease |-> "none",
  hist |->
      << [ op |-> "observe",
           key |-> <<k1, 0>>,
           result |-> "fail",
           rank |-> 1,
           accurate |-> FALSE,
           n |-> k1,
           kind |-> "judgment",
           truth |-> TRUE ],
         [ op |-> "observe",
           key |-> <<k1, 0>>,
           result |-> "fail",
           rank |-> 2,
           accurate |-> FALSE,
           n |-> k1,
           kind |-> "judgment",
           truth |-> TRUE ],
         [ op |-> "observe",
           key |-> <<k0, 0>>,
           result |-> "pass",
           rank |-> 2,
           accurate |-> TRUE,
           n |-> k0,
           kind |-> "execution",
           truth |-> TRUE ],
         [ op |-> "edit",
           key |-> <<k0, 1>>,
           result |-> "none",
           rank |-> 0,
           accurate |-> FALSE,
           n |-> k0,
           kind |-> "execution",
           truth |-> TRUE ],
         [ op |-> "genesis",
           key |-> <<k0, 0>>,
           result |-> "none",
           rank |-> 2,
           accurate |-> TRUE,
           n |-> k0,
           kind |-> "execution",
           truth |-> TRUE ],
         [ op |-> "observe",
           key |-> <<k0, 1>>,
           result |-> "pass",
           rank |-> 2,
           accurate |-> TRUE,
           n |-> k0,
           kind |-> "execution",
           truth |-> TRUE ],
         [ op |-> "observe",
           key |-> <<k1, 0>>,
           result |-> "pass",
           rank |-> 1,
           accurate |-> TRUE,
           n |-> k1,
           kind |-> "judgment",
           truth |-> TRUE ],
         [ op |-> "waiver",
           key |-> <<k1, 0>>,
           result |-> "none",
           rank |-> 3,
           accurate |-> TRUE,
           n |-> k1,
           kind |-> "judgment",
           truth |-> TRUE ],
         [ op |-> "observe",
           key |-> <<k0, 1>>,
           result |-> "pass",
           rank |-> 1,
           accurate |-> FALSE,
           n |-> k0,
           kind |-> "execution",
           truth |-> TRUE ],
         [ op |-> "commit",
           key |-> <<k0, 1>>,
           result |-> "none",
           rank |-> 0,
           accurate |-> FALSE,
           n |-> k0,
           kind |-> "execution",
           truth |-> TRUE ] >>,
  ver |-> (k0 :> 1 @@ k1 :> 0),
  trunk |-> (k0 :> 1 @@ k1 :> 0),
  epoch |-> 1,
  inputs |-> 8,
  blocks |-> {2},
  reproduced |-> {},
  waivers |-> {<<k1, 0>>},
  deferrals |-> {},
  stateW |-> {},
  queue |-> <<k1>>,
  done |-> {k0},
  eval |->
      ( k0 :> [ver |-> 1, epoch |-> 0, valid |-> TRUE, at |-> 9] @@
        k1 :> [ver |-> 0, epoch |-> 1, valid |-> TRUE, at |-> 10] ),
  receipts |->
      << [ key |-> <<k0, 1>>,
           n |-> k0,
           truth |-> TRUE,
           deferred |-> FALSE,
           lease |-> k0,
           stateW |-> FALSE,
           at |-> 9,
           prekey |-> <<k0, 0>>,
           pretruth |-> TRUE,
           evalAt |-> 9,
           waived |-> FALSE,
           debt |-> FALSE ] >> ]
/\ x = [unused |-> TRUE]

State 17: <Next line 303, col 9 to line 305, col 38 of module PiDagMerge>
/\ f = [ kind |-> (k0 :> "execution" @@ k1 :> "judgment"),
  truth |->
      ( k0 :> (0 :> TRUE @@ 1 :> TRUE @@ 2 :> TRUE) @@
        k1 :> (0 :> TRUE @@ 1 :> TRUE @@ 2 :> TRUE) ),
  obs |->
      ( k0 :> (0 :> {"pass"} @@ 1 :> {"pass"} @@ 2 :> {}) @@
        k1 :> (0 :> {"fail", "pass"} @@ 1 :> {} @@ 2 :> {}) ),
  genesis |-> TRUE,
  conflict |-> {},
  lease |-> "none",
  hist |->
      << [ op |-> "observe",
           key |-> <<k1, 0>>,
           result |-> "fail",
           rank |-> 1,
           accurate |-> FALSE,
           n |-> k1,
           kind |-> "judgment",
           truth |-> TRUE ],
         [ op |-> "observe",
           key |-> <<k1, 0>>,
           result |-> "fail",
           rank |-> 2,
           accurate |-> FALSE,
           n |-> k1,
           kind |-> "judgment",
           truth |-> TRUE ],
         [ op |-> "observe",
           key |-> <<k0, 0>>,
           result |-> "pass",
           rank |-> 2,
           accurate |-> TRUE,
           n |-> k0,
           kind |-> "execution",
           truth |-> TRUE ],
         [ op |-> "edit",
           key |-> <<k0, 1>>,
           result |-> "none",
           rank |-> 0,
           accurate |-> FALSE,
           n |-> k0,
           kind |-> "execution",
           truth |-> TRUE ],
         [ op |-> "genesis",
           key |-> <<k0, 0>>,
           result |-> "none",
           rank |-> 2,
           accurate |-> TRUE,
           n |-> k0,
           kind |-> "execution",
           truth |-> TRUE ],
         [ op |-> "observe",
           key |-> <<k0, 1>>,
           result |-> "pass",
           rank |-> 2,
           accurate |-> TRUE,
           n |-> k0,
           kind |-> "execution",
           truth |-> TRUE ],
         [ op |-> "observe",
           key |-> <<k1, 0>>,
           result |-> "pass",
           rank |-> 1,
           accurate |-> TRUE,
           n |-> k1,
           kind |-> "judgment",
           truth |-> TRUE ],
         [ op |-> "waiver",
           key |-> <<k1, 0>>,
           result |-> "none",
           rank |-> 3,
           accurate |-> TRUE,
           n |-> k1,
           kind |-> "judgment",
           truth |-> TRUE ],
         [ op |-> "observe",
           key |-> <<k0, 1>>,
           result |-> "pass",
           rank |-> 1,
           accurate |-> FALSE,
           n |-> k0,
           kind |-> "execution",
           truth |-> TRUE ],
         [ op |-> "commit",
           key |-> <<k0, 1>>,
           result |-> "none",
           rank |-> 0,
           accurate |-> FALSE,
           n |-> k0,
           kind |-> "execution",
           truth |-> TRUE ],
         [ op |-> "commit",
           n |-> k1,
           key |-> <<k1, 0>>,
           kind |-> "judgment",
           result |-> "none",
           rank |-> 0,
           accurate |-> FALSE,
           truth |-> TRUE ] >>,
  ver |-> (k0 :> 1 @@ k1 :> 0),
  trunk |-> (k0 :> 1 @@ k1 :> 0),
  epoch |-> 2,
  inputs |-> 8,
  blocks |-> {2},
  reproduced |-> {},
  waivers |-> {<<k1, 0>>},
  deferrals |-> {},
  stateW |-> {},
  queue |-> <<>>,
  done |-> {k0, k1},
  eval |->
      ( k0 :> [ver |-> 1, epoch |-> 0, valid |-> TRUE, at |-> 9] @@
        k1 :> [ver |-> 0, epoch |-> 1, valid |-> TRUE, at |-> 10] ),
  receipts |->
      << [ key |-> <<k0, 1>>,
           n |-> k0,
           truth |-> TRUE,
           deferred |-> FALSE,
           lease |-> k0,
           stateW |-> FALSE,
           at |-> 9,
           prekey |-> <<k0, 0>>,
           pretruth |-> TRUE,
           evalAt |-> 9,
           waived |-> FALSE,
           debt |-> FALSE ],
         [ n |-> k1,
           key |-> <<k1, 0>>,
           truth |-> TRUE,
           prekey |-> <<k1, 0>>,
           pretruth |-> TRUE,
           at |-> 10,
           evalAt |-> 10,
           waived |-> TRUE,
           deferred |-> FALSE,
           stateW |-> FALSE,
           debt |-> TRUE,
           lease |-> "none" ] >> ]
/\ x = [unused |-> TRUE]

The number of states generated: 38537
Simulation using seed 6162820333031364511 and aril 0
Progress: 38645 states checked, 145 traces generated (trace length: mean=12, var(x)=64, sd=8)
Finished in 01s at (2026-10-08 21:51:09)
