# module sha256 4e33cdf2dc776ed8501dab5cd3f86805a9ea8b3e63e2ac7a46d4badd259f21c0
# cfg    sha256 c3ccba631cc34dcfe2fbc01655f2e5138ed9776035800d0d81e0558c04486d38
# flags  <deadlock checked> <exhaustive> 2026-10-08T22:13:39+08:00
TLC2 Version 2026.10.06.014338 (rev: 94d0c50)
Running breadth-first search Model-Checking with fp 124 and seed 3074093844860335794 with 4 workers on 20 cores with 910MB heap and 64MB offheap memory [pid: 3486806] (Linux 5.15.0-139-generic amd64, Ubuntu 11.0.27 64bit, MSBDiskFPSet, DiskStateQueue).
Parsing file /home/purboo/project/pi-things/pi-dag/formal/a3/PiDagAuth3.tla
Parsing file /tmp/tlc-9837271905813447611/Integers.tla (jar:file:/home/purboo/project/pi-things/pi-dag/formal/tla2tools.jar!/tla2sany/StandardModules/Integers.tla)
Parsing file /tmp/tlc-9837271905813447611/Sequences.tla (jar:file:/home/purboo/project/pi-things/pi-dag/formal/tla2tools.jar!/tla2sany/StandardModules/Sequences.tla)
Parsing file /tmp/tlc-9837271905813447611/FiniteSets.tla (jar:file:/home/purboo/project/pi-things/pi-dag/formal/tla2tools.jar!/tla2sany/StandardModules/FiniteSets.tla)
Parsing file /tmp/tlc-9837271905813447611/TLC.tla (jar:file:/home/purboo/project/pi-things/pi-dag/formal/tla2tools.jar!/tla2sany/StandardModules/TLC.tla)
Parsing file /tmp/tlc-9837271905813447611/Naturals.tla (jar:file:/home/purboo/project/pi-things/pi-dag/formal/tla2tools.jar!/tla2sany/StandardModules/Naturals.tla)
Semantic processing of module Naturals
Semantic processing of module Integers
Semantic processing of module Sequences
Semantic processing of module FiniteSets
Semantic processing of module TLC
Semantic processing of module PiDagAuth3
Linting of module PiDagAuth3
Starting... (2026-10-08 22:13:40)
Computing initial states...
Finished computing initial states: 1 distinct state generated at 2026-10-08 22:13:40.
Error: Invariant AuthoritySound is violated.
Error: The behavior up to this point is:
State 1: <Initial predicate>
/\ content = [n1 |-> 0, n2 |-> 0]
/\ lawWinner = [n1 |-> "none", n2 |-> "none"]
/\ slots = [n1 |-> W1, n2 |-> W2]
/\ authors = [n1 |-> W1, n2 |-> W2]
/\ log = <<>>
/\ lawView = [ n1 |-> (Owner :> -1 @@ P1 :> -1 @@ P2 :> -1 @@ W1 :> -1 @@ W2 :> -1),
  n2 |-> (Owner :> -1 @@ P1 :> -1 @@ P2 :> -1 @@ W1 :> -1 @@ W2 :> -1) ]
/\ accepted = {}
/\ pending = {}
/\ conflict = {}
/\ merged = FALSE
/\ edges = {}
/\ everSlots = {W1, W2}
/\ resolver = [n1 |-> "none", n2 |-> "none"]
/\ family = "free"
/\ key = [n1 |-> 0, n2 |-> 0]
/\ invalid = {}
/\ lawValue = [n1 |-> -1, n2 |-> -1]

State 2: <Advance line 310, col 35 to line 310, col 62 of module PiDagAuth3>
/\ content = [n1 |-> 0, n2 |-> 0]
/\ lawWinner = [n1 |-> "none", n2 |-> "none"]
/\ slots = [n1 |-> W1, n2 |-> W2]
/\ authors = [n1 |-> W1, n2 |-> W2]
/\ log = << [ type |-> "grant",
     from |-> P1,
     to |-> P2,
     scope |-> {"n1"},
     node |-> "n1",
     value |-> 0,
     key |-> 0,
     content |-> 0 ] >>
/\ lawView = [ n1 |-> (Owner :> -1 @@ P1 :> -1 @@ P2 :> -1 @@ W1 :> -1 @@ W2 :> -1),
  n2 |-> (Owner :> -1 @@ P1 :> -1 @@ P2 :> -1 @@ W1 :> -1 @@ W2 :> -1) ]
/\ accepted = {}
/\ pending = {}
/\ conflict = {}
/\ merged = FALSE
/\ edges = {1}
/\ everSlots = {W1, W2}
/\ resolver = [n1 |-> "none", n2 |-> "none"]
/\ family = "free"
/\ key = [n1 |-> 0, n2 |-> 0]
/\ invalid = {}
/\ lawValue = [n1 |-> -1, n2 |-> -1]

State 3: <Advance line 310, col 35 to line 310, col 62 of module PiDagAuth3>
/\ content = [n1 |-> 0, n2 |-> 0]
/\ lawWinner = [n1 |-> "none", n2 |-> "none"]
/\ slots = [n1 |-> W1, n2 |-> W2]
/\ authors = [n1 |-> W1, n2 |-> W2]
/\ log = << [ type |-> "grant",
     from |-> P1,
     to |-> P2,
     scope |-> {"n1"},
     node |-> "n1",
     value |-> 0,
     key |-> 0,
     content |-> 0 ],
   [ type |-> "grant",
     from |-> Owner,
     to |-> P1,
     scope |-> {"n1"},
     node |-> "n1",
     value |-> 0,
     key |-> 0,
     content |-> 0 ] >>
/\ lawView = [ n1 |-> (Owner :> -1 @@ P1 :> -1 @@ P2 :> -1 @@ W1 :> -1 @@ W2 :> -1),
  n2 |-> (Owner :> -1 @@ P1 :> -1 @@ P2 :> -1 @@ W1 :> -1 @@ W2 :> -1) ]
/\ accepted = {}
/\ pending = {}
/\ conflict = {}
/\ merged = FALSE
/\ edges = {1, 2}
/\ everSlots = {W1, W2}
/\ resolver = [n1 |-> "none", n2 |-> "none"]
/\ family = "free"
/\ key = [n1 |-> 0, n2 |-> 0]
/\ invalid = {}
/\ lawValue = [n1 |-> -1, n2 |-> -1]

11964 states generated, 11802 distinct states found, 11582 states left on queue.
The depth of the complete state graph search is 3.
Finished in 01s at (2026-10-08 22:13:41)
