+ set -u
++ dirname formal/a3/check.sh
+ cd formal/a3
+ mkdir -p runs
+ mod=PiDagAuth3
+ modes=a22
+ props='AuthoritySound DecisionAuthority NoWriterJudge'
+ consts='Scope = "free"; MaxLog = 4; Owner = Owner; P1 = P1; P2 = P2; W1 = W1; W2 = W2'
+ tag=-free-sanity4
+ dl=
+ '[' 0 = 1 ']'
+ sim=
+ '[' -n '' ']'
+ errs=0
+ for mode in $modes
+ for p in $props
+ kind=INVARIANT
+ name=AuthoritySound
+ case $p in
+ base=runs/PiDagAuth3-a22-AuthoritySound-free-sanity4
+ echo CONSTANTS
+ echo '  Mode = "a22"'
+ echo 'Scope = "free"; MaxLog = 4; Owner = Owner; P1 = P1; P2 = P2; W1 = W1; W2 = W2'
+ tr ';' '\n'
+ sed 's/^ */  /'
+ echo 'SPECIFICATION Spec'
+ echo 'INVARIANT AuthoritySound'
++ sha256sum PiDagAuth3.tla
++ cut -c1-64
+ echo '# module sha256 4e33cdf2dc776ed8501dab5cd3f86805a9ea8b3e63e2ac7a46d4badd259f21c0'
++ sha256sum runs/PiDagAuth3-a22-AuthoritySound-free-sanity4.cfg
++ cut -c1-64
+ echo '# cfg    sha256 62d6f91331b4a6e429366364760e412c6c4fb0769e2c3e215f02e3e1ed020d4f'
++ date -Is
+ echo '# flags  <deadlock checked> <exhaustive> 2026-10-08T22:21:15+08:00'
+ timeout 60 java -Xmx3g -XX:+UseParallelGC -cp ../tla2tools.jar tlc2.TLC -noGenerateSpecTE -workers 4 -metadir runs/PiDagAuth3-a22-AuthoritySound-free-sanity4.states -config runs/PiDagAuth3-a22-AuthoritySound-free-sanity4.cfg PiDagAuth3.tla
+ rc=12
+ rm -rf runs/PiDagAuth3-a22-AuthoritySound-free-sanity4.states
+ grep -q 'No error has been found' runs/PiDagAuth3-a22-AuthoritySound-free-sanity4.log
+ grep -qE 'is violated|was violated|Deadlock reached|Temporal properties were violated' runs/PiDagAuth3-a22-AuthoritySound-free-sanity4.log
+ r=VIOLATED
++ grep -oE '[0-9,]+ distinct states found' runs/PiDagAuth3-a22-AuthoritySound-free-sanity4.log
++ tail -1
+ printf '%-16s %-6s %-22s %-9s %s\n' PiDagAuth3 a22 AuthoritySound VIOLATED '46032 distinct states found'
+ for p in $props
+ kind=INVARIANT
+ name=DecisionAuthority
+ case $p in
+ base=runs/PiDagAuth3-a22-DecisionAuthority-free-sanity4
+ echo CONSTANTS
+ echo '  Mode = "a22"'
+ echo 'Scope = "free"; MaxLog = 4; Owner = Owner; P1 = P1; P2 = P2; W1 = W1; W2 = W2'
+ tr ';' '\n'
+ sed 's/^ */  /'
+ echo 'SPECIFICATION Spec'
+ echo 'INVARIANT DecisionAuthority'
++ sha256sum PiDagAuth3.tla
++ cut -c1-64
+ echo '# module sha256 4e33cdf2dc776ed8501dab5cd3f86805a9ea8b3e63e2ac7a46d4badd259f21c0'
++ sha256sum runs/PiDagAuth3-a22-DecisionAuthority-free-sanity4.cfg
++ cut -c1-64
+ echo '# cfg    sha256 6efc43cb5ada8b34c386aef83edb6b0e17bcdfbdc5d7752e76ed79bfc0171edf'
++ date -Is
+ echo '# flags  <deadlock checked> <exhaustive> 2026-10-08T22:21:19+08:00'
+ timeout 60 java -Xmx3g -XX:+UseParallelGC -cp ../tla2tools.jar tlc2.TLC -noGenerateSpecTE -workers 4 -metadir runs/PiDagAuth3-a22-DecisionAuthority-free-sanity4.states -config runs/PiDagAuth3-a22-DecisionAuthority-free-sanity4.cfg PiDagAuth3.tla
+ rc=12
+ rm -rf runs/PiDagAuth3-a22-DecisionAuthority-free-sanity4.states
+ grep -q 'No error has been found' runs/PiDagAuth3-a22-DecisionAuthority-free-sanity4.log
+ grep -qE 'is violated|was violated|Deadlock reached|Temporal properties were violated' runs/PiDagAuth3-a22-DecisionAuthority-free-sanity4.log
+ r=VIOLATED
++ tail -1
++ grep -oE '[0-9,]+ distinct states found' runs/PiDagAuth3-a22-DecisionAuthority-free-sanity4.log
+ printf '%-16s %-6s %-22s %-9s %s\n' PiDagAuth3 a22 DecisionAuthority VIOLATED '34216 distinct states found'
+ for p in $props
+ kind=INVARIANT
+ name=NoWriterJudge
+ case $p in
+ base=runs/PiDagAuth3-a22-NoWriterJudge-free-sanity4
+ echo CONSTANTS
+ echo '  Mode = "a22"'
+ echo 'Scope = "free"; MaxLog = 4; Owner = Owner; P1 = P1; P2 = P2; W1 = W1; W2 = W2'
+ tr ';' '\n'
+ sed 's/^ */  /'
+ echo 'SPECIFICATION Spec'
+ echo 'INVARIANT NoWriterJudge'
++ sha256sum PiDagAuth3.tla
++ cut -c1-64
+ echo '# module sha256 4e33cdf2dc776ed8501dab5cd3f86805a9ea8b3e63e2ac7a46d4badd259f21c0'
++ sha256sum runs/PiDagAuth3-a22-NoWriterJudge-free-sanity4.cfg
++ cut -c1-64
+ echo '# cfg    sha256 9ab5fa90c189444f80c782bb79c65024ec911d52d7319d34801ca56e43a042bd'
++ date -Is
+ echo '# flags  <deadlock checked> <exhaustive> 2026-10-08T22:21:22+08:00'
+ timeout 60 java -Xmx3g -XX:+UseParallelGC -cp ../tla2tools.jar tlc2.TLC -noGenerateSpecTE -workers 4 -metadir runs/PiDagAuth3-a22-NoWriterJudge-free-sanity4.states -config runs/PiDagAuth3-a22-NoWriterJudge-free-sanity4.cfg PiDagAuth3.tla
+ rc=12
+ rm -rf runs/PiDagAuth3-a22-NoWriterJudge-free-sanity4.states
+ grep -q 'No error has been found' runs/PiDagAuth3-a22-NoWriterJudge-free-sanity4.log
+ grep -qE 'is violated|was violated|Deadlock reached|Temporal properties were violated' runs/PiDagAuth3-a22-NoWriterJudge-free-sanity4.log
+ r=VIOLATED
++ grep -oE '[0-9,]+ distinct states found' runs/PiDagAuth3-a22-NoWriterJudge-free-sanity4.log
++ tail -1
+ printf '%-16s %-6s %-22s %-9s %s\n' PiDagAuth3 a22 NoWriterJudge VIOLATED '38893 distinct states found'
+ exit 0
