# module sha256 7972e7a830fe5a503653abc3c5e3edbf8f983f6d232254f41e05432927905957
# cfg    sha256 e80eeba259f59d38d95d2287886dd626abea626e5eefe3f4305a8383e7dc9b4a
# flags  <deadlock checked> -simulate num=2000 -depth 20 2026-10-08T22:11:07+08:00
TLC2 Version 2026.10.06.014338 (rev: 94d0c50)
Running Random Simulation with seed 8161355951802614133 with 4 workers on 20 cores with 910MB heap and 64MB offheap memory [pid: 3484783] (Linux 5.15.0-139-generic amd64, Ubuntu 11.0.27 64bit).
Parsing file /home/purboo/project/pi-things/pi-dag/formal/a3/PiDagMerge.tla
Parsing file /tmp/tlc-3647683893146967594/Naturals.tla (jar:file:/home/purboo/project/pi-things/pi-dag/formal/tla2tools.jar!/tla2sany/StandardModules/Naturals.tla)
Parsing file /tmp/tlc-3647683893146967594/FiniteSets.tla (jar:file:/home/purboo/project/pi-things/pi-dag/formal/tla2tools.jar!/tla2sany/StandardModules/FiniteSets.tla)
Parsing file /tmp/tlc-3647683893146967594/Sequences.tla (jar:file:/home/purboo/project/pi-things/pi-dag/formal/tla2tools.jar!/tla2sany/StandardModules/Sequences.tla)
Parsing file /tmp/tlc-3647683893146967594/TLC.tla (jar:file:/home/purboo/project/pi-things/pi-dag/formal/tla2tools.jar!/tla2sany/StandardModules/TLC.tla)
Semantic processing of module Naturals
Semantic processing of module Sequences
Semantic processing of module FiniteSets
Semantic processing of module TLC
Semantic processing of module PiDagMerge
Linting of module PiDagMerge
Starting... (2026-10-08 22:11:07)
Computed 16 initial states...
Finished computing initial states: 16 distinct state generated at 2026-10-08 22:11:07.
Error: Invariant FreeNoTwoMerges is violated.
Error: The behavior up to this point is:
State 1: <Init line 313, col 9 to line 314, col 48 of module PiDagMerge>
/\ f = [ kind |-> (k0 :> "judgment" @@ k1 :> "judgment"),
  truth |->
      ( k0 :> (0 :> FALSE @@ 1 :> TRUE @@ 2 :> TRUE) @@
        k1 :> (0 :> FALSE @@ 1 :> TRUE @@ 2 :> TRUE) ),
  obs |->
      ( k0 :> (0 :> {} @@ 1 :> {} @@ 2 :> {}) @@
        k1 :> (0 :> {} @@ 1 :> {} @@ 2 :> {}) ),
  genesis |-> FALSE,
  conflict |-> {},
  lease |-> "none",
  hist |-> <<>>,
  ver |-> (k0 :> 0 @@ k1 :> 0),
  nodeObs |->
      ( k0 :> (0 :> {} @@ 1 :> {} @@ 2 :> {}) @@
        k1 :> (0 :> {} @@ 1 :> {} @@ 2 :> {}) ),
  trunk |-> (k0 :> 0 @@ k1 :> 0),
  epoch |-> 0,
  inputs |-> 0,
  blocks |-> {},
  reproduced |-> {},
  waivers |-> {},
  deferrals |-> {},
  stateW |-> {},
  queue |-> <<>>,
  done |-> {},
  eval |->
      ( k0 :> [ver |-> 0, epoch |-> 0, valid |-> FALSE, at |-> 0] @@
        k1 :> [ver |-> 0, epoch |-> 0, valid |-> FALSE, at |-> 0] ),
  receipts |-> <<>> ]
/\ x = [unused |-> TRUE]

State 2: <Next line 315, col 9 to line 317, col 38 of module PiDagMerge>
/\ f = [ kind |-> (k0 :> "judgment" @@ k1 :> "judgment"),
  truth |->
      ( k0 :> (0 :> FALSE @@ 1 :> TRUE @@ 2 :> TRUE) @@
        k1 :> (0 :> FALSE @@ 1 :> TRUE @@ 2 :> TRUE) ),
  obs |->
      ( k0 :> (0 :> {} @@ 1 :> {} @@ 2 :> {}) @@
        k1 :> (0 :> {} @@ 1 :> {} @@ 2 :> {}) ),
  genesis |-> FALSE,
  conflict |-> {},
  lease |-> "none",
  hist |->
      << [ op |-> "waiver",
           key |-> <<k0, 0>>,
           result |-> "none",
           rank |-> 3,
           accurate |-> TRUE,
           n |-> k0,
           kind |-> "judgment",
           truth |-> FALSE ] >>,
  ver |-> (k0 :> 0 @@ k1 :> 0),
  nodeObs |->
      ( k0 :> (0 :> {} @@ 1 :> {} @@ 2 :> {}) @@
        k1 :> (0 :> {} @@ 1 :> {} @@ 2 :> {}) ),
  trunk |-> (k0 :> 0 @@ k1 :> 0),
  epoch |-> 0,
  inputs |-> 1,
  blocks |-> {},
  reproduced |-> {},
  waivers |-> {<<k0, 0>>},
  deferrals |-> {},
  stateW |-> {},
  queue |-> <<>>,
  done |-> {},
  eval |->
      ( k0 :> [ver |-> 0, epoch |-> 0, valid |-> FALSE, at |-> 0] @@
        k1 :> [ver |-> 0, epoch |-> 0, valid |-> FALSE, at |-> 0] ),
  receipts |-> <<>> ]
/\ x = [unused |-> TRUE]

State 3: <Next line 315, col 9 to line 317, col 38 of module PiDagMerge>
/\ f = [ kind |-> (k0 :> "judgment" @@ k1 :> "judgment"),
  truth |->
      ( k0 :> (0 :> FALSE @@ 1 :> TRUE @@ 2 :> TRUE) @@
        k1 :> (0 :> FALSE @@ 1 :> TRUE @@ 2 :> TRUE) ),
  obs |->
      ( k0 :> (0 :> {} @@ 1 :> {} @@ 2 :> {}) @@
        k1 :> (0 :> {} @@ 1 :> {} @@ 2 :> {}) ),
  genesis |-> FALSE,
  conflict |-> {},
  lease |-> "none",
  hist |->
      << [ op |-> "waiver",
           key |-> <<k0, 0>>,
           result |-> "none",
           rank |-> 3,
           accurate |-> TRUE,
           n |-> k0,
           kind |-> "judgment",
           truth |-> FALSE ],
         [ op |-> "observe",
           key |-> <<k0, 0>>,
           result |-> "fail",
           rank |-> 1,
           accurate |-> FALSE,
           n |-> k0,
           kind |-> "judgment",
           truth |-> FALSE ] >>,
  ver |-> (k0 :> 0 @@ k1 :> 0),
  nodeObs |->
      ( k0 :> (0 :> {"fail"} @@ 1 :> {} @@ 2 :> {}) @@
        k1 :> (0 :> {} @@ 1 :> {} @@ 2 :> {}) ),
  trunk |-> (k0 :> 0 @@ k1 :> 0),
  epoch |-> 0,
  inputs |-> 2,
  blocks |-> {2},
  reproduced |-> {},
  waivers |-> {<<k0, 0>>},
  deferrals |-> {},
  stateW |-> {},
  queue |-> <<>>,
  done |-> {},
  eval |->
      ( k0 :> [ver |-> 0, epoch |-> 0, valid |-> FALSE, at |-> 0] @@
        k1 :> [ver |-> 0, epoch |-> 0, valid |-> FALSE, at |-> 0] ),
  receipts |-> <<>> ]
/\ x = [unused |-> TRUE]

State 4: <Next line 315, col 9 to line 317, col 38 of module PiDagMerge>
/\ f = [ kind |-> (k0 :> "judgment" @@ k1 :> "judgment"),
  truth |->
      ( k0 :> (0 :> FALSE @@ 1 :> TRUE @@ 2 :> TRUE) @@
        k1 :> (0 :> FALSE @@ 1 :> TRUE @@ 2 :> TRUE) ),
  obs |->
      ( k0 :> (0 :> {} @@ 1 :> {} @@ 2 :> {}) @@
        k1 :> (0 :> {"fail"} @@ 1 :> {} @@ 2 :> {}) ),
  genesis |-> FALSE,
  conflict |-> {},
  lease |-> "none",
  hist |->
      << [ op |-> "waiver",
           key |-> <<k0, 0>>,
           result |-> "none",
           rank |-> 3,
           accurate |-> TRUE,
           n |-> k0,
           kind |-> "judgment",
           truth |-> FALSE ],
         [ op |-> "observe",
           key |-> <<k0, 0>>,
           result |-> "fail",
           rank |-> 1,
           accurate |-> FALSE,
           n |-> k0,
           kind |-> "judgment",
           truth |-> FALSE ],
         [ op |-> "observe",
           key |-> <<k1, 0>>,
           result |-> "fail",
           rank |-> 1,
           accurate |-> FALSE,
           n |-> k1,
           kind |-> "state",
           truth |-> FALSE ] >>,
  ver |-> (k0 :> 0 @@ k1 :> 0),
  nodeObs |->
      ( k0 :> (0 :> {"fail"} @@ 1 :> {} @@ 2 :> {}) @@
        k1 :> (0 :> {} @@ 1 :> {} @@ 2 :> {}) ),
  trunk |-> (k0 :> 0 @@ k1 :> 0),
  epoch |-> 0,
  inputs |-> 3,
  blocks |-> {2},
  reproduced |-> {},
  waivers |-> {<<k0, 0>>},
  deferrals |-> {},
  stateW |-> {},
  queue |-> <<>>,
  done |-> {},
  eval |->
      ( k0 :> [ver |-> 0, epoch |-> 0, valid |-> FALSE, at |-> 0] @@
        k1 :> [ver |-> 0, epoch |-> 0, valid |-> FALSE, at |-> 0] ),
  receipts |-> <<>> ]
/\ x = [unused |-> TRUE]

State 5: <Next line 315, col 9 to line 317, col 38 of module PiDagMerge>
/\ f = [ kind |-> (k0 :> "judgment" @@ k1 :> "judgment"),
  truth |->
      ( k0 :> (0 :> FALSE @@ 1 :> TRUE @@ 2 :> TRUE) @@
        k1 :> (0 :> FALSE @@ 1 :> TRUE @@ 2 :> TRUE) ),
  obs |->
      ( k0 :> (0 :> {} @@ 1 :> {} @@ 2 :> {}) @@
        k1 :> (0 :> {"fail"} @@ 1 :> {} @@ 2 :> {}) ),
  genesis |-> FALSE,
  conflict |-> {},
  lease |-> "none",
  hist |->
      << [ op |-> "waiver",
           key |-> <<k0, 0>>,
           result |-> "none",
           rank |-> 3,
           accurate |-> TRUE,
           n |-> k0,
           kind |-> "judgment",
           truth |-> FALSE ],
         [ op |-> "observe",
           key |-> <<k0, 0>>,
           result |-> "fail",
           rank |-> 1,
           accurate |-> FALSE,
           n |-> k0,
           kind |-> "judgment",
           truth |-> FALSE ],
         [ op |-> "observe",
           key |-> <<k1, 0>>,
           result |-> "fail",
           rank |-> 1,
           accurate |-> FALSE,
           n |-> k1,
           kind |-> "state",
           truth |-> FALSE ],
         [ op |-> "observe",
           key |-> <<k0, 0>>,
           result |-> "fail",
           rank |-> 1,
           accurate |-> FALSE,
           n |-> k0,
           kind |-> "judgment",
           truth |-> FALSE ] >>,
  ver |-> (k0 :> 0 @@ k1 :> 0),
  nodeObs |->
      ( k0 :> (0 :> {"fail"} @@ 1 :> {} @@ 2 :> {}) @@
        k1 :> (0 :> {} @@ 1 :> {} @@ 2 :> {}) ),
  trunk |-> (k0 :> 0 @@ k1 :> 0),
  epoch |-> 0,
  inputs |-> 4,
  blocks |-> {2, 4},
  reproduced |-> {},
  waivers |-> {<<k0, 0>>},
  deferrals |-> {},
  stateW |-> {},
  queue |-> <<>>,
  done |-> {},
  eval |->
      ( k0 :> [ver |-> 0, epoch |-> 0, valid |-> FALSE, at |-> 0] @@
        k1 :> [ver |-> 0, epoch |-> 0, valid |-> FALSE, at |-> 0] ),
  receipts |-> <<>> ]
/\ x = [unused |-> TRUE]

State 6: <Next line 315, col 9 to line 317, col 38 of module PiDagMerge>
/\ f = [ kind |-> (k0 :> "judgment" @@ k1 :> "judgment"),
  truth |->
      ( k0 :> (0 :> FALSE @@ 1 :> TRUE @@ 2 :> TRUE) @@
        k1 :> (0 :> FALSE @@ 1 :> TRUE @@ 2 :> TRUE) ),
  obs |->
      ( k0 :> (0 :> {} @@ 1 :> {} @@ 2 :> {}) @@
        k1 :> (0 :> {"fail"} @@ 1 :> {} @@ 2 :> {}) ),
  genesis |-> FALSE,
  conflict |-> {},
  lease |-> "none",
  hist |->
      << [ op |-> "waiver",
           key |-> <<k0, 0>>,
           result |-> "none",
           rank |-> 3,
           accurate |-> TRUE,
           n |-> k0,
           kind |-> "judgment",
           truth |-> FALSE ],
         [ op |-> "observe",
           key |-> <<k0, 0>>,
           result |-> "fail",
           rank |-> 1,
           accurate |-> FALSE,
           n |-> k0,
           kind |-> "judgment",
           truth |-> FALSE ],
         [ op |-> "observe",
           key |-> <<k1, 0>>,
           result |-> "fail",
           rank |-> 1,
           accurate |-> FALSE,
           n |-> k1,
           kind |-> "state",
           truth |-> FALSE ],
         [ op |-> "observe",
           key |-> <<k0, 0>>,
           result |-> "fail",
           rank |-> 1,
           accurate |-> FALSE,
           n |-> k0,
           kind |-> "judgment",
           truth |-> FALSE ],
         [ op |-> "observe",
           key |-> <<k0, 0>>,
           result |-> "fail",
           rank |-> 1,
           accurate |-> FALSE,
           n |-> k0,
           kind |-> "judgment",
           truth |-> FALSE ] >>,
  ver |-> (k0 :> 0 @@ k1 :> 0),
  nodeObs |->
      ( k0 :> (0 :> {"fail"} @@ 1 :> {} @@ 2 :> {}) @@
        k1 :> (0 :> {} @@ 1 :> {} @@ 2 :> {}) ),
  trunk |-> (k0 :> 0 @@ k1 :> 0),
  epoch |-> 0,
  inputs |-> 5,
  blocks |-> {2, 4, 5},
  reproduced |-> {},
  waivers |-> {<<k0, 0>>},
  deferrals |-> {},
  stateW |-> {},
  queue |-> <<>>,
  done |-> {},
  eval |->
      ( k0 :> [ver |-> 0, epoch |-> 0, valid |-> FALSE, at |-> 0] @@
        k1 :> [ver |-> 0, epoch |-> 0, valid |-> FALSE, at |-> 0] ),
  receipts |-> <<>> ]
/\ x = [unused |-> TRUE]

State 7: <Next line 315, col 9 to line 317, col 38 of module PiDagMerge>
/\ f = [ kind |-> (k0 :> "judgment" @@ k1 :> "judgment"),
  truth |->
      ( k0 :> (0 :> FALSE @@ 1 :> TRUE @@ 2 :> TRUE) @@
        k1 :> (0 :> FALSE @@ 1 :> TRUE @@ 2 :> TRUE) ),
  obs |->
      ( k0 :> (0 :> {} @@ 1 :> {} @@ 2 :> {}) @@
        k1 :> (0 :> {"fail"} @@ 1 :> {} @@ 2 :> {}) ),
  genesis |-> FALSE,
  conflict |-> {},
  lease |-> "none",
  hist |->
      << [ op |-> "waiver",
           key |-> <<k0, 0>>,
           result |-> "none",
           rank |-> 3,
           accurate |-> TRUE,
           n |-> k0,
           kind |-> "judgment",
           truth |-> FALSE ],
         [ op |-> "observe",
           key |-> <<k0, 0>>,
           result |-> "fail",
           rank |-> 1,
           accurate |-> FALSE,
           n |-> k0,
           kind |-> "judgment",
           truth |-> FALSE ],
         [ op |-> "observe",
           key |-> <<k1, 0>>,
           result |-> "fail",
           rank |-> 1,
           accurate |-> FALSE,
           n |-> k1,
           kind |-> "state",
           truth |-> FALSE ],
         [ op |-> "observe",
           key |-> <<k0, 0>>,
           result |-> "fail",
           rank |-> 1,
           accurate |-> FALSE,
           n |-> k0,
           kind |-> "judgment",
           truth |-> FALSE ],
         [ op |-> "observe",
           key |-> <<k0, 0>>,
           result |-> "fail",
           rank |-> 1,
           accurate |-> FALSE,
           n |-> k0,
           kind |-> "judgment",
           truth |-> FALSE ],
         [ op |-> "observe",
           key |-> <<k0, 0>>,
           result |-> "pass",
           rank |-> 2,
           accurate |-> FALSE,
           n |-> k0,
           kind |-> "judgment",
           truth |-> FALSE ] >>,
  ver |-> (k0 :> 0 @@ k1 :> 0),
  nodeObs |->
      ( k0 :> (0 :> {"fail", "pass"} @@ 1 :> {} @@ 2 :> {}) @@
        k1 :> (0 :> {} @@ 1 :> {} @@ 2 :> {}) ),
  trunk |-> (k0 :> 0 @@ k1 :> 0),
  epoch |-> 0,
  inputs |-> 6,
  blocks |-> {},
  reproduced |-> {},
  waivers |-> {<<k0, 0>>},
  deferrals |-> {},
  stateW |-> {},
  queue |-> <<>>,
  done |-> {},
  eval |->
      ( k0 :> [ver |-> 0, epoch |-> 0, valid |-> FALSE, at |-> 0] @@
        k1 :> [ver |-> 0, epoch |-> 0, valid |-> FALSE, at |-> 0] ),
  receipts |-> <<>> ]
/\ x = [unused |-> TRUE]

State 8: <Next line 315, col 9 to line 317, col 38 of module PiDagMerge>
/\ f = [ kind |-> (k0 :> "judgment" @@ k1 :> "judgment"),
  truth |->
      ( k0 :> (0 :> FALSE @@ 1 :> TRUE @@ 2 :> TRUE) @@
        k1 :> (0 :> FALSE @@ 1 :> TRUE @@ 2 :> TRUE) ),
  obs |->
      ( k0 :> (0 :> {} @@ 1 :> {} @@ 2 :> {}) @@
        k1 :> (0 :> {"fail"} @@ 1 :> {} @@ 2 :> {}) ),
  genesis |-> FALSE,
  conflict |-> {},
  lease |-> "none",
  hist |->
      << [ op |-> "waiver",
           key |-> <<k0, 0>>,
           result |-> "none",
           rank |-> 3,
           accurate |-> TRUE,
           n |-> k0,
           kind |-> "judgment",
           truth |-> FALSE ],
         [ op |-> "observe",
           key |-> <<k0, 0>>,
           result |-> "fail",
           rank |-> 1,
           accurate |-> FALSE,
           n |-> k0,
           kind |-> "judgment",
           truth |-> FALSE ],
         [ op |-> "observe",
           key |-> <<k1, 0>>,
           result |-> "fail",
           rank |-> 1,
           accurate |-> FALSE,
           n |-> k1,
           kind |-> "state",
           truth |-> FALSE ],
         [ op |-> "observe",
           key |-> <<k0, 0>>,
           result |-> "fail",
           rank |-> 1,
           accurate |-> FALSE,
           n |-> k0,
           kind |-> "judgment",
           truth |-> FALSE ],
         [ op |-> "observe",
           key |-> <<k0, 0>>,
           result |-> "fail",
           rank |-> 1,
           accurate |-> FALSE,
           n |-> k0,
           kind |-> "judgment",
           truth |-> FALSE ],
         [ op |-> "observe",
           key |-> <<k0, 0>>,
           result |-> "pass",
           rank |-> 2,
           accurate |-> FALSE,
           n |-> k0,
           kind |-> "judgment",
           truth |-> FALSE ],
         [ op |-> "observe",
           key |-> <<k1, 0>>,
           result |-> "pass",
           rank |-> 2,
           accurate |-> FALSE,
           n |-> k1,
           kind |-> "judgment",
           truth |-> FALSE ] >>,
  ver |-> (k0 :> 0 @@ k1 :> 0),
  nodeObs |->
      ( k0 :> (0 :> {"fail", "pass"} @@ 1 :> {} @@ 2 :> {}) @@
        k1 :> (0 :> {"pass"} @@ 1 :> {} @@ 2 :> {}) ),
  trunk |-> (k0 :> 0 @@ k1 :> 0),
  epoch |-> 0,
  inputs |-> 7,
  blocks |-> {},
  reproduced |-> {},
  waivers |-> {<<k0, 0>>},
  deferrals |-> {},
  stateW |-> {},
  queue |-> <<>>,
  done |-> {},
  eval |->
      ( k0 :> [ver |-> 0, epoch |-> 0, valid |-> FALSE, at |-> 0] @@
        k1 :> [ver |-> 0, epoch |-> 0, valid |-> FALSE, at |-> 0] ),
  receipts |-> <<>> ]
/\ x = [unused |-> TRUE]

State 9: <Next line 315, col 9 to line 317, col 38 of module PiDagMerge>
/\ f = [ kind |-> (k0 :> "judgment" @@ k1 :> "judgment"),
  truth |->
      ( k0 :> (0 :> FALSE @@ 1 :> TRUE @@ 2 :> TRUE) @@
        k1 :> (0 :> FALSE @@ 1 :> TRUE @@ 2 :> TRUE) ),
  obs |->
      ( k0 :> (0 :> {} @@ 1 :> {} @@ 2 :> {}) @@
        k1 :> (0 :> {"fail"} @@ 1 :> {} @@ 2 :> {}) ),
  genesis |-> FALSE,
  conflict |-> {},
  lease |-> "none",
  hist |->
      << [ op |-> "waiver",
           key |-> <<k0, 0>>,
           result |-> "none",
           rank |-> 3,
           accurate |-> TRUE,
           n |-> k0,
           kind |-> "judgment",
           truth |-> FALSE ],
         [ op |-> "observe",
           key |-> <<k0, 0>>,
           result |-> "fail",
           rank |-> 1,
           accurate |-> FALSE,
           n |-> k0,
           kind |-> "judgment",
           truth |-> FALSE ],
         [ op |-> "observe",
           key |-> <<k1, 0>>,
           result |-> "fail",
           rank |-> 1,
           accurate |-> FALSE,
           n |-> k1,
           kind |-> "state",
           truth |-> FALSE ],
         [ op |-> "observe",
           key |-> <<k0, 0>>,
           result |-> "fail",
           rank |-> 1,
           accurate |-> FALSE,
           n |-> k0,
           kind |-> "judgment",
           truth |-> FALSE ],
         [ op |-> "observe",
           key |-> <<k0, 0>>,
           result |-> "fail",
           rank |-> 1,
           accurate |-> FALSE,
           n |-> k0,
           kind |-> "judgment",
           truth |-> FALSE ],
         [ op |-> "observe",
           key |-> <<k0, 0>>,
           result |-> "pass",
           rank |-> 2,
           accurate |-> FALSE,
           n |-> k0,
           kind |-> "judgment",
           truth |-> FALSE ],
         [ op |-> "observe",
           key |-> <<k1, 0>>,
           result |-> "pass",
           rank |-> 2,
           accurate |-> FALSE,
           n |-> k1,
           kind |-> "judgment",
           truth |-> FALSE ],
         [ op |-> "observe",
           key |-> <<k1, 0>>,
           result |-> "pass",
           rank |-> 1,
           accurate |-> FALSE,
           n |-> k1,
           kind |-> "judgment",
           truth |-> FALSE ] >>,
  ver |-> (k0 :> 0 @@ k1 :> 0),
  nodeObs |->
      ( k0 :> (0 :> {"fail", "pass"} @@ 1 :> {} @@ 2 :> {}) @@
        k1 :> (0 :> {"pass"} @@ 1 :> {} @@ 2 :> {}) ),
  trunk |-> (k0 :> 0 @@ k1 :> 0),
  epoch |-> 0,
  inputs |-> 8,
  blocks |-> {},
  reproduced |-> {},
  waivers |-> {<<k0, 0>>},
  deferrals |-> {},
  stateW |-> {},
  queue |-> <<>>,
  done |-> {},
  eval |->
      ( k0 :> [ver |-> 0, epoch |-> 0, valid |-> FALSE, at |-> 0] @@
        k1 :> [ver |-> 0, epoch |-> 0, valid |-> FALSE, at |-> 0] ),
  receipts |-> <<>> ]
/\ x = [unused |-> TRUE]

State 10: <Next line 315, col 9 to line 317, col 38 of module PiDagMerge>
/\ f = [ kind |-> (k0 :> "judgment" @@ k1 :> "judgment"),
  truth |->
      ( k0 :> (0 :> FALSE @@ 1 :> TRUE @@ 2 :> TRUE) @@
        k1 :> (0 :> FALSE @@ 1 :> TRUE @@ 2 :> TRUE) ),
  obs |->
      ( k0 :> (0 :> {} @@ 1 :> {} @@ 2 :> {}) @@
        k1 :> (0 :> {"fail"} @@ 1 :> {} @@ 2 :> {}) ),
  genesis |-> FALSE,
  conflict |-> {},
  lease |-> "none",
  hist |->
      << [ op |-> "waiver",
           key |-> <<k0, 0>>,
           result |-> "none",
           rank |-> 3,
           accurate |-> TRUE,
           n |-> k0,
           kind |-> "judgment",
           truth |-> FALSE ],
         [ op |-> "observe",
           key |-> <<k0, 0>>,
           result |-> "fail",
           rank |-> 1,
           accurate |-> FALSE,
           n |-> k0,
           kind |-> "judgment",
           truth |-> FALSE ],
         [ op |-> "observe",
           key |-> <<k1, 0>>,
           result |-> "fail",
           rank |-> 1,
           accurate |-> FALSE,
           n |-> k1,
           kind |-> "state",
           truth |-> FALSE ],
         [ op |-> "observe",
           key |-> <<k0, 0>>,
           result |-> "fail",
           rank |-> 1,
           accurate |-> FALSE,
           n |-> k0,
           kind |-> "judgment",
           truth |-> FALSE ],
         [ op |-> "observe",
           key |-> <<k0, 0>>,
           result |-> "fail",
           rank |-> 1,
           accurate |-> FALSE,
           n |-> k0,
           kind |-> "judgment",
           truth |-> FALSE ],
         [ op |-> "observe",
           key |-> <<k0, 0>>,
           result |-> "pass",
           rank |-> 2,
           accurate |-> FALSE,
           n |-> k0,
           kind |-> "judgment",
           truth |-> FALSE ],
         [ op |-> "observe",
           key |-> <<k1, 0>>,
           result |-> "pass",
           rank |-> 2,
           accurate |-> FALSE,
           n |-> k1,
           kind |-> "judgment",
           truth |-> FALSE ],
         [ op |-> "observe",
           key |-> <<k1, 0>>,
           result |-> "pass",
           rank |-> 1,
           accurate |-> FALSE,
           n |-> k1,
           kind |-> "judgment",
           truth |-> FALSE ] >>,
  ver |-> (k0 :> 0 @@ k1 :> 0),
  nodeObs |->
      ( k0 :> (0 :> {"fail", "pass"} @@ 1 :> {} @@ 2 :> {}) @@
        k1 :> (0 :> {"pass"} @@ 1 :> {} @@ 2 :> {}) ),
  trunk |-> (k0 :> 0 @@ k1 :> 0),
  epoch |-> 0,
  inputs |-> 8,
  blocks |-> {},
  reproduced |-> {},
  waivers |-> {<<k0, 0>>},
  deferrals |-> {},
  stateW |-> {},
  queue |-> <<k0>>,
  done |-> {},
  eval |->
      ( k0 :> [ver |-> 0, epoch |-> 0, valid |-> FALSE, at |-> 0] @@
        k1 :> [ver |-> 0, epoch |-> 0, valid |-> FALSE, at |-> 0] ),
  receipts |-> <<>> ]
/\ x = [unused |-> TRUE]

State 11: <Next line 315, col 9 to line 317, col 38 of module PiDagMerge>
/\ f = [ kind |-> (k0 :> "judgment" @@ k1 :> "judgment"),
  truth |->
      ( k0 :> (0 :> FALSE @@ 1 :> TRUE @@ 2 :> TRUE) @@
        k1 :> (0 :> FALSE @@ 1 :> TRUE @@ 2 :> TRUE) ),
  obs |->
      ( k0 :> (0 :> {} @@ 1 :> {} @@ 2 :> {}) @@
        k1 :> (0 :> {"fail"} @@ 1 :> {} @@ 2 :> {}) ),
  genesis |-> FALSE,
  conflict |-> {},
  lease |-> k0,
  hist |->
      << [ op |-> "waiver",
           key |-> <<k0, 0>>,
           result |-> "none",
           rank |-> 3,
           accurate |-> TRUE,
           n |-> k0,
           kind |-> "judgment",
           truth |-> FALSE ],
         [ op |-> "observe",
           key |-> <<k0, 0>>,
           result |-> "fail",
           rank |-> 1,
           accurate |-> FALSE,
           n |-> k0,
           kind |-> "judgment",
           truth |-> FALSE ],
         [ op |-> "observe",
           key |-> <<k1, 0>>,
           result |-> "fail",
           rank |-> 1,
           accurate |-> FALSE,
           n |-> k1,
           kind |-> "state",
           truth |-> FALSE ],
         [ op |-> "observe",
           key |-> <<k0, 0>>,
           result |-> "fail",
           rank |-> 1,
           accurate |-> FALSE,
           n |-> k0,
           kind |-> "judgment",
           truth |-> FALSE ],
         [ op |-> "observe",
           key |-> <<k0, 0>>,
           result |-> "fail",
           rank |-> 1,
           accurate |-> FALSE,
           n |-> k0,
           kind |-> "judgment",
           truth |-> FALSE ],
         [ op |-> "observe",
           key |-> <<k0, 0>>,
           result |-> "pass",
           rank |-> 2,
           accurate |-> FALSE,
           n |-> k0,
           kind |-> "judgment",
           truth |-> FALSE ],
         [ op |-> "observe",
           key |-> <<k1, 0>>,
           result |-> "pass",
           rank |-> 2,
           accurate |-> FALSE,
           n |-> k1,
           kind |-> "judgment",
           truth |-> FALSE ],
         [ op |-> "observe",
           key |-> <<k1, 0>>,
           result |-> "pass",
           rank |-> 1,
           accurate |-> FALSE,
           n |-> k1,
           kind |-> "judgment",
           truth |-> FALSE ] >>,
  ver |-> (k0 :> 0 @@ k1 :> 0),
  nodeObs |->
      ( k0 :> (0 :> {"fail", "pass"} @@ 1 :> {} @@ 2 :> {}) @@
        k1 :> (0 :> {"pass"} @@ 1 :> {} @@ 2 :> {}) ),
  trunk |-> (k0 :> 0 @@ k1 :> 0),
  epoch |-> 0,
  inputs |-> 8,
  blocks |-> {},
  reproduced |-> {},
  waivers |-> {<<k0, 0>>},
  deferrals |-> {},
  stateW |-> {},
  queue |-> <<k0>>,
  done |-> {},
  eval |->
      ( k0 :> [ver |-> 0, epoch |-> 0, valid |-> FALSE, at |-> 0] @@
        k1 :> [ver |-> 0, epoch |-> 0, valid |-> FALSE, at |-> 0] ),
  receipts |-> <<>> ]
/\ x = [unused |-> TRUE]

State 12: <Next line 315, col 9 to line 317, col 38 of module PiDagMerge>
/\ f = [ kind |-> (k0 :> "judgment" @@ k1 :> "judgment"),
  truth |->
      ( k0 :> (0 :> FALSE @@ 1 :> TRUE @@ 2 :> TRUE) @@
        k1 :> (0 :> FALSE @@ 1 :> TRUE @@ 2 :> TRUE) ),
  obs |->
      ( k0 :> (0 :> {} @@ 1 :> {} @@ 2 :> {}) @@
        k1 :> (0 :> {"fail"} @@ 1 :> {} @@ 2 :> {}) ),
  genesis |-> FALSE,
  conflict |-> {},
  lease |-> "none",
  hist |->
      << [ op |-> "waiver",
           key |-> <<k0, 0>>,
           result |-> "none",
           rank |-> 3,
           accurate |-> TRUE,
           n |-> k0,
           kind |-> "judgment",
           truth |-> FALSE ],
         [ op |-> "observe",
           key |-> <<k0, 0>>,
           result |-> "fail",
           rank |-> 1,
           accurate |-> FALSE,
           n |-> k0,
           kind |-> "judgment",
           truth |-> FALSE ],
         [ op |-> "observe",
           key |-> <<k1, 0>>,
           result |-> "fail",
           rank |-> 1,
           accurate |-> FALSE,
           n |-> k1,
           kind |-> "state",
           truth |-> FALSE ],
         [ op |-> "observe",
           key |-> <<k0, 0>>,
           result |-> "fail",
           rank |-> 1,
           accurate |-> FALSE,
           n |-> k0,
           kind |-> "judgment",
           truth |-> FALSE ],
         [ op |-> "observe",
           key |-> <<k0, 0>>,
           result |-> "fail",
           rank |-> 1,
           accurate |-> FALSE,
           n |-> k0,
           kind |-> "judgment",
           truth |-> FALSE ],
         [ op |-> "observe",
           key |-> <<k0, 0>>,
           result |-> "pass",
           rank |-> 2,
           accurate |-> FALSE,
           n |-> k0,
           kind |-> "judgment",
           truth |-> FALSE ],
         [ op |-> "observe",
           key |-> <<k1, 0>>,
           result |-> "pass",
           rank |-> 2,
           accurate |-> FALSE,
           n |-> k1,
           kind |-> "judgment",
           truth |-> FALSE ],
         [ op |-> "observe",
           key |-> <<k1, 0>>,
           result |-> "pass",
           rank |-> 1,
           accurate |-> FALSE,
           n |-> k1,
           kind |-> "judgment",
           truth |-> FALSE ] >>,
  ver |-> (k0 :> 0 @@ k1 :> 0),
  nodeObs |->
      ( k0 :> (0 :> {"fail", "pass"} @@ 1 :> {} @@ 2 :> {}) @@
        k1 :> (0 :> {"pass"} @@ 1 :> {} @@ 2 :> {}) ),
  trunk |-> (k0 :> 0 @@ k1 :> 0),
  epoch |-> 0,
  inputs |-> 8,
  blocks |-> {},
  reproduced |-> {},
  waivers |-> {<<k0, 0>>},
  deferrals |-> {},
  stateW |-> {},
  queue |-> <<k0>>,
  done |-> {},
  eval |->
      ( k0 :> [ver |-> 0, epoch |-> 0, valid |-> FALSE, at |-> 0] @@
        k1 :> [ver |-> 0, epoch |-> 0, valid |-> FALSE, at |-> 0] ),
  receipts |-> <<>> ]
/\ x = [unused |-> TRUE]

State 13: <Next line 315, col 9 to line 317, col 38 of module PiDagMerge>
/\ f = [ kind |-> (k0 :> "judgment" @@ k1 :> "judgment"),
  truth |->
      ( k0 :> (0 :> FALSE @@ 1 :> TRUE @@ 2 :> TRUE) @@
        k1 :> (0 :> FALSE @@ 1 :> TRUE @@ 2 :> TRUE) ),
  obs |->
      ( k0 :> (0 :> {} @@ 1 :> {} @@ 2 :> {}) @@
        k1 :> (0 :> {"fail"} @@ 1 :> {} @@ 2 :> {}) ),
  genesis |-> FALSE,
  conflict |-> {},
  lease |-> "none",
  hist |->
      << [ op |-> "waiver",
           key |-> <<k0, 0>>,
           result |-> "none",
           rank |-> 3,
           accurate |-> TRUE,
           n |-> k0,
           kind |-> "judgment",
           truth |-> FALSE ],
         [ op |-> "observe",
           key |-> <<k0, 0>>,
           result |-> "fail",
           rank |-> 1,
           accurate |-> FALSE,
           n |-> k0,
           kind |-> "judgment",
           truth |-> FALSE ],
         [ op |-> "observe",
           key |-> <<k1, 0>>,
           result |-> "fail",
           rank |-> 1,
           accurate |-> FALSE,
           n |-> k1,
           kind |-> "state",
           truth |-> FALSE ],
         [ op |-> "observe",
           key |-> <<k0, 0>>,
           result |-> "fail",
           rank |-> 1,
           accurate |-> FALSE,
           n |-> k0,
           kind |-> "judgment",
           truth |-> FALSE ],
         [ op |-> "observe",
           key |-> <<k0, 0>>,
           result |-> "fail",
           rank |-> 1,
           accurate |-> FALSE,
           n |-> k0,
           kind |-> "judgment",
           truth |-> FALSE ],
         [ op |-> "observe",
           key |-> <<k0, 0>>,
           result |-> "pass",
           rank |-> 2,
           accurate |-> FALSE,
           n |-> k0,
           kind |-> "judgment",
           truth |-> FALSE ],
         [ op |-> "observe",
           key |-> <<k1, 0>>,
           result |-> "pass",
           rank |-> 2,
           accurate |-> FALSE,
           n |-> k1,
           kind |-> "judgment",
           truth |-> FALSE ],
         [ op |-> "observe",
           key |-> <<k1, 0>>,
           result |-> "pass",
           rank |-> 1,
           accurate |-> FALSE,
           n |-> k1,
           kind |-> "judgment",
           truth |-> FALSE ] >>,
  ver |-> (k0 :> 0 @@ k1 :> 0),
  nodeObs |->
      ( k0 :> (0 :> {"fail", "pass"} @@ 1 :> {} @@ 2 :> {}) @@
        k1 :> (0 :> {"pass"} @@ 1 :> {} @@ 2 :> {}) ),
  trunk |-> (k0 :> 0 @@ k1 :> 0),
  epoch |-> 0,
  inputs |-> 8,
  blocks |-> {},
  reproduced |-> {},
  waivers |-> {<<k0, 0>>},
  deferrals |-> {},
  stateW |-> {},
  queue |-> <<k0, k1>>,
  done |-> {},
  eval |->
      ( k0 :> [ver |-> 0, epoch |-> 0, valid |-> FALSE, at |-> 0] @@
        k1 :> [ver |-> 0, epoch |-> 0, valid |-> FALSE, at |-> 0] ),
  receipts |-> <<>> ]
/\ x = [unused |-> TRUE]

State 14: <Next line 315, col 9 to line 317, col 38 of module PiDagMerge>
/\ f = [ kind |-> (k0 :> "judgment" @@ k1 :> "judgment"),
  truth |->
      ( k0 :> (0 :> FALSE @@ 1 :> TRUE @@ 2 :> TRUE) @@
        k1 :> (0 :> FALSE @@ 1 :> TRUE @@ 2 :> TRUE) ),
  obs |->
      ( k0 :> (0 :> {} @@ 1 :> {} @@ 2 :> {}) @@
        k1 :> (0 :> {"fail"} @@ 1 :> {} @@ 2 :> {}) ),
  genesis |-> FALSE,
  conflict |-> {},
  lease |-> k0,
  hist |->
      << [ op |-> "waiver",
           key |-> <<k0, 0>>,
           result |-> "none",
           rank |-> 3,
           accurate |-> TRUE,
           n |-> k0,
           kind |-> "judgment",
           truth |-> FALSE ],
         [ op |-> "observe",
           key |-> <<k0, 0>>,
           result |-> "fail",
           rank |-> 1,
           accurate |-> FALSE,
           n |-> k0,
           kind |-> "judgment",
           truth |-> FALSE ],
         [ op |-> "observe",
           key |-> <<k1, 0>>,
           result |-> "fail",
           rank |-> 1,
           accurate |-> FALSE,
           n |-> k1,
           kind |-> "state",
           truth |-> FALSE ],
         [ op |-> "observe",
           key |-> <<k0, 0>>,
           result |-> "fail",
           rank |-> 1,
           accurate |-> FALSE,
           n |-> k0,
           kind |-> "judgment",
           truth |-> FALSE ],
         [ op |-> "observe",
           key |-> <<k0, 0>>,
           result |-> "fail",
           rank |-> 1,
           accurate |-> FALSE,
           n |-> k0,
           kind |-> "judgment",
           truth |-> FALSE ],
         [ op |-> "observe",
           key |-> <<k0, 0>>,
           result |-> "pass",
           rank |-> 2,
           accurate |-> FALSE,
           n |-> k0,
           kind |-> "judgment",
           truth |-> FALSE ],
         [ op |-> "observe",
           key |-> <<k1, 0>>,
           result |-> "pass",
           rank |-> 2,
           accurate |-> FALSE,
           n |-> k1,
           kind |-> "judgment",
           truth |-> FALSE ],
         [ op |-> "observe",
           key |-> <<k1, 0>>,
           result |-> "pass",
           rank |-> 1,
           accurate |-> FALSE,
           n |-> k1,
           kind |-> "judgment",
           truth |-> FALSE ] >>,
  ver |-> (k0 :> 0 @@ k1 :> 0),
  nodeObs |->
      ( k0 :> (0 :> {"fail", "pass"} @@ 1 :> {} @@ 2 :> {}) @@
        k1 :> (0 :> {"pass"} @@ 1 :> {} @@ 2 :> {}) ),
  trunk |-> (k0 :> 0 @@ k1 :> 0),
  epoch |-> 0,
  inputs |-> 8,
  blocks |-> {},
  reproduced |-> {},
  waivers |-> {<<k0, 0>>},
  deferrals |-> {},
  stateW |-> {},
  queue |-> <<k0, k1>>,
  done |-> {},
  eval |->
      ( k0 :> [ver |-> 0, epoch |-> 0, valid |-> FALSE, at |-> 0] @@
        k1 :> [ver |-> 0, epoch |-> 0, valid |-> FALSE, at |-> 0] ),
  receipts |-> <<>> ]
/\ x = [unused |-> TRUE]

State 15: <Next line 315, col 9 to line 317, col 38 of module PiDagMerge>
/\ f = [ kind |-> (k0 :> "judgment" @@ k1 :> "judgment"),
  truth |->
      ( k0 :> (0 :> FALSE @@ 1 :> TRUE @@ 2 :> TRUE) @@
        k1 :> (0 :> FALSE @@ 1 :> TRUE @@ 2 :> TRUE) ),
  obs |->
      ( k0 :> (0 :> {"fail"} @@ 1 :> {} @@ 2 :> {}) @@
        k1 :> (0 :> {"fail"} @@ 1 :> {} @@ 2 :> {}) ),
  genesis |-> TRUE,
  conflict |-> {},
  lease |-> k0,
  hist |->
      << [ op |-> "waiver",
           key |-> <<k0, 0>>,
           result |-> "none",
           rank |-> 3,
           accurate |-> TRUE,
           n |-> k0,
           kind |-> "judgment",
           truth |-> FALSE ],
         [ op |-> "observe",
           key |-> <<k0, 0>>,
           result |-> "fail",
           rank |-> 1,
           accurate |-> FALSE,
           n |-> k0,
           kind |-> "judgment",
           truth |-> FALSE ],
         [ op |-> "observe",
           key |-> <<k1, 0>>,
           result |-> "fail",
           rank |-> 1,
           accurate |-> FALSE,
           n |-> k1,
           kind |-> "state",
           truth |-> FALSE ],
         [ op |-> "observe",
           key |-> <<k0, 0>>,
           result |-> "fail",
           rank |-> 1,
           accurate |-> FALSE,
           n |-> k0,
           kind |-> "judgment",
           truth |-> FALSE ],
         [ op |-> "observe",
           key |-> <<k0, 0>>,
           result |-> "fail",
           rank |-> 1,
           accurate |-> FALSE,
           n |-> k0,
           kind |-> "judgment",
           truth |-> FALSE ],
         [ op |-> "observe",
           key |-> <<k0, 0>>,
           result |-> "pass",
           rank |-> 2,
           accurate |-> FALSE,
           n |-> k0,
           kind |-> "judgment",
           truth |-> FALSE ],
         [ op |-> "observe",
           key |-> <<k1, 0>>,
           result |-> "pass",
           rank |-> 2,
           accurate |-> FALSE,
           n |-> k1,
           kind |-> "judgment",
           truth |-> FALSE ],
         [ op |-> "observe",
           key |-> <<k1, 0>>,
           result |-> "pass",
           rank |-> 1,
           accurate |-> FALSE,
           n |-> k1,
           kind |-> "judgment",
           truth |-> FALSE ],
         [ op |-> "genesis",
           key |-> <<k0, 0>>,
           result |-> "none",
           rank |-> 2,
           accurate |-> TRUE,
           n |-> k0,
           kind |-> "judgment",
           truth |-> TRUE ] >>,
  ver |-> (k0 :> 0 @@ k1 :> 0),
  nodeObs |->
      ( k0 :> (0 :> {"fail", "pass"} @@ 1 :> {} @@ 2 :> {}) @@
        k1 :> (0 :> {"pass"} @@ 1 :> {} @@ 2 :> {}) ),
  trunk |-> (k0 :> 0 @@ k1 :> 0),
  epoch |-> 0,
  inputs |-> 8,
  blocks |-> {},
  reproduced |-> {},
  waivers |-> {<<k0, 0>>},
  deferrals |-> {},
  stateW |-> {},
  queue |-> <<k0, k1>>,
  done |-> {},
  eval |->
      ( k0 :> [ver |-> 0, epoch |-> 0, valid |-> FALSE, at |-> 0] @@
        k1 :> [ver |-> 0, epoch |-> 0, valid |-> FALSE, at |-> 0] ),
  receipts |-> <<>> ]
/\ x = [unused |-> TRUE]

State 16: <Next line 315, col 9 to line 317, col 38 of module PiDagMerge>
/\ f = [ kind |-> (k0 :> "judgment" @@ k1 :> "judgment"),
  truth |->
      ( k0 :> (0 :> FALSE @@ 1 :> TRUE @@ 2 :> TRUE) @@
        k1 :> (0 :> FALSE @@ 1 :> TRUE @@ 2 :> TRUE) ),
  obs |->
      ( k0 :> (0 :> {"fail"} @@ 1 :> {} @@ 2 :> {}) @@
        k1 :> (0 :> {"fail"} @@ 1 :> {} @@ 2 :> {}) ),
  genesis |-> TRUE,
  conflict |-> {},
  lease |-> k0,
  hist |->
      << [ op |-> "waiver",
           key |-> <<k0, 0>>,
           result |-> "none",
           rank |-> 3,
           accurate |-> TRUE,
           n |-> k0,
           kind |-> "judgment",
           truth |-> FALSE ],
         [ op |-> "observe",
           key |-> <<k0, 0>>,
           result |-> "fail",
           rank |-> 1,
           accurate |-> FALSE,
           n |-> k0,
           kind |-> "judgment",
           truth |-> FALSE ],
         [ op |-> "observe",
           key |-> <<k1, 0>>,
           result |-> "fail",
           rank |-> 1,
           accurate |-> FALSE,
           n |-> k1,
           kind |-> "state",
           truth |-> FALSE ],
         [ op |-> "observe",
           key |-> <<k0, 0>>,
           result |-> "fail",
           rank |-> 1,
           accurate |-> FALSE,
           n |-> k0,
           kind |-> "judgment",
           truth |-> FALSE ],
         [ op |-> "observe",
           key |-> <<k0, 0>>,
           result |-> "fail",
           rank |-> 1,
           accurate |-> FALSE,
           n |-> k0,
           kind |-> "judgment",
           truth |-> FALSE ],
         [ op |-> "observe",
           key |-> <<k0, 0>>,
           result |-> "pass",
           rank |-> 2,
           accurate |-> FALSE,
           n |-> k0,
           kind |-> "judgment",
           truth |-> FALSE ],
         [ op |-> "observe",
           key |-> <<k1, 0>>,
           result |-> "pass",
           rank |-> 2,
           accurate |-> FALSE,
           n |-> k1,
           kind |-> "judgment",
           truth |-> FALSE ],
         [ op |-> "observe",
           key |-> <<k1, 0>>,
           result |-> "pass",
           rank |-> 1,
           accurate |-> FALSE,
           n |-> k1,
           kind |-> "judgment",
           truth |-> FALSE ],
         [ op |-> "genesis",
           key |-> <<k0, 0>>,
           result |-> "none",
           rank |-> 2,
           accurate |-> TRUE,
           n |-> k0,
           kind |-> "judgment",
           truth |-> TRUE ] >>,
  ver |-> (k0 :> 0 @@ k1 :> 0),
  nodeObs |->
      ( k0 :> (0 :> {"fail", "pass"} @@ 1 :> {} @@ 2 :> {}) @@
        k1 :> (0 :> {"pass"} @@ 1 :> {} @@ 2 :> {}) ),
  trunk |-> (k0 :> 0 @@ k1 :> 0),
  epoch |-> 0,
  inputs |-> 8,
  blocks |-> {},
  reproduced |-> {},
  waivers |-> {<<k0, 0>>},
  deferrals |-> {},
  stateW |-> {},
  queue |-> <<k0, k1>>,
  done |-> {},
  eval |->
      ( k0 :> [ver |-> 0, epoch |-> 0, valid |-> TRUE, at |-> 9] @@
        k1 :> [ver |-> 0, epoch |-> 0, valid |-> FALSE, at |-> 0] ),
  receipts |-> <<>> ]
/\ x = [unused |-> TRUE]

State 17: <Next line 315, col 9 to line 317, col 38 of module PiDagMerge>
/\ f = [ kind |-> (k0 :> "judgment" @@ k1 :> "judgment"),
  truth |->
      ( k0 :> (0 :> FALSE @@ 1 :> TRUE @@ 2 :> TRUE) @@
        k1 :> (0 :> FALSE @@ 1 :> TRUE @@ 2 :> TRUE) ),
  obs |->
      ( k0 :> (0 :> {"fail"} @@ 1 :> {} @@ 2 :> {}) @@
        k1 :> (0 :> {"fail"} @@ 1 :> {} @@ 2 :> {}) ),
  genesis |-> TRUE,
  conflict |-> {},
  lease |-> "none",
  hist |->
      << [ op |-> "waiver",
           key |-> <<k0, 0>>,
           result |-> "none",
           rank |-> 3,
           accurate |-> TRUE,
           n |-> k0,
           kind |-> "judgment",
           truth |-> FALSE ],
         [ op |-> "observe",
           key |-> <<k0, 0>>,
           result |-> "fail",
           rank |-> 1,
           accurate |-> FALSE,
           n |-> k0,
           kind |-> "judgment",
           truth |-> FALSE ],
         [ op |-> "observe",
           key |-> <<k1, 0>>,
           result |-> "fail",
           rank |-> 1,
           accurate |-> FALSE,
           n |-> k1,
           kind |-> "state",
           truth |-> FALSE ],
         [ op |-> "observe",
           key |-> <<k0, 0>>,
           result |-> "fail",
           rank |-> 1,
           accurate |-> FALSE,
           n |-> k0,
           kind |-> "judgment",
           truth |-> FALSE ],
         [ op |-> "observe",
           key |-> <<k0, 0>>,
           result |-> "fail",
           rank |-> 1,
           accurate |-> FALSE,
           n |-> k0,
           kind |-> "judgment",
           truth |-> FALSE ],
         [ op |-> "observe",
           key |-> <<k0, 0>>,
           result |-> "pass",
           rank |-> 2,
           accurate |-> FALSE,
           n |-> k0,
           kind |-> "judgment",
           truth |-> FALSE ],
         [ op |-> "observe",
           key |-> <<k1, 0>>,
           result |-> "pass",
           rank |-> 2,
           accurate |-> FALSE,
           n |-> k1,
           kind |-> "judgment",
           truth |-> FALSE ],
         [ op |-> "observe",
           key |-> <<k1, 0>>,
           result |-> "pass",
           rank |-> 1,
           accurate |-> FALSE,
           n |-> k1,
           kind |-> "judgment",
           truth |-> FALSE ],
         [ op |-> "genesis",
           key |-> <<k0, 0>>,
           result |-> "none",
           rank |-> 2,
           accurate |-> TRUE,
           n |-> k0,
           kind |-> "judgment",
           truth |-> TRUE ] >>,
  ver |-> (k0 :> 0 @@ k1 :> 0),
  nodeObs |->
      ( k0 :> (0 :> {"fail", "pass"} @@ 1 :> {} @@ 2 :> {}) @@
        k1 :> (0 :> {"pass"} @@ 1 :> {} @@ 2 :> {}) ),
  trunk |-> (k0 :> 0 @@ k1 :> 0),
  epoch |-> 0,
  inputs |-> 8,
  blocks |-> {},
  reproduced |-> {},
  waivers |-> {<<k0, 0>>},
  deferrals |-> {},
  stateW |-> {},
  queue |-> <<k0, k1>>,
  done |-> {},
  eval |->
      ( k0 :> [ver |-> 0, epoch |-> 0, valid |-> TRUE, at |-> 9] @@
        k1 :> [ver |-> 0, epoch |-> 0, valid |-> FALSE, at |-> 0] ),
  receipts |-> <<>> ]
/\ x = [unused |-> TRUE]

State 18: <Next line 315, col 9 to line 317, col 38 of module PiDagMerge>
/\ f = [ kind |-> (k0 :> "judgment" @@ k1 :> "judgment"),
  truth |->
      ( k0 :> (0 :> FALSE @@ 1 :> TRUE @@ 2 :> TRUE) @@
        k1 :> (0 :> FALSE @@ 1 :> TRUE @@ 2 :> TRUE) ),
  obs |->
      ( k0 :> (0 :> {"fail"} @@ 1 :> {} @@ 2 :> {}) @@
        k1 :> (0 :> {"fail"} @@ 1 :> {} @@ 2 :> {}) ),
  genesis |-> TRUE,
  conflict |-> {},
  lease |-> "none",
  hist |->
      << [ op |-> "waiver",
           key |-> <<k0, 0>>,
           result |-> "none",
           rank |-> 3,
           accurate |-> TRUE,
           n |-> k0,
           kind |-> "judgment",
           truth |-> FALSE ],
         [ op |-> "observe",
           key |-> <<k0, 0>>,
           result |-> "fail",
           rank |-> 1,
           accurate |-> FALSE,
           n |-> k0,
           kind |-> "judgment",
           truth |-> FALSE ],
         [ op |-> "observe",
           key |-> <<k1, 0>>,
           result |-> "fail",
           rank |-> 1,
           accurate |-> FALSE,
           n |-> k1,
           kind |-> "state",
           truth |-> FALSE ],
         [ op |-> "observe",
           key |-> <<k0, 0>>,
           result |-> "fail",
           rank |-> 1,
           accurate |-> FALSE,
           n |-> k0,
           kind |-> "judgment",
           truth |-> FALSE ],
         [ op |-> "observe",
           key |-> <<k0, 0>>,
           result |-> "fail",
           rank |-> 1,
           accurate |-> FALSE,
           n |-> k0,
           kind |-> "judgment",
           truth |-> FALSE ],
         [ op |-> "observe",
           key |-> <<k0, 0>>,
           result |-> "pass",
           rank |-> 2,
           accurate |-> FALSE,
           n |-> k0,
           kind |-> "judgment",
           truth |-> FALSE ],
         [ op |-> "observe",
           key |-> <<k1, 0>>,
           result |-> "pass",
           rank |-> 2,
           accurate |-> FALSE,
           n |-> k1,
           kind |-> "judgment",
           truth |-> FALSE ],
         [ op |-> "observe",
           key |-> <<k1, 0>>,
           result |-> "pass",
           rank |-> 1,
           accurate |-> FALSE,
           n |-> k1,
           kind |-> "judgment",
           truth |-> FALSE ],
         [ op |-> "genesis",
           key |-> <<k0, 0>>,
           result |-> "none",
           rank |-> 2,
           accurate |-> TRUE,
           n |-> k0,
           kind |-> "judgment",
           truth |-> TRUE ] >>,
  ver |-> (k0 :> 0 @@ k1 :> 0),
  nodeObs |->
      ( k0 :> (0 :> {"fail", "pass"} @@ 1 :> {} @@ 2 :> {}) @@
        k1 :> (0 :> {"pass"} @@ 1 :> {} @@ 2 :> {}) ),
  trunk |-> (k0 :> 0 @@ k1 :> 0),
  epoch |-> 0,
  inputs |-> 8,
  blocks |-> {},
  reproduced |-> {},
  waivers |-> {<<k0, 0>>},
  deferrals |-> {},
  stateW |-> {},
  queue |-> <<k0, k1>>,
  done |-> {},
  eval |->
      ( k0 :> [ver |-> 0, epoch |-> 0, valid |-> TRUE, at |-> 9] @@
        k1 :> [ver |-> 0, epoch |-> 0, valid |-> TRUE, at |-> 9] ),
  receipts |-> <<>> ]
/\ x = [unused |-> TRUE]

State 19: <Next line 315, col 9 to line 317, col 38 of module PiDagMerge>
/\ f = [ kind |-> (k0 :> "judgment" @@ k1 :> "judgment"),
  truth |->
      ( k0 :> (0 :> FALSE @@ 1 :> TRUE @@ 2 :> TRUE) @@
        k1 :> (0 :> FALSE @@ 1 :> TRUE @@ 2 :> TRUE) ),
  obs |->
      ( k0 :> (0 :> {"fail"} @@ 1 :> {} @@ 2 :> {}) @@
        k1 :> (0 :> {"fail"} @@ 1 :> {} @@ 2 :> {}) ),
  genesis |-> TRUE,
  conflict |-> {},
  lease |-> "none",
  hist |->
      << [ op |-> "waiver",
           key |-> <<k0, 0>>,
           result |-> "none",
           rank |-> 3,
           accurate |-> TRUE,
           n |-> k0,
           kind |-> "judgment",
           truth |-> FALSE ],
         [ op |-> "observe",
           key |-> <<k0, 0>>,
           result |-> "fail",
           rank |-> 1,
           accurate |-> FALSE,
           n |-> k0,
           kind |-> "judgment",
           truth |-> FALSE ],
         [ op |-> "observe",
           key |-> <<k1, 0>>,
           result |-> "fail",
           rank |-> 1,
           accurate |-> FALSE,
           n |-> k1,
           kind |-> "state",
           truth |-> FALSE ],
         [ op |-> "observe",
           key |-> <<k0, 0>>,
           result |-> "fail",
           rank |-> 1,
           accurate |-> FALSE,
           n |-> k0,
           kind |-> "judgment",
           truth |-> FALSE ],
         [ op |-> "observe",
           key |-> <<k0, 0>>,
           result |-> "fail",
           rank |-> 1,
           accurate |-> FALSE,
           n |-> k0,
           kind |-> "judgment",
           truth |-> FALSE ],
         [ op |-> "observe",
           key |-> <<k0, 0>>,
           result |-> "pass",
           rank |-> 2,
           accurate |-> FALSE,
           n |-> k0,
           kind |-> "judgment",
           truth |-> FALSE ],
         [ op |-> "observe",
           key |-> <<k1, 0>>,
           result |-> "pass",
           rank |-> 2,
           accurate |-> FALSE,
           n |-> k1,
           kind |-> "judgment",
           truth |-> FALSE ],
         [ op |-> "observe",
           key |-> <<k1, 0>>,
           result |-> "pass",
           rank |-> 1,
           accurate |-> FALSE,
           n |-> k1,
           kind |-> "judgment",
           truth |-> FALSE ],
         [ op |-> "genesis",
           key |-> <<k0, 0>>,
           result |-> "none",
           rank |-> 2,
           accurate |-> TRUE,
           n |-> k0,
           kind |-> "judgment",
           truth |-> TRUE ],
         [ op |-> "commit",
           key |-> <<k0, 0>>,
           result |-> "none",
           rank |-> 0,
           accurate |-> FALSE,
           n |-> k0,
           kind |-> "judgment",
           truth |-> FALSE ] >>,
  ver |-> (k0 :> 0 @@ k1 :> 0),
  nodeObs |->
      ( k0 :> (0 :> {"fail", "pass"} @@ 1 :> {} @@ 2 :> {}) @@
        k1 :> (0 :> {"pass"} @@ 1 :> {} @@ 2 :> {}) ),
  trunk |-> (k0 :> 0 @@ k1 :> 0),
  epoch |-> 1,
  inputs |-> 8,
  blocks |-> {},
  reproduced |-> {},
  waivers |-> {<<k0, 0>>},
  deferrals |-> {},
  stateW |-> {},
  queue |-> <<k1>>,
  done |-> {k0},
  eval |->
      ( k0 :> [ver |-> 0, epoch |-> 0, valid |-> TRUE, at |-> 9] @@
        k1 :> [ver |-> 0, epoch |-> 0, valid |-> TRUE, at |-> 9] ),
  receipts |->
      << [ n |-> k0,
           key |-> <<k0, 0>>,
           truth |-> FALSE,
           prekey |-> <<k0, 0>>,
           pretruth |-> FALSE,
           at |-> 9,
           evalAt |-> 9,
           waived |-> TRUE,
           deferred |-> FALSE,
           stateW |-> FALSE,
           debt |-> TRUE,
           nodeDebt |-> FALSE,
           lease |-> "none" ] >> ]
/\ x = [unused |-> TRUE]

State 20: <Next line 315, col 9 to line 317, col 38 of module PiDagMerge>
/\ f = [ kind |-> (k0 :> "judgment" @@ k1 :> "judgment"),
  truth |->
      ( k0 :> (0 :> FALSE @@ 1 :> TRUE @@ 2 :> TRUE) @@
        k1 :> (0 :> FALSE @@ 1 :> TRUE @@ 2 :> TRUE) ),
  obs |->
      ( k0 :> (0 :> {"fail"} @@ 1 :> {} @@ 2 :> {}) @@
        k1 :> (0 :> {"fail"} @@ 1 :> {} @@ 2 :> {}) ),
  genesis |-> TRUE,
  conflict |-> {},
  lease |-> "none",
  hist |->
      << [ op |-> "waiver",
           key |-> <<k0, 0>>,
           result |-> "none",
           rank |-> 3,
           accurate |-> TRUE,
           n |-> k0,
           kind |-> "judgment",
           truth |-> FALSE ],
         [ op |-> "observe",
           key |-> <<k0, 0>>,
           result |-> "fail",
           rank |-> 1,
           accurate |-> FALSE,
           n |-> k0,
           kind |-> "judgment",
           truth |-> FALSE ],
         [ op |-> "observe",
           key |-> <<k1, 0>>,
           result |-> "fail",
           rank |-> 1,
           accurate |-> FALSE,
           n |-> k1,
           kind |-> "state",
           truth |-> FALSE ],
         [ op |-> "observe",
           key |-> <<k0, 0>>,
           result |-> "fail",
           rank |-> 1,
           accurate |-> FALSE,
           n |-> k0,
           kind |-> "judgment",
           truth |-> FALSE ],
         [ op |-> "observe",
           key |-> <<k0, 0>>,
           result |-> "fail",
           rank |-> 1,
           accurate |-> FALSE,
           n |-> k0,
           kind |-> "judgment",
           truth |-> FALSE ],
         [ op |-> "observe",
           key |-> <<k0, 0>>,
           result |-> "pass",
           rank |-> 2,
           accurate |-> FALSE,
           n |-> k0,
           kind |-> "judgment",
           truth |-> FALSE ],
         [ op |-> "observe",
           key |-> <<k1, 0>>,
           result |-> "pass",
           rank |-> 2,
           accurate |-> FALSE,
           n |-> k1,
           kind |-> "judgment",
           truth |-> FALSE ],
         [ op |-> "observe",
           key |-> <<k1, 0>>,
           result |-> "pass",
           rank |-> 1,
           accurate |-> FALSE,
           n |-> k1,
           kind |-> "judgment",
           truth |-> FALSE ],
         [ op |-> "genesis",
           key |-> <<k0, 0>>,
           result |-> "none",
           rank |-> 2,
           accurate |-> TRUE,
           n |-> k0,
           kind |-> "judgment",
           truth |-> TRUE ],
         [ op |-> "commit",
           key |-> <<k0, 0>>,
           result |-> "none",
           rank |-> 0,
           accurate |-> FALSE,
           n |-> k0,
           kind |-> "judgment",
           truth |-> FALSE ] >>,
  ver |-> (k0 :> 0 @@ k1 :> 0),
  nodeObs |->
      ( k0 :> (0 :> {"fail", "pass"} @@ 1 :> {} @@ 2 :> {}) @@
        k1 :> (0 :> {"pass"} @@ 1 :> {} @@ 2 :> {}) ),
  trunk |-> (k0 :> 0 @@ k1 :> 0),
  epoch |-> 1,
  inputs |-> 8,
  blocks |-> {},
  reproduced |-> {},
  waivers |-> {<<k0, 0>>},
  deferrals |-> {},
  stateW |-> {},
  queue |-> <<k1>>,
  done |-> {k0},
  eval |->
      ( k0 :> [ver |-> 0, epoch |-> 0, valid |-> TRUE, at |-> 9] @@
        k1 :> [ver |-> 0, epoch |-> 1, valid |-> TRUE, at |-> 10] ),
  receipts |->
      << [ key |-> <<k0, 0>>,
           n |-> k0,
           truth |-> FALSE,
           deferred |-> FALSE,
           lease |-> "none",
           stateW |-> FALSE,
           at |-> 9,
           prekey |-> <<k0, 0>>,
           pretruth |-> FALSE,
           evalAt |-> 9,
           waived |-> TRUE,
           debt |-> TRUE,
           nodeDebt |-> FALSE ] >> ]
/\ x = [unused |-> TRUE]

State 21: <Next line 315, col 9 to line 317, col 38 of module PiDagMerge>
/\ f = [ kind |-> (k0 :> "judgment" @@ k1 :> "judgment"),
  truth |->
      ( k0 :> (0 :> FALSE @@ 1 :> TRUE @@ 2 :> TRUE) @@
        k1 :> (0 :> FALSE @@ 1 :> TRUE @@ 2 :> TRUE) ),
  obs |->
      ( k0 :> (0 :> {"fail"} @@ 1 :> {} @@ 2 :> {}) @@
        k1 :> (0 :> {"fail"} @@ 1 :> {} @@ 2 :> {}) ),
  genesis |-> TRUE,
  conflict |-> {},
  lease |-> "none",
  hist |->
      << [ op |-> "waiver",
           key |-> <<k0, 0>>,
           result |-> "none",
           rank |-> 3,
           accurate |-> TRUE,
           n |-> k0,
           kind |-> "judgment",
           truth |-> FALSE ],
         [ op |-> "observe",
           key |-> <<k0, 0>>,
           result |-> "fail",
           rank |-> 1,
           accurate |-> FALSE,
           n |-> k0,
           kind |-> "judgment",
           truth |-> FALSE ],
         [ op |-> "observe",
           key |-> <<k1, 0>>,
           result |-> "fail",
           rank |-> 1,
           accurate |-> FALSE,
           n |-> k1,
           kind |-> "state",
           truth |-> FALSE ],
         [ op |-> "observe",
           key |-> <<k0, 0>>,
           result |-> "fail",
           rank |-> 1,
           accurate |-> FALSE,
           n |-> k0,
           kind |-> "judgment",
           truth |-> FALSE ],
         [ op |-> "observe",
           key |-> <<k0, 0>>,
           result |-> "fail",
           rank |-> 1,
           accurate |-> FALSE,
           n |-> k0,
           kind |-> "judgment",
           truth |-> FALSE ],
         [ op |-> "observe",
           key |-> <<k0, 0>>,
           result |-> "pass",
           rank |-> 2,
           accurate |-> FALSE,
           n |-> k0,
           kind |-> "judgment",
           truth |-> FALSE ],
         [ op |-> "observe",
           key |-> <<k1, 0>>,
           result |-> "pass",
           rank |-> 2,
           accurate |-> FALSE,
           n |-> k1,
           kind |-> "judgment",
           truth |-> FALSE ],
         [ op |-> "observe",
           key |-> <<k1, 0>>,
           result |-> "pass",
           rank |-> 1,
           accurate |-> FALSE,
           n |-> k1,
           kind |-> "judgment",
           truth |-> FALSE ],
         [ op |-> "genesis",
           key |-> <<k0, 0>>,
           result |-> "none",
           rank |-> 2,
           accurate |-> TRUE,
           n |-> k0,
           kind |-> "judgment",
           truth |-> TRUE ],
         [ op |-> "commit",
           key |-> <<k0, 0>>,
           result |-> "none",
           rank |-> 0,
           accurate |-> FALSE,
           n |-> k0,
           kind |-> "judgment",
           truth |-> FALSE ],
         [ op |-> "commit",
           n |-> k1,
           key |-> <<k1, 0>>,
           kind |-> "judgment",
           result |-> "none",
           rank |-> 0,
           accurate |-> FALSE,
           truth |-> FALSE ] >>,
  ver |-> (k0 :> 0 @@ k1 :> 0),
  nodeObs |->
      ( k0 :> (0 :> {"fail", "pass"} @@ 1 :> {} @@ 2 :> {}) @@
        k1 :> (0 :> {"pass"} @@ 1 :> {} @@ 2 :> {}) ),
  trunk |-> (k0 :> 0 @@ k1 :> 0),
  epoch |-> 2,
  inputs |-> 8,
  blocks |-> {},
  reproduced |-> {},
  waivers |-> {<<k0, 0>>},
  deferrals |-> {},
  stateW |-> {},
  queue |-> <<>>,
  done |-> {k0, k1},
  eval |->
      ( k0 :> [ver |-> 0, epoch |-> 0, valid |-> TRUE, at |-> 9] @@
        k1 :> [ver |-> 0, epoch |-> 1, valid |-> TRUE, at |-> 10] ),
  receipts |->
      << [ key |-> <<k0, 0>>,
           n |-> k0,
           truth |-> FALSE,
           deferred |-> FALSE,
           lease |-> "none",
           stateW |-> FALSE,
           at |-> 9,
           prekey |-> <<k0, 0>>,
           pretruth |-> FALSE,
           evalAt |-> 9,
           waived |-> TRUE,
           debt |-> TRUE,
           nodeDebt |-> FALSE ],
         [ n |-> k1,
           key |-> <<k1, 0>>,
           truth |-> FALSE,
           prekey |-> <<k1, 0>>,
           pretruth |-> FALSE,
           at |-> 10,
           evalAt |-> 10,
           waived |-> FALSE,
           deferred |-> FALSE,
           stateW |-> FALSE,
           debt |-> TRUE,
           nodeDebt |-> FALSE,
           lease |-> "none" ] >> ]
/\ x = [unused |-> TRUE]

The number of states generated: 576017
Simulation using seed 8161355951802614133 and aril 0
Progress: 576158 states checked, 1809 traces generated (trace length: mean=12, var(x)=64, sd=8)
Finished in 02s at (2026-10-08 22:11:09)
